// Jest Snapshot v1, https://goo.gl/fbAQLP

exports[`array (integration) should be able to shrink [2, 4, 8, 16, 32, 64] given constraints minLength:undefined 1`] = `
"[2,4,8,16,32,64]
├> []
├> [16,32,64]
|  ├> [32,64]
|  |  ├> [64]
|  |  |  ├> []
|  |  |  ├> [62]
|  |  |  |  ├> []
|  |  |  |  ├> [59]
|  |  |  |  |  ├> []
|  |  |  |  |  ├> [55]
|  |  |  |  |  |  ├> []
|  |  |  |  |  |  ├> [50]
|  |  |  |  |  |  |  ├> []
|  |  |  |  |  |  |  ├> [44]
|  |  |  |  |  |  |  |  ├> []
|  |  |  |  |  |  |  |  ├> [37]
|  |  |  |  |  |  |  |  |  ├> []
|  |  |  |  |  |  |  |  |  ├> [29]
|  |  |  |  |  |  |  |  |  |  ├> []
|  |  |  |  |  |  |  |  |  |  ├> [20]
|  |  |  |  |  |  |  |  |  |  |  ├> []
|  |  |  |  |  |  |  |  |  |  |  ├> [10]
|  |  |  |  |  |  |  |  |  |  |  |  ├> []
|  |  |  |  |  |  |  |  |  |  |  |  └> [0]
|  |  |  |  |  |  |  |  |  |  |  |     └> []
|  |  |  |  |  |  |  |  |  |  |  └> [11]
|  |  |  |  |  |  |  |  |  |  |     ├> []
|  |  |  |  |  |  |  |  |  |  |     ├> [0]
|  |  |  |  |  |  |  |  |  |  |     |  └> []
|  |  |  |  |  |  |  |  |  |  |     └> [1]
|  |  |  |  |  |  |  |  |  |  |        └> []
|  |  |  |  |  |  |  |  |  |  └> [21]
|  |  |  |  |  |  |  |  |  |     ├> []
|  |  |  |  |  |  |  |  |  |     ├> [11]
|  |  |  |  |  |  |  |  |  |     |  ├> []
|  |  |  |  |  |  |  |  |  |     |  ├> [0]
|  |  |  |  |  |  |  |  |  |     |  |  └> []
|  |  |  |  |  |  |  |  |  |     |  └> [1]
|  |  |  |  |  |  |  |  |  |     |     └> []
|  |  |  |  |  |  |  |  |  |     └> [12]
|  |  |  |  |  |  |  |  |  |        ├> []
|  |  |  |  |  |  |  |  |  |        ├> [1]
|  |  |  |  |  |  |  |  |  |        |  └> []
|  |  |  |  |  |  |  |  |  |        └> [2]
|  |  |  |  |  |  |  |  |  |           └> []
|  |  |  |  |  |  |  |  |  └> [30]
|  |  |  |  |  |  |  |  |     ├> []
|  |  |  |  |  |  |  |  |     ├> [21]
|  |  |  |  |  |  |  |  |     |  ├> []
|  |  |  |  |  |  |  |  |     |  ├> [11]
|  |  |  |  |  |  |  |  |     |  |  ├> []
|  |  |  |  |  |  |  |  |     |  |  ├> [0]
|  |  |  |  |  |  |  |  |     |  |  |  └> []
|  |  |  |  |  |  |  |  |     |  |  └> [1]
|  |  |  |  |  |  |  |  |     |  |     └> []
|  |  |  |  |  |  |  |  |     |  └> [12]
|  |  |  |  |  |  |  |  |     |     ├> []
|  |  |  |  |  |  |  |  |     |     ├> [1]
|  |  |  |  |  |  |  |  |     |     |  └> []
|  |  |  |  |  |  |  |  |     |     └> [2]
|  |  |  |  |  |  |  |  |     |        └> []
|  |  |  |  |  |  |  |  |     └> [22]
|  |  |  |  |  |  |  |  |        ├> []
|  |  |  |  |  |  |  |  |        ├> [12]
|  |  |  |  |  |  |  |  |        |  ├> []
|  |  |  |  |  |  |  |  |        |  ├> [1]
|  |  |  |  |  |  |  |  |        |  |  └> []
|  |  |  |  |  |  |  |  |        |  └> [2]
|  |  |  |  |  |  |  |  |        |     └> []
|  |  |  |  |  |  |  |  |        └> [13]
|  |  |  |  |  |  |  |  |           ├> []
|  |  |  |  |  |  |  |  |           ├> [2]
|  |  |  |  |  |  |  |  |           |  └> []
|  |  |  |  |  |  |  |  |           └> [3]
|  |  |  |  |  |  |  |  |              └> []
|  |  |  |  |  |  |  |  └> [38]
|  |  |  |  |  |  |  |     ├> []
|  |  |  |  |  |  |  |     ├> [30]
|  |  |  |  |  |  |  |     |  ├> []
|  |  |  |  |  |  |  |     |  ├> [21]
|  |  |  |  |  |  |  |     |  |  ├> []
|  |  |  |  |  |  |  |     |  |  ├> [11]
|  |  |  |  |  |  |  |     |  |  |  ├> []
|  |  |  |  |  |  |  |     |  |  |  ├> [0]
|  |  |  |  |  |  |  |     |  |  |  |  └> []
|  |  |  |  |  |  |  |     |  |  |  └> [1]
|  |  |  |  |  |  |  |     |  |  |     └> []
|  |  |  |  |  |  |  |     |  |  └> [12]
|  |  |  |  |  |  |  |     |  |     ├> []
|  |  |  |  |  |  |  |     |  |     ├> [1]
|  |  |  |  |  |  |  |     |  |     |  └> []
|  |  |  |  |  |  |  |     |  |     └> [2]
|  |  |  |  |  |  |  |     |  |        └> []
|  |  |  |  |  |  |  |     |  └> [22]
|  |  |  |  |  |  |  |     |     ├> []
|  |  |  |  |  |  |  |     |     ├> [12]
|  |  |  |  |  |  |  |     |     |  ├> []
|  |  |  |  |  |  |  |     |     |  ├> [1]
|  |  |  |  |  |  |  |     |     |  |  └> []
|  |  |  |  |  |  |  |     |     |  └> …
|  |  |  |  |  |  |  |     |     └> …
|  |  |  |  |  |  |  |     └> …
|  |  |  |  |  |  |  └> …
|  |  |  |  |  |  └> …
|  |  |  |  |  └> …
|  |  |  |  └> …
|  |  |  └> …
|  |  └> …
|  └> …
└> …"
`;

exports[`array (integration) should be able to shrink [2, 4, 8] given constraints minLength:2 1`] = `
"[2,4,8]
├> [4,8]
|  ├> [2,8]
|  |  ├> [0,8]
|  |  |  ├> [0,6]
|  |  |  |  ├> [0,3]
|  |  |  |  |  └> [0,0]
|  |  |  |  └> [0,4]
|  |  |  |     ├> [0,0]
|  |  |  |     └> [0,1]
|  |  |  └> [0,7]
|  |  |     ├> [0,4]
|  |  |     |  ├> [0,0]
|  |  |     |  └> [0,1]
|  |  |     └> [0,5]
|  |  |        ├> [0,1]
|  |  |        └> [0,2]
|  |  ├> [2,6]
|  |  |  ├> [2,3]
|  |  |  |  └> [2,0]
|  |  |  └> [2,4]
|  |  |     ├> [2,0]
|  |  |     └> [2,1]
|  |  └> [2,7]
|  |     ├> [2,4]
|  |     |  ├> [2,0]
|  |     |  └> [2,1]
|  |     └> [2,5]
|  |        ├> [2,1]
|  |        └> [2,2]
|  ├> [3,8]
|  |  ├> [0,8]
|  |  |  ├> [0,6]
|  |  |  |  ├> [0,3]
|  |  |  |  |  └> [0,0]
|  |  |  |  └> [0,4]
|  |  |  |     ├> [0,0]
|  |  |  |     └> [0,1]
|  |  |  └> [0,7]
|  |  |     ├> [0,4]
|  |  |     |  ├> [0,0]
|  |  |     |  └> [0,1]
|  |  |     └> [0,5]
|  |  |        ├> [0,1]
|  |  |        └> [0,2]
|  |  ├> [1,8]
|  |  |  ├> [1,6]
|  |  |  |  ├> [1,3]
|  |  |  |  |  └> [1,0]
|  |  |  |  └> [1,4]
|  |  |  |     ├> [1,0]
|  |  |  |     └> [1,1]
|  |  |  └> [1,7]
|  |  |     ├> [1,4]
|  |  |     |  ├> [1,0]
|  |  |     |  └> [1,1]
|  |  |     └> [1,5]
|  |  |        ├> [1,1]
|  |  |        └> [1,2]
|  |  ├> [3,6]
|  |  |  ├> [3,3]
|  |  |  |  └> [3,0]
|  |  |  └> [3,4]
|  |  |     ├> [3,0]
|  |  |     └> [3,1]
|  |  └> [3,7]
|  |     ├> [3,4]
|  |     |  ├> [3,0]
|  |     |  └> [3,1]
|  |     └> [3,5]
|  |        ├> [3,1]
|  |        └> [3,2]
|  ├> [4,6]
|  |  ├> [4,3]
|  |  |  └> [4,0]
|  |  └> [4,4]
|  |     ├> [4,0]
|  |     └> [4,1]
|  └> [4,7]
|     ├> [4,4]
|     |  ├> [4,0]
|     |  └> [4,1]
|     └> [4,5]
|        ├> [4,1]
|        └> [4,2]
├> [0,4,8]
|  ├> [4,8]
|  |  ├> [2,8]
|  |  |  ├> [0,8]
|  |  |  |  ├> [0,6]
|  |  |  |  |  ├> [0,3]
|  |  |  |  |  |  └> [0,0]
|  |  |  |  |  └> [0,4]
|  |  |  |  |     ├> [0,0]
|  |  |  |  |     └> [0,1]
|  |  |  |  └> [0,7]
|  |  |  |     ├> [0,4]
|  |  |  |     |  ├> [0,0]
|  |  |  |     |  └> [0,1]
|  |  |  |     └> [0,5]
|  |  |  |        └> …
|  |  |  └> …
|  |  └> …
|  └> …
└> …"
`;

exports[`array (integration) should be able to shrink [2, 4, 8] given constraints minLength:3 1`] = `
"[2,4,8]
├> [0,4,8]
|  ├> [0,2,8]
|  |  ├> [0,0,8]
|  |  |  ├> [0,0,6]
|  |  |  |  ├> [0,0,3]
|  |  |  |  |  └> [0,0,0]
|  |  |  |  └> [0,0,4]
|  |  |  |     ├> [0,0,0]
|  |  |  |     └> [0,0,1]
|  |  |  └> [0,0,7]
|  |  |     ├> [0,0,4]
|  |  |     |  ├> [0,0,0]
|  |  |     |  └> [0,0,1]
|  |  |     └> [0,0,5]
|  |  |        ├> [0,0,1]
|  |  |        └> [0,0,2]
|  |  ├> [0,2,6]
|  |  |  ├> [0,2,3]
|  |  |  |  └> [0,2,0]
|  |  |  └> [0,2,4]
|  |  |     ├> [0,2,0]
|  |  |     └> [0,2,1]
|  |  └> [0,2,7]
|  |     ├> [0,2,4]
|  |     |  ├> [0,2,0]
|  |     |  └> [0,2,1]
|  |     └> [0,2,5]
|  |        ├> [0,2,1]
|  |        └> [0,2,2]
|  ├> [0,3,8]
|  |  ├> [0,0,8]
|  |  |  ├> [0,0,6]
|  |  |  |  ├> [0,0,3]
|  |  |  |  |  └> [0,0,0]
|  |  |  |  └> [0,0,4]
|  |  |  |     ├> [0,0,0]
|  |  |  |     └> [0,0,1]
|  |  |  └> [0,0,7]
|  |  |     ├> [0,0,4]
|  |  |     |  ├> [0,0,0]
|  |  |     |  └> [0,0,1]
|  |  |     └> [0,0,5]
|  |  |        ├> [0,0,1]
|  |  |        └> [0,0,2]
|  |  ├> [0,1,8]
|  |  |  ├> [0,1,6]
|  |  |  |  ├> [0,1,3]
|  |  |  |  |  └> [0,1,0]
|  |  |  |  └> [0,1,4]
|  |  |  |     ├> [0,1,0]
|  |  |  |     └> [0,1,1]
|  |  |  └> [0,1,7]
|  |  |     ├> [0,1,4]
|  |  |     |  ├> [0,1,0]
|  |  |     |  └> [0,1,1]
|  |  |     └> [0,1,5]
|  |  |        ├> [0,1,1]
|  |  |        └> [0,1,2]
|  |  ├> [0,3,6]
|  |  |  ├> [0,3,3]
|  |  |  |  └> [0,3,0]
|  |  |  └> [0,3,4]
|  |  |     ├> [0,3,0]
|  |  |     └> [0,3,1]
|  |  └> [0,3,7]
|  |     ├> [0,3,4]
|  |     |  ├> [0,3,0]
|  |     |  └> [0,3,1]
|  |     └> [0,3,5]
|  |        ├> [0,3,1]
|  |        └> [0,3,2]
|  ├> [0,4,6]
|  |  ├> [0,4,3]
|  |  |  └> [0,4,0]
|  |  └> [0,4,4]
|  |     ├> [0,4,0]
|  |     └> [0,4,1]
|  └> [0,4,7]
|     ├> [0,4,4]
|     |  ├> [0,4,0]
|     |  └> [0,4,1]
|     └> [0,4,5]
|        ├> [0,4,1]
|        └> [0,4,2]
├> [1,4,8]
|  ├> [1,2,8]
|  |  ├> [1,0,8]
|  |  |  ├> [1,0,6]
|  |  |  |  ├> [1,0,3]
|  |  |  |  |  └> [1,0,0]
|  |  |  |  └> [1,0,4]
|  |  |  |     ├> [1,0,0]
|  |  |  |     └> [1,0,1]
|  |  |  └> [1,0,7]
|  |  |     ├> [1,0,4]
|  |  |     |  ├> [1,0,0]
|  |  |     |  └> [1,0,1]
|  |  |     └> [1,0,5]
|  |  |        ├> [1,0,1]
|  |  |        └> …
|  |  └> …
|  └> …
└> …"
`;

exports[`array (integration) should be able to shrink [2, 4, 8] given constraints minLength:undefined 1`] = `
"[2,4,8]
├> []
├> [4,8]
|  ├> [8]
|  |  ├> []
|  |  ├> [6]
|  |  |  ├> []
|  |  |  ├> [3]
|  |  |  |  ├> []
|  |  |  |  └> [0]
|  |  |  |     └> []
|  |  |  └> [4]
|  |  |     ├> []
|  |  |     ├> [0]
|  |  |     |  └> []
|  |  |     └> [1]
|  |  |        └> []
|  |  └> [7]
|  |     ├> []
|  |     ├> [4]
|  |     |  ├> []
|  |     |  ├> [0]
|  |     |  |  └> []
|  |     |  └> [1]
|  |     |     └> []
|  |     └> [5]
|  |        ├> []
|  |        ├> [1]
|  |        |  └> []
|  |        └> [2]
|  |           └> []
|  ├> [2,8]
|  |  ├> [8]
|  |  |  ├> []
|  |  |  ├> [6]
|  |  |  |  ├> []
|  |  |  |  ├> [3]
|  |  |  |  |  ├> []
|  |  |  |  |  └> [0]
|  |  |  |  |     └> []
|  |  |  |  └> [4]
|  |  |  |     ├> []
|  |  |  |     ├> [0]
|  |  |  |     |  └> []
|  |  |  |     └> [1]
|  |  |  |        └> []
|  |  |  └> [7]
|  |  |     ├> []
|  |  |     ├> [4]
|  |  |     |  ├> []
|  |  |     |  ├> [0]
|  |  |     |  |  └> []
|  |  |     |  └> [1]
|  |  |     |     └> []
|  |  |     └> [5]
|  |  |        ├> []
|  |  |        ├> [1]
|  |  |        |  └> []
|  |  |        └> [2]
|  |  |           └> []
|  |  ├> [0,8]
|  |  |  ├> [8]
|  |  |  |  ├> []
|  |  |  |  ├> [6]
|  |  |  |  |  ├> []
|  |  |  |  |  ├> [3]
|  |  |  |  |  |  ├> []
|  |  |  |  |  |  └> [0]
|  |  |  |  |  |     └> []
|  |  |  |  |  └> [4]
|  |  |  |  |     ├> []
|  |  |  |  |     ├> [0]
|  |  |  |  |     |  └> []
|  |  |  |  |     └> [1]
|  |  |  |  |        └> []
|  |  |  |  └> [7]
|  |  |  |     ├> []
|  |  |  |     ├> [4]
|  |  |  |     |  ├> []
|  |  |  |     |  ├> [0]
|  |  |  |     |  |  └> []
|  |  |  |     |  └> [1]
|  |  |  |     |     └> []
|  |  |  |     └> [5]
|  |  |  |        ├> []
|  |  |  |        ├> [1]
|  |  |  |        |  └> []
|  |  |  |        └> [2]
|  |  |  |           └> []
|  |  |  ├> [0]
|  |  |  |  └> []
|  |  |  ├> [0,6]
|  |  |  |  ├> [6]
|  |  |  |  |  ├> []
|  |  |  |  |  ├> [3]
|  |  |  |  |  |  ├> []
|  |  |  |  |  |  └> [0]
|  |  |  |  |  |     └> []
|  |  |  |  |  └> [4]
|  |  |  |  |     ├> []
|  |  |  |  |     └> …
|  |  |  |  └> …
|  |  |  └> …
|  |  └> …
|  └> …
└> …"
`;
