// Vitest Snapshot v1, https://vitest.dev/guide/snapshot.html

exports[`base64String (integration) > should be able to shrink '0123AB==' 1`] = `
""0123AB=="
├> ""
├> "3AB="
|  ├> "AB=="
|  |  ├> ""
|  |  |  ├> ""
|  |  |  └> ""
|  |  |     └> ""
|  |  ├> ""
|  |  |  └> ""
|  |  └> "AA=="
|  |     ├> ""
|  |     |  └> ""
|  |     └> ""
|  |        └> ""
|  ├> "AAB="
|  |  ├> "AB=="
|  |  |  ├> ""
|  |  |  |  ├> ""
|  |  |  |  └> ""
|  |  |  |     └> ""
|  |  |  ├> ""
|  |  |  |  └> ""
|  |  |  └> "AA=="
|  |  |     ├> ""
|  |  |     |  └> ""
|  |  |     └> ""
|  |  |        └> ""
|  |  ├> ""
|  |  |  └> ""
|  |  ├> "AB=="
|  |  |  ├> ""
|  |  |  |  ├> ""
|  |  |  |  └> ""
|  |  |  |     └> ""
|  |  |  ├> ""
|  |  |  |  └> ""
|  |  |  └> "AA=="
|  |  |     ├> ""
|  |  |     |  └> ""
|  |  |     └> ""
|  |  |        └> ""
|  |  ├> "AA=="
|  |  |  ├> ""
|  |  |  |  └> ""
|  |  |  └> ""
|  |  |     └> ""
|  |  └> "AAA="
|  |     ├> "AA=="
|  |     |  ├> ""
|  |     |  |  └> ""
|  |     |  └> ""
|  |     |     └> ""
|  |     ├> ""
|  |     |  └> ""
|  |     ├> "AA=="
|  |     |  ├> ""
|  |     |  |  └> ""
|  |     |  └> ""
|  |     |     └> ""
|  |     └> "AA=="
|  |        ├> ""
|  |        |  └> ""
|  |        └> ""
|  |           └> ""
|  ├> "cAB="
|  |  ├> "AB=="
|  |  |  ├> ""
|  |  |  |  ├> ""
|  |  |  |  └> ""
|  |  |  |     └> ""
|  |  |  ├> ""
|  |  |  |  └> ""
|  |  |  └> "AA=="
|  |  |     ├> ""
|  |  |     |  └> ""
|  |  |     └> ""
|  |  |        └> ""
|  |  ├> "OAB="
|  |  |  ├> "AB=="
|  |  |  |  ├> ""
|  |  |  |  |  ├> ""
|  |  |  |  |  └> ""
|  |  |  |  |     └> ""
|  |  |  |  ├> ""
|  |  |  |  |  └> ""
|  |  |  |  └> "AA=="
|  |  |  |     ├> ""
|  |  |  |     |  └> ""
|  |  |  |     └> ""
|  |  |  |        └> ""
|  |  |  ├> "HAB="
|  |  |  |  ├> "AB=="
|  |  |  |  |  ├> ""
|  |  |  |  |  |  ├> ""
|  |  |  |  |  |  └> ""
|  |  |  |  |  |     └> ""
|  |  |  |  |  ├> ""
|  |  |  |  |  |  └> ""
|  |  |  |  |  └> "AA=="
|  |  |  |  |     └> …
|  |  |  |  └> …
|  |  |  └> …
|  |  └> …
|  └> …
└> …"
`;

exports[`base64String (integration) > should be able to shrink '01230123012301230123AB==' 1`] = `
""01230123012301230123AB=="
├> ""
├> "301230123AB="
|  ├> "0123AB=="
|  |  ├> "3AB="
|  |  |  ├> "AB=="
|  |  |  |  ├> ""
|  |  |  |  |  ├> ""
|  |  |  |  |  └> ""
|  |  |  |  |     └> ""
|  |  |  |  ├> ""
|  |  |  |  |  └> ""
|  |  |  |  └> "AA=="
|  |  |  |     ├> ""
|  |  |  |     |  └> ""
|  |  |  |     └> ""
|  |  |  |        └> ""
|  |  |  ├> "AAB="
|  |  |  |  ├> "AB=="
|  |  |  |  |  ├> ""
|  |  |  |  |  |  ├> ""
|  |  |  |  |  |  └> ""
|  |  |  |  |  |     └> ""
|  |  |  |  |  ├> ""
|  |  |  |  |  |  └> ""
|  |  |  |  |  └> "AA=="
|  |  |  |  |     ├> ""
|  |  |  |  |     |  └> ""
|  |  |  |  |     └> ""
|  |  |  |  |        └> ""
|  |  |  |  ├> ""
|  |  |  |  |  └> ""
|  |  |  |  ├> "AB=="
|  |  |  |  |  ├> ""
|  |  |  |  |  |  ├> ""
|  |  |  |  |  |  └> ""
|  |  |  |  |  |     └> ""
|  |  |  |  |  ├> ""
|  |  |  |  |  |  └> ""
|  |  |  |  |  └> "AA=="
|  |  |  |  |     ├> ""
|  |  |  |  |     |  └> ""
|  |  |  |  |     └> ""
|  |  |  |  |        └> ""
|  |  |  |  ├> "AA=="
|  |  |  |  |  ├> ""
|  |  |  |  |  |  └> ""
|  |  |  |  |  └> ""
|  |  |  |  |     └> ""
|  |  |  |  └> "AAA="
|  |  |  |     ├> "AA=="
|  |  |  |     |  ├> ""
|  |  |  |     |  |  └> ""
|  |  |  |     |  └> ""
|  |  |  |     |     └> ""
|  |  |  |     ├> ""
|  |  |  |     |  └> ""
|  |  |  |     ├> "AA=="
|  |  |  |     |  ├> ""
|  |  |  |     |  |  └> ""
|  |  |  |     |  └> ""
|  |  |  |     |     └> ""
|  |  |  |     └> "AA=="
|  |  |  |        ├> ""
|  |  |  |        |  └> ""
|  |  |  |        └> ""
|  |  |  |           └> ""
|  |  |  ├> "cAB="
|  |  |  |  ├> "AB=="
|  |  |  |  |  ├> ""
|  |  |  |  |  |  ├> ""
|  |  |  |  |  |  └> ""
|  |  |  |  |  |     └> ""
|  |  |  |  |  ├> ""
|  |  |  |  |  |  └> ""
|  |  |  |  |  └> "AA=="
|  |  |  |  |     ├> ""
|  |  |  |  |     |  └> ""
|  |  |  |  |     └> ""
|  |  |  |  |        └> ""
|  |  |  |  ├> "OAB="
|  |  |  |  |  ├> "AB=="
|  |  |  |  |  |  ├> ""
|  |  |  |  |  |  |  ├> ""
|  |  |  |  |  |  |  └> ""
|  |  |  |  |  |  |     └> ""
|  |  |  |  |  |  ├> ""
|  |  |  |  |  |  |  └> ""
|  |  |  |  |  |  └> "AA=="
|  |  |  |  |  |     ├> ""
|  |  |  |  |  |     |  └> ""
|  |  |  |  |  |     └> ""
|  |  |  |  |  |        └> ""
|  |  |  |  |  ├> "HAB="
|  |  |  |  |  |  ├> "AB=="
|  |  |  |  |  |  |  ├> ""
|  |  |  |  |  |  |  |  ├> ""
|  |  |  |  |  |  |  |  └> ""
|  |  |  |  |  |  |  |     └> ""
|  |  |  |  |  |  |  ├> ""
|  |  |  |  |  |  |  |  └> …
|  |  |  |  |  |  |  └> …
|  |  |  |  |  |  └> …
|  |  |  |  |  └> …
|  |  |  |  └> …
|  |  |  └> …
|  |  └> …
|  └> …
└> …"
`;

exports[`base64String (integration) > should be able to shrink 'ABCD' 1`] = `
""ABCD"
├> ""
├> "CD=="
|  ├> ""
|  |  ├> ""
|  |  ├> ""
|  |  |  └> ""
|  |  └> ""
|  |     ├> ""
|  |     └> ""
|  |        ├> ""
|  |        └> ""
|  |           └> ""
|  ├> "AD=="
|  |  ├> ""
|  |  |  ├> ""
|  |  |  ├> ""
|  |  |  |  └> ""
|  |  |  └> ""
|  |  |     ├> ""
|  |  |     └> ""
|  |  |        ├> ""
|  |  |        └> ""
|  |  |           └> ""
|  |  ├> ""
|  |  |  └> ""
|  |  ├> "AA=="
|  |  |  ├> ""
|  |  |  |  └> ""
|  |  |  └> ""
|  |  |     └> ""
|  |  └> "AC=="
|  |     ├> ""
|  |     |  ├> ""
|  |     |  └> ""
|  |     |     ├> ""
|  |     |     └> ""
|  |     |        └> ""
|  |     ├> ""
|  |     |  └> ""
|  |     └> "AB=="
|  |        ├> ""
|  |        |  ├> ""
|  |        |  └> ""
|  |        |     └> ""
|  |        ├> ""
|  |        |  └> ""
|  |        └> "AA=="
|  |           ├> ""
|  |           |  └> ""
|  |           └> ""
|  |              └> ""
|  ├> "BD=="
|  |  ├> ""
|  |  |  ├> ""
|  |  |  ├> ""
|  |  |  |  └> ""
|  |  |  └> ""
|  |  |     ├> ""
|  |  |     └> ""
|  |  |        ├> ""
|  |  |        └> ""
|  |  |           └> ""
|  |  ├> "AD=="
|  |  |  ├> ""
|  |  |  |  ├> ""
|  |  |  |  ├> ""
|  |  |  |  |  └> ""
|  |  |  |  └> ""
|  |  |  |     ├> ""
|  |  |  |     └> ""
|  |  |  |        ├> ""
|  |  |  |        └> ""
|  |  |  |           └> ""
|  |  |  ├> ""
|  |  |  |  └> ""
|  |  |  ├> "AA=="
|  |  |  |  ├> ""
|  |  |  |  |  └> ""
|  |  |  |  └> ""
|  |  |  |     └> ""
|  |  |  └> "AC=="
|  |  |     ├> ""
|  |  |     |  ├> ""
|  |  |     |  └> ""
|  |  |     |     ├> ""
|  |  |     |     └> ""
|  |  |     |        └> ""
|  |  |     ├> ""
|  |  |     |  └> ""
|  |  |     └> "AB=="
|  |  |        ├> ""
|  |  |        |  ├> ""
|  |  |        |  └> ""
|  |  |        |     └> ""
|  |  |        ├> ""
|  |  |        |  └> ""
|  |  |        └> "AA=="
|  |  |           ├> ""
|  |  |           |  └> ""
|  |  |           └> …
|  |  └> …
|  └> …
└> …"
`;

exports[`base64String (integration) > should be able to shrink 'ABCDABCDABCDABCDABCDABCDABCDABCDABCDA…' 1`] = `
""ABCDABCDABCDABCDABCDABCDABCDABCDABCDABCDABCDABCDABCDABCDABCDABCDABCDABCDABCDABCDABCDABCDABCDABCDABCDABCDABCDABCDABCDABCDABCDABCDABCDABCDABCDABCDABCDABCDABCDABCDABCDABCDABCDABCDABCDABCDABCDABCDABCDABCD"
├> ""
├> "ABCDABCDABCDABCDABCDABCDABCDABCDABCDABCDABCDABCDABCDABCDABCDABCDABCDABCDABCDABCDABCDABCDABCDABCDABCD"
|  ├> "CDABCDABCDABCDABCDABCDABCDABCDABCDABCDABCDABCDABCD=="
|  |  ├> "ABCDABCDABCDABCDABCDABCD"
|  |  |  ├> "ABCDABCDABCD"
|  |  |  |  ├> "BCDABCD="
|  |  |  |  |  ├> "ABCD"
|  |  |  |  |  |  ├> "CD=="
|  |  |  |  |  |  |  ├> ""
|  |  |  |  |  |  |  |  ├> ""
|  |  |  |  |  |  |  |  ├> ""
|  |  |  |  |  |  |  |  |  └> ""
|  |  |  |  |  |  |  |  └> ""
|  |  |  |  |  |  |  |     ├> ""
|  |  |  |  |  |  |  |     └> ""
|  |  |  |  |  |  |  |        ├> ""
|  |  |  |  |  |  |  |        └> ""
|  |  |  |  |  |  |  |           └> ""
|  |  |  |  |  |  |  ├> "AD=="
|  |  |  |  |  |  |  |  ├> ""
|  |  |  |  |  |  |  |  |  ├> ""
|  |  |  |  |  |  |  |  |  ├> ""
|  |  |  |  |  |  |  |  |  |  └> ""
|  |  |  |  |  |  |  |  |  └> ""
|  |  |  |  |  |  |  |  |     ├> ""
|  |  |  |  |  |  |  |  |     └> ""
|  |  |  |  |  |  |  |  |        ├> ""
|  |  |  |  |  |  |  |  |        └> ""
|  |  |  |  |  |  |  |  |           └> ""
|  |  |  |  |  |  |  |  ├> ""
|  |  |  |  |  |  |  |  |  └> ""
|  |  |  |  |  |  |  |  ├> "AA=="
|  |  |  |  |  |  |  |  |  ├> ""
|  |  |  |  |  |  |  |  |  |  └> ""
|  |  |  |  |  |  |  |  |  └> ""
|  |  |  |  |  |  |  |  |     └> ""
|  |  |  |  |  |  |  |  └> "AC=="
|  |  |  |  |  |  |  |     ├> ""
|  |  |  |  |  |  |  |     |  ├> ""
|  |  |  |  |  |  |  |     |  └> ""
|  |  |  |  |  |  |  |     |     ├> ""
|  |  |  |  |  |  |  |     |     └> ""
|  |  |  |  |  |  |  |     |        └> ""
|  |  |  |  |  |  |  |     ├> ""
|  |  |  |  |  |  |  |     |  └> ""
|  |  |  |  |  |  |  |     └> "AB=="
|  |  |  |  |  |  |  |        ├> ""
|  |  |  |  |  |  |  |        |  ├> ""
|  |  |  |  |  |  |  |        |  └> ""
|  |  |  |  |  |  |  |        |     └> ""
|  |  |  |  |  |  |  |        ├> ""
|  |  |  |  |  |  |  |        |  └> ""
|  |  |  |  |  |  |  |        └> "AA=="
|  |  |  |  |  |  |  |           ├> ""
|  |  |  |  |  |  |  |           |  └> ""
|  |  |  |  |  |  |  |           └> ""
|  |  |  |  |  |  |  |              └> ""
|  |  |  |  |  |  |  ├> "BD=="
|  |  |  |  |  |  |  |  ├> ""
|  |  |  |  |  |  |  |  |  ├> ""
|  |  |  |  |  |  |  |  |  ├> ""
|  |  |  |  |  |  |  |  |  |  └> ""
|  |  |  |  |  |  |  |  |  └> ""
|  |  |  |  |  |  |  |  |     ├> ""
|  |  |  |  |  |  |  |  |     └> ""
|  |  |  |  |  |  |  |  |        ├> ""
|  |  |  |  |  |  |  |  |        └> ""
|  |  |  |  |  |  |  |  |           └> ""
|  |  |  |  |  |  |  |  ├> "AD=="
|  |  |  |  |  |  |  |  |  ├> ""
|  |  |  |  |  |  |  |  |  |  ├> ""
|  |  |  |  |  |  |  |  |  |  ├> ""
|  |  |  |  |  |  |  |  |  |  |  └> ""
|  |  |  |  |  |  |  |  |  |  └> ""
|  |  |  |  |  |  |  |  |  |     ├> ""
|  |  |  |  |  |  |  |  |  |     └> ""
|  |  |  |  |  |  |  |  |  |        ├> ""
|  |  |  |  |  |  |  |  |  |        └> ""
|  |  |  |  |  |  |  |  |  |           └> ""
|  |  |  |  |  |  |  |  |  ├> ""
|  |  |  |  |  |  |  |  |  |  └> ""
|  |  |  |  |  |  |  |  |  ├> "AA=="
|  |  |  |  |  |  |  |  |  |  ├> ""
|  |  |  |  |  |  |  |  |  |  |  └> ""
|  |  |  |  |  |  |  |  |  |  └> ""
|  |  |  |  |  |  |  |  |  |     └> ""
|  |  |  |  |  |  |  |  |  └> "AC=="
|  |  |  |  |  |  |  |  |     ├> ""
|  |  |  |  |  |  |  |  |     |  ├> ""
|  |  |  |  |  |  |  |  |     |  └> ""
|  |  |  |  |  |  |  |  |     |     ├> ""
|  |  |  |  |  |  |  |  |     |     └> ""
|  |  |  |  |  |  |  |  |     |        └> ""
|  |  |  |  |  |  |  |  |     ├> ""
|  |  |  |  |  |  |  |  |     |  └> ""
|  |  |  |  |  |  |  |  |     └> "AB=="
|  |  |  |  |  |  |  |  |        ├> ""
|  |  |  |  |  |  |  |  |        |  ├> ""
|  |  |  |  |  |  |  |  |        |  └> ""
|  |  |  |  |  |  |  |  |        |     └> …
|  |  |  |  |  |  |  |  |        └> …
|  |  |  |  |  |  |  |  └> …
|  |  |  |  |  |  |  └> …
|  |  |  |  |  |  └> …
|  |  |  |  |  └> …
|  |  |  |  └> …
|  |  |  └> …
|  |  └> …
|  └> …
└> …"
`;
