// Jest Snapshot v1, https://goo.gl/fbAQLP

exports[`emailAddress (integration) should be able to shrink me@domain.com 1`] = `
""me@domain.com"
├> "e@domain.com"
|  ├> "a@domain.com"
|  |  ├> "a@aomain.com"
|  |  |  ├> "a@a.com"
|  |  |  |  ├> "a@a.om"
|  |  |  |  |  ├> "a@a.am"
|  |  |  |  |  |  ├> "a@a.aa"
|  |  |  |  |  |  ├> "a@a.ag"
|  |  |  |  |  |  |  ├> "a@a.ad"
|  |  |  |  |  |  |  |  └> "a@a.ac"
|  |  |  |  |  |  |  |     └> "a@a.ab"
|  |  |  |  |  |  |  |        └> "a@a.aa"
|  |  |  |  |  |  |  └> "a@a.af"
|  |  |  |  |  |  |     └> "a@a.ae"
|  |  |  |  |  |  |        └> "a@a.ad"
|  |  |  |  |  |  |           ├> "a@a.aa"
|  |  |  |  |  |  |           └> "a@a.ac"
|  |  |  |  |  |  |              └> "a@a.ab"
|  |  |  |  |  |  |                 └> "a@a.aa"
|  |  |  |  |  |  ├> "a@a.aj"
|  |  |  |  |  |  |  └> "a@a.ai"
|  |  |  |  |  |  |     └> "a@a.ah"
|  |  |  |  |  |  |        └> "a@a.ag"
|  |  |  |  |  |  |           ├> "a@a.aa"
|  |  |  |  |  |  |           ├> "a@a.ad"
|  |  |  |  |  |  |           |  └> "a@a.ac"
|  |  |  |  |  |  |           |     └> "a@a.ab"
|  |  |  |  |  |  |           |        └> "a@a.aa"
|  |  |  |  |  |  |           └> "a@a.af"
|  |  |  |  |  |  |              └> "a@a.ae"
|  |  |  |  |  |  |                 └> "a@a.ad"
|  |  |  |  |  |  |                    ├> "a@a.aa"
|  |  |  |  |  |  |                    └> "a@a.ac"
|  |  |  |  |  |  |                       └> "a@a.ab"
|  |  |  |  |  |  |                          └> "a@a.aa"
|  |  |  |  |  |  └> "a@a.al"
|  |  |  |  |  |     └> "a@a.ak"
|  |  |  |  |  |        └> "a@a.aj"
|  |  |  |  |  |           ├> "a@a.aa"
|  |  |  |  |  |           ├> "a@a.af"
|  |  |  |  |  |           |  ├> "a@a.ad"
|  |  |  |  |  |           |  |  └> "a@a.ac"
|  |  |  |  |  |           |  |     └> "a@a.ab"
|  |  |  |  |  |           |  |        └> "a@a.aa"
|  |  |  |  |  |           |  └> "a@a.ae"
|  |  |  |  |  |           |     └> "a@a.ad"
|  |  |  |  |  |           |        ├> "a@a.aa"
|  |  |  |  |  |           |        └> "a@a.ac"
|  |  |  |  |  |           |           └> "a@a.ab"
|  |  |  |  |  |           |              └> "a@a.aa"
|  |  |  |  |  |           ├> "a@a.ah"
|  |  |  |  |  |           |  └> "a@a.ag"
|  |  |  |  |  |           |     └> "a@a.af"
|  |  |  |  |  |           |        ├> "a@a.aa"
|  |  |  |  |  |           |        ├> "a@a.ad"
|  |  |  |  |  |           |        |  └> "a@a.ac"
|  |  |  |  |  |           |        |     └> "a@a.ab"
|  |  |  |  |  |           |        |        └> "a@a.aa"
|  |  |  |  |  |           |        └> "a@a.ae"
|  |  |  |  |  |           |           └> "a@a.ad"
|  |  |  |  |  |           |              ├> "a@a.aa"
|  |  |  |  |  |           |              └> "a@a.ac"
|  |  |  |  |  |           |                 └> "a@a.ab"
|  |  |  |  |  |           |                    └> "a@a.aa"
|  |  |  |  |  |           └> "a@a.ai"
|  |  |  |  |  |              └> "a@a.ah"
|  |  |  |  |  |                 ├> "a@a.aa"
|  |  |  |  |  |                 ├> "a@a.ae"
|  |  |  |  |  |                 |  ├> "a@a.ac"
|  |  |  |  |  |                 |  |  └> "a@a.ab"
|  |  |  |  |  |                 |  |     └> "a@a.aa"
|  |  |  |  |  |                 |  └> "a@a.ad"
|  |  |  |  |  |                 |     └> "a@a.ac"
|  |  |  |  |  |                 |        ├> "a@a.aa"
|  |  |  |  |  |                 |        └> "a@a.ab"
|  |  |  |  |  |                 |           └> "a@a.aa"
|  |  |  |  |  |                 └> "a@a.ag"
|  |  |  |  |  |                    └> "a@a.af"
|  |  |  |  |  |                       └> "a@a.ae"
|  |  |  |  |  |                          ├> "a@a.aa"
|  |  |  |  |  |                          ├> "a@a.ac"
|  |  |  |  |  |                          |  └> "a@a.ab"
|  |  |  |  |  |                          |     └> "a@a.aa"
|  |  |  |  |  |                          └> "a@a.ad"
|  |  |  |  |  |                             └> "a@a.ac"
|  |  |  |  |  |                                ├> "a@a.aa"
|  |  |  |  |  |                                └> "a@a.ab"
|  |  |  |  |  |                                   └> "a@a.aa"
|  |  |  |  |  ├> "a@a.hm"
|  |  |  |  |  |  ├> "a@a.em"
|  |  |  |  |  |  |  ├> "a@a.cm"
|  |  |  |  |  |  |  |  ├> "a@a.bm"
|  |  |  |  |  |  |  |  |  ├> "a@a.am"
|  |  |  |  |  |  |  |  |  |  ├> "a@a.aa"
|  |  |  |  |  |  |  |  |  |  ├> "a@a.ag"
|  |  |  |  |  |  |  |  |  |  |  ├> "a@a.ad"
|  |  |  |  |  |  |  |  |  |  |  |  └> "a@a.ac"
|  |  |  |  |  |  |  |  |  |  |  |     └> "a@a.ab"
|  |  |  |  |  |  |  |  |  |  |  |        └> "a@a.aa"
|  |  |  |  |  |  |  |  |  |  |  └> …
|  |  |  |  |  |  |  |  |  |  └> …
|  |  |  |  |  |  |  |  |  └> …
|  |  |  |  |  |  |  |  └> …
|  |  |  |  |  |  |  └> …
|  |  |  |  |  |  └> …
|  |  |  |  |  └> …
|  |  |  |  └> …
|  |  |  └> …
|  |  └> …
|  └> …
└> …"
`;
