// Jest Snapshot v1, https://goo.gl/fbAQLP

exports[`ipV4Extended (integration) should be able to shrink 010.0x8.4.04 1`] = `
""010.0x8.4.04"
├> "8.0x8.4.04"
|  ├> "0.0x8.4.04"
|  |  ├> "0.8.4.04"
|  |  |  ├> "0.0.4.04"
|  |  |  |  ├> "0.0.0.04"
|  |  |  |  |  ├> "0.0.0.4"
|  |  |  |  |  |  ├> "0.0.0.0"
|  |  |  |  |  |  ├> "0.0.0.2"
|  |  |  |  |  |  |  └> "0.0.0.1"
|  |  |  |  |  |  |     └> "0.0.0.0"
|  |  |  |  |  |  └> "0.0.0.3"
|  |  |  |  |  |     └> "0.0.0.2"
|  |  |  |  |  |        ├> "0.0.0.0"
|  |  |  |  |  |        └> "0.0.0.1"
|  |  |  |  |  |           └> "0.0.0.0"
|  |  |  |  |  ├> "0.0.0.00"
|  |  |  |  |  |  └> "0.0.0.0"
|  |  |  |  |  ├> "0.0.0.02"
|  |  |  |  |  |  ├> "0.0.0.2"
|  |  |  |  |  |  |  └> "0.0.0.1"
|  |  |  |  |  |  |     └> "0.0.0.0"
|  |  |  |  |  |  └> "0.0.0.01"
|  |  |  |  |  |     ├> "0.0.0.1"
|  |  |  |  |  |     |  └> "0.0.0.0"
|  |  |  |  |  |     └> "0.0.0.00"
|  |  |  |  |  |        └> "0.0.0.0"
|  |  |  |  |  └> "0.0.0.03"
|  |  |  |  |     ├> "0.0.0.3"
|  |  |  |  |     |  └> "0.0.0.2"
|  |  |  |  |     |     ├> "0.0.0.0"
|  |  |  |  |     |     └> "0.0.0.1"
|  |  |  |  |     |        └> "0.0.0.0"
|  |  |  |  |     └> "0.0.0.02"
|  |  |  |  |        ├> "0.0.0.2"
|  |  |  |  |        |  ├> "0.0.0.0"
|  |  |  |  |        |  └> "0.0.0.1"
|  |  |  |  |        |     └> "0.0.0.0"
|  |  |  |  |        ├> "0.0.0.00"
|  |  |  |  |        |  └> "0.0.0.0"
|  |  |  |  |        └> "0.0.0.01"
|  |  |  |  |           ├> "0.0.0.1"
|  |  |  |  |           |  └> "0.0.0.0"
|  |  |  |  |           └> "0.0.0.00"
|  |  |  |  |              └> "0.0.0.0"
|  |  |  |  ├> "0.0.2.04"
|  |  |  |  |  ├> "0.0.1.04"
|  |  |  |  |  |  ├> "0.0.0.04"
|  |  |  |  |  |  |  ├> "0.0.0.4"
|  |  |  |  |  |  |  |  ├> "0.0.0.0"
|  |  |  |  |  |  |  |  ├> "0.0.0.2"
|  |  |  |  |  |  |  |  |  └> "0.0.0.1"
|  |  |  |  |  |  |  |  |     └> "0.0.0.0"
|  |  |  |  |  |  |  |  └> "0.0.0.3"
|  |  |  |  |  |  |  |     └> "0.0.0.2"
|  |  |  |  |  |  |  |        ├> "0.0.0.0"
|  |  |  |  |  |  |  |        └> "0.0.0.1"
|  |  |  |  |  |  |  |           └> "0.0.0.0"
|  |  |  |  |  |  |  ├> "0.0.0.00"
|  |  |  |  |  |  |  |  └> "0.0.0.0"
|  |  |  |  |  |  |  ├> "0.0.0.02"
|  |  |  |  |  |  |  |  ├> "0.0.0.2"
|  |  |  |  |  |  |  |  |  └> "0.0.0.1"
|  |  |  |  |  |  |  |  |     └> "0.0.0.0"
|  |  |  |  |  |  |  |  └> "0.0.0.01"
|  |  |  |  |  |  |  |     ├> "0.0.0.1"
|  |  |  |  |  |  |  |     |  └> "0.0.0.0"
|  |  |  |  |  |  |  |     └> "0.0.0.00"
|  |  |  |  |  |  |  |        └> "0.0.0.0"
|  |  |  |  |  |  |  └> "0.0.0.03"
|  |  |  |  |  |  |     ├> "0.0.0.3"
|  |  |  |  |  |  |     |  └> "0.0.0.2"
|  |  |  |  |  |  |     |     ├> "0.0.0.0"
|  |  |  |  |  |  |     |     └> "0.0.0.1"
|  |  |  |  |  |  |     |        └> "0.0.0.0"
|  |  |  |  |  |  |     └> "0.0.0.02"
|  |  |  |  |  |  |        ├> "0.0.0.2"
|  |  |  |  |  |  |        |  ├> "0.0.0.0"
|  |  |  |  |  |  |        |  └> "0.0.0.1"
|  |  |  |  |  |  |        |     └> "0.0.0.0"
|  |  |  |  |  |  |        ├> "0.0.0.00"
|  |  |  |  |  |  |        |  └> "0.0.0.0"
|  |  |  |  |  |  |        └> "0.0.0.01"
|  |  |  |  |  |  |           ├> "0.0.0.1"
|  |  |  |  |  |  |           |  └> "0.0.0.0"
|  |  |  |  |  |  |           └> "0.0.0.00"
|  |  |  |  |  |  |              └> "0.0.0.0"
|  |  |  |  |  |  ├> "0.0.1.4"
|  |  |  |  |  |  |  ├> "0.0.0.4"
|  |  |  |  |  |  |  |  ├> "0.0.0.0"
|  |  |  |  |  |  |  |  ├> "0.0.0.2"
|  |  |  |  |  |  |  |  |  └> "0.0.0.1"
|  |  |  |  |  |  |  |  |     └> "0.0.0.0"
|  |  |  |  |  |  |  |  └> "0.0.0.3"
|  |  |  |  |  |  |  |     └> "0.0.0.2"
|  |  |  |  |  |  |  |        ├> "0.0.0.0"
|  |  |  |  |  |  |  |        └> "0.0.0.1"
|  |  |  |  |  |  |  |           └> "0.0.0.0"
|  |  |  |  |  |  |  ├> "0.0.1.0"
|  |  |  |  |  |  |  |  └> "0.0.0.0"
|  |  |  |  |  |  |  └> …
|  |  |  |  |  |  └> …
|  |  |  |  |  └> …
|  |  |  |  └> …
|  |  |  └> …
|  |  └> …
|  └> …
└> …"
`;

exports[`ipV4Extended (integration) should be able to shrink 128.0.0.1 1`] = `
""128.0.0.1"
├> "0.0.0.1"
|  └> "0.0.0.0"
├> "64.0.0.1"
|  ├> "32.0.0.1"
|  |  ├> "16.0.0.1"
|  |  |  ├> "8.0.0.1"
|  |  |  |  ├> "4.0.0.1"
|  |  |  |  |  ├> "2.0.0.1"
|  |  |  |  |  |  ├> "1.0.0.1"
|  |  |  |  |  |  |  ├> "0.0.0.1"
|  |  |  |  |  |  |  |  └> "0.0.0.0"
|  |  |  |  |  |  |  └> "1.0.0.0"
|  |  |  |  |  |  |     └> "0.0.0.0"
|  |  |  |  |  |  └> "2.0.0.0"
|  |  |  |  |  |     └> "1.0.0.0"
|  |  |  |  |  |        └> "0.0.0.0"
|  |  |  |  |  ├> "3.0.0.1"
|  |  |  |  |  |  ├> "2.0.0.1"
|  |  |  |  |  |  |  ├> "0.0.0.1"
|  |  |  |  |  |  |  |  └> "0.0.0.0"
|  |  |  |  |  |  |  ├> "1.0.0.1"
|  |  |  |  |  |  |  |  ├> "0.0.0.1"
|  |  |  |  |  |  |  |  |  └> "0.0.0.0"
|  |  |  |  |  |  |  |  └> "1.0.0.0"
|  |  |  |  |  |  |  |     └> "0.0.0.0"
|  |  |  |  |  |  |  └> "2.0.0.0"
|  |  |  |  |  |  |     ├> "0.0.0.0"
|  |  |  |  |  |  |     └> "1.0.0.0"
|  |  |  |  |  |  |        └> "0.0.0.0"
|  |  |  |  |  |  └> "3.0.0.0"
|  |  |  |  |  |     └> "2.0.0.0"
|  |  |  |  |  |        ├> "0.0.0.0"
|  |  |  |  |  |        └> "1.0.0.0"
|  |  |  |  |  |           └> "0.0.0.0"
|  |  |  |  |  └> "4.0.0.0"
|  |  |  |  |     ├> "2.0.0.0"
|  |  |  |  |     |  └> "1.0.0.0"
|  |  |  |  |     |     └> "0.0.0.0"
|  |  |  |  |     └> "3.0.0.0"
|  |  |  |  |        └> "2.0.0.0"
|  |  |  |  |           ├> "0.0.0.0"
|  |  |  |  |           └> "1.0.0.0"
|  |  |  |  |              └> "0.0.0.0"
|  |  |  |  ├> "6.0.0.1"
|  |  |  |  |  ├> "5.0.0.1"
|  |  |  |  |  |  ├> "4.0.0.1"
|  |  |  |  |  |  |  ├> "0.0.0.1"
|  |  |  |  |  |  |  |  └> "0.0.0.0"
|  |  |  |  |  |  |  ├> "2.0.0.1"
|  |  |  |  |  |  |  |  ├> "1.0.0.1"
|  |  |  |  |  |  |  |  |  ├> "0.0.0.1"
|  |  |  |  |  |  |  |  |  |  └> "0.0.0.0"
|  |  |  |  |  |  |  |  |  └> "1.0.0.0"
|  |  |  |  |  |  |  |  |     └> "0.0.0.0"
|  |  |  |  |  |  |  |  └> "2.0.0.0"
|  |  |  |  |  |  |  |     └> "1.0.0.0"
|  |  |  |  |  |  |  |        └> "0.0.0.0"
|  |  |  |  |  |  |  ├> "3.0.0.1"
|  |  |  |  |  |  |  |  ├> "2.0.0.1"
|  |  |  |  |  |  |  |  |  ├> "0.0.0.1"
|  |  |  |  |  |  |  |  |  |  └> "0.0.0.0"
|  |  |  |  |  |  |  |  |  ├> "1.0.0.1"
|  |  |  |  |  |  |  |  |  |  ├> "0.0.0.1"
|  |  |  |  |  |  |  |  |  |  |  └> "0.0.0.0"
|  |  |  |  |  |  |  |  |  |  └> "1.0.0.0"
|  |  |  |  |  |  |  |  |  |     └> "0.0.0.0"
|  |  |  |  |  |  |  |  |  └> "2.0.0.0"
|  |  |  |  |  |  |  |  |     ├> "0.0.0.0"
|  |  |  |  |  |  |  |  |     └> "1.0.0.0"
|  |  |  |  |  |  |  |  |        └> "0.0.0.0"
|  |  |  |  |  |  |  |  └> "3.0.0.0"
|  |  |  |  |  |  |  |     └> "2.0.0.0"
|  |  |  |  |  |  |  |        ├> "0.0.0.0"
|  |  |  |  |  |  |  |        └> "1.0.0.0"
|  |  |  |  |  |  |  |           └> "0.0.0.0"
|  |  |  |  |  |  |  └> "4.0.0.0"
|  |  |  |  |  |  |     ├> "0.0.0.0"
|  |  |  |  |  |  |     ├> "2.0.0.0"
|  |  |  |  |  |  |     |  └> "1.0.0.0"
|  |  |  |  |  |  |     |     └> "0.0.0.0"
|  |  |  |  |  |  |     └> "3.0.0.0"
|  |  |  |  |  |  |        └> "2.0.0.0"
|  |  |  |  |  |  |           ├> "0.0.0.0"
|  |  |  |  |  |  |           └> "1.0.0.0"
|  |  |  |  |  |  |              └> "0.0.0.0"
|  |  |  |  |  |  └> "5.0.0.0"
|  |  |  |  |  |     └> "4.0.0.0"
|  |  |  |  |  |        ├> "0.0.0.0"
|  |  |  |  |  |        ├> "2.0.0.0"
|  |  |  |  |  |        |  └> "1.0.0.0"
|  |  |  |  |  |        |     └> "0.0.0.0"
|  |  |  |  |  |        └> "3.0.0.0"
|  |  |  |  |  |           └> "2.0.0.0"
|  |  |  |  |  |              ├> "0.0.0.0"
|  |  |  |  |  |              └> "1.0.0.0"
|  |  |  |  |  |                 └> "0.0.0.0"
|  |  |  |  |  └> "6.0.0.0"
|  |  |  |  |     └> "5.0.0.0"
|  |  |  |  |        └> "4.0.0.0"
|  |  |  |  |           └> …
|  |  |  |  └> …
|  |  |  └> …
|  |  └> …
|  └> …
└> …"
`;
