// Jest Snapshot v1, https://goo.gl/fbAQLP

exports[`ipV4 (integration) should be able to shrink 8.8.4.4 1`] = `
"\\"8.8.4.4\\"
├> \\"0.8.4.4\\"
|  ├> \\"0.0.4.4\\"
|  |  ├> \\"0.0.0.4\\"
|  |  |  ├> \\"0.0.0.0\\"
|  |  |  ├> \\"0.0.0.2\\"
|  |  |  |  └> \\"0.0.0.1\\"
|  |  |  |     └> \\"0.0.0.0\\"
|  |  |  └> \\"0.0.0.3\\"
|  |  |     └> \\"0.0.0.2\\"
|  |  |        ├> \\"0.0.0.0\\"
|  |  |        └> \\"0.0.0.1\\"
|  |  |           └> \\"0.0.0.0\\"
|  |  ├> \\"0.0.2.4\\"
|  |  |  ├> \\"0.0.1.4\\"
|  |  |  |  ├> \\"0.0.0.4\\"
|  |  |  |  |  ├> \\"0.0.0.0\\"
|  |  |  |  |  ├> \\"0.0.0.2\\"
|  |  |  |  |  |  └> \\"0.0.0.1\\"
|  |  |  |  |  |     └> \\"0.0.0.0\\"
|  |  |  |  |  └> \\"0.0.0.3\\"
|  |  |  |  |     └> \\"0.0.0.2\\"
|  |  |  |  |        ├> \\"0.0.0.0\\"
|  |  |  |  |        └> \\"0.0.0.1\\"
|  |  |  |  |           └> \\"0.0.0.0\\"
|  |  |  |  ├> \\"0.0.1.0\\"
|  |  |  |  |  └> \\"0.0.0.0\\"
|  |  |  |  ├> \\"0.0.1.2\\"
|  |  |  |  |  ├> \\"0.0.0.2\\"
|  |  |  |  |  |  └> \\"0.0.0.1\\"
|  |  |  |  |  |     └> \\"0.0.0.0\\"
|  |  |  |  |  └> \\"0.0.1.1\\"
|  |  |  |  |     ├> \\"0.0.0.1\\"
|  |  |  |  |     |  └> \\"0.0.0.0\\"
|  |  |  |  |     └> \\"0.0.1.0\\"
|  |  |  |  |        └> \\"0.0.0.0\\"
|  |  |  |  └> \\"0.0.1.3\\"
|  |  |  |     ├> \\"0.0.0.3\\"
|  |  |  |     |  └> \\"0.0.0.2\\"
|  |  |  |     |     ├> \\"0.0.0.0\\"
|  |  |  |     |     └> \\"0.0.0.1\\"
|  |  |  |     |        └> \\"0.0.0.0\\"
|  |  |  |     └> \\"0.0.1.2\\"
|  |  |  |        ├> \\"0.0.0.2\\"
|  |  |  |        |  ├> \\"0.0.0.0\\"
|  |  |  |        |  └> \\"0.0.0.1\\"
|  |  |  |        |     └> \\"0.0.0.0\\"
|  |  |  |        ├> \\"0.0.1.0\\"
|  |  |  |        |  └> \\"0.0.0.0\\"
|  |  |  |        └> \\"0.0.1.1\\"
|  |  |  |           ├> \\"0.0.0.1\\"
|  |  |  |           |  └> \\"0.0.0.0\\"
|  |  |  |           └> \\"0.0.1.0\\"
|  |  |  |              └> \\"0.0.0.0\\"
|  |  |  ├> \\"0.0.2.0\\"
|  |  |  |  └> \\"0.0.1.0\\"
|  |  |  |     └> \\"0.0.0.0\\"
|  |  |  ├> \\"0.0.2.2\\"
|  |  |  |  ├> \\"0.0.1.2\\"
|  |  |  |  |  ├> \\"0.0.0.2\\"
|  |  |  |  |  |  └> \\"0.0.0.1\\"
|  |  |  |  |  |     └> \\"0.0.0.0\\"
|  |  |  |  |  └> \\"0.0.1.1\\"
|  |  |  |  |     ├> \\"0.0.0.1\\"
|  |  |  |  |     |  └> \\"0.0.0.0\\"
|  |  |  |  |     └> \\"0.0.1.0\\"
|  |  |  |  |        └> \\"0.0.0.0\\"
|  |  |  |  └> \\"0.0.2.1\\"
|  |  |  |     ├> \\"0.0.1.1\\"
|  |  |  |     |  ├> \\"0.0.0.1\\"
|  |  |  |     |  |  └> \\"0.0.0.0\\"
|  |  |  |     |  └> \\"0.0.1.0\\"
|  |  |  |     |     └> \\"0.0.0.0\\"
|  |  |  |     └> \\"0.0.2.0\\"
|  |  |  |        └> \\"0.0.1.0\\"
|  |  |  |           └> \\"0.0.0.0\\"
|  |  |  └> \\"0.0.2.3\\"
|  |  |     ├> \\"0.0.1.3\\"
|  |  |     |  ├> \\"0.0.0.3\\"
|  |  |     |  |  └> \\"0.0.0.2\\"
|  |  |     |  |     ├> \\"0.0.0.0\\"
|  |  |     |  |     └> \\"0.0.0.1\\"
|  |  |     |  |        └> \\"0.0.0.0\\"
|  |  |     |  └> \\"0.0.1.2\\"
|  |  |     |     ├> \\"0.0.0.2\\"
|  |  |     |     |  ├> \\"0.0.0.0\\"
|  |  |     |     |  └> \\"0.0.0.1\\"
|  |  |     |     |     └> \\"0.0.0.0\\"
|  |  |     |     ├> \\"0.0.1.0\\"
|  |  |     |     |  └> \\"0.0.0.0\\"
|  |  |     |     └> \\"0.0.1.1\\"
|  |  |     |        ├> \\"0.0.0.1\\"
|  |  |     |        |  └> \\"0.0.0.0\\"
|  |  |     |        └> \\"0.0.1.0\\"
|  |  |     |           └> \\"0.0.0.0\\"
|  |  |     └> \\"0.0.2.2\\"
|  |  |        ├> \\"0.0.1.2\\"
|  |  |        |  ├> \\"0.0.0.2\\"
|  |  |        |  |  ├> \\"0.0.0.0\\"
|  |  |        |  |  └> \\"0.0.0.1\\"
|  |  |        |  |     └> …
|  |  |        |  └> …
|  |  |        └> …
|  |  └> …
|  └> …
└> …"
`;

exports[`ipV4 (integration) should be able to shrink 128.0.0.1 1`] = `
"\\"128.0.0.1\\"
├> \\"0.0.0.1\\"
|  └> \\"0.0.0.0\\"
├> \\"64.0.0.1\\"
|  ├> \\"32.0.0.1\\"
|  |  ├> \\"16.0.0.1\\"
|  |  |  ├> \\"8.0.0.1\\"
|  |  |  |  ├> \\"4.0.0.1\\"
|  |  |  |  |  ├> \\"2.0.0.1\\"
|  |  |  |  |  |  ├> \\"1.0.0.1\\"
|  |  |  |  |  |  |  ├> \\"0.0.0.1\\"
|  |  |  |  |  |  |  |  └> \\"0.0.0.0\\"
|  |  |  |  |  |  |  └> \\"1.0.0.0\\"
|  |  |  |  |  |  |     └> \\"0.0.0.0\\"
|  |  |  |  |  |  └> \\"2.0.0.0\\"
|  |  |  |  |  |     └> \\"1.0.0.0\\"
|  |  |  |  |  |        └> \\"0.0.0.0\\"
|  |  |  |  |  ├> \\"3.0.0.1\\"
|  |  |  |  |  |  ├> \\"2.0.0.1\\"
|  |  |  |  |  |  |  ├> \\"0.0.0.1\\"
|  |  |  |  |  |  |  |  └> \\"0.0.0.0\\"
|  |  |  |  |  |  |  ├> \\"1.0.0.1\\"
|  |  |  |  |  |  |  |  ├> \\"0.0.0.1\\"
|  |  |  |  |  |  |  |  |  └> \\"0.0.0.0\\"
|  |  |  |  |  |  |  |  └> \\"1.0.0.0\\"
|  |  |  |  |  |  |  |     └> \\"0.0.0.0\\"
|  |  |  |  |  |  |  └> \\"2.0.0.0\\"
|  |  |  |  |  |  |     ├> \\"0.0.0.0\\"
|  |  |  |  |  |  |     └> \\"1.0.0.0\\"
|  |  |  |  |  |  |        └> \\"0.0.0.0\\"
|  |  |  |  |  |  └> \\"3.0.0.0\\"
|  |  |  |  |  |     └> \\"2.0.0.0\\"
|  |  |  |  |  |        ├> \\"0.0.0.0\\"
|  |  |  |  |  |        └> \\"1.0.0.0\\"
|  |  |  |  |  |           └> \\"0.0.0.0\\"
|  |  |  |  |  └> \\"4.0.0.0\\"
|  |  |  |  |     ├> \\"2.0.0.0\\"
|  |  |  |  |     |  └> \\"1.0.0.0\\"
|  |  |  |  |     |     └> \\"0.0.0.0\\"
|  |  |  |  |     └> \\"3.0.0.0\\"
|  |  |  |  |        └> \\"2.0.0.0\\"
|  |  |  |  |           ├> \\"0.0.0.0\\"
|  |  |  |  |           └> \\"1.0.0.0\\"
|  |  |  |  |              └> \\"0.0.0.0\\"
|  |  |  |  ├> \\"6.0.0.1\\"
|  |  |  |  |  ├> \\"5.0.0.1\\"
|  |  |  |  |  |  ├> \\"4.0.0.1\\"
|  |  |  |  |  |  |  ├> \\"0.0.0.1\\"
|  |  |  |  |  |  |  |  └> \\"0.0.0.0\\"
|  |  |  |  |  |  |  ├> \\"2.0.0.1\\"
|  |  |  |  |  |  |  |  ├> \\"1.0.0.1\\"
|  |  |  |  |  |  |  |  |  ├> \\"0.0.0.1\\"
|  |  |  |  |  |  |  |  |  |  └> \\"0.0.0.0\\"
|  |  |  |  |  |  |  |  |  └> \\"1.0.0.0\\"
|  |  |  |  |  |  |  |  |     └> \\"0.0.0.0\\"
|  |  |  |  |  |  |  |  └> \\"2.0.0.0\\"
|  |  |  |  |  |  |  |     └> \\"1.0.0.0\\"
|  |  |  |  |  |  |  |        └> \\"0.0.0.0\\"
|  |  |  |  |  |  |  ├> \\"3.0.0.1\\"
|  |  |  |  |  |  |  |  ├> \\"2.0.0.1\\"
|  |  |  |  |  |  |  |  |  ├> \\"0.0.0.1\\"
|  |  |  |  |  |  |  |  |  |  └> \\"0.0.0.0\\"
|  |  |  |  |  |  |  |  |  ├> \\"1.0.0.1\\"
|  |  |  |  |  |  |  |  |  |  ├> \\"0.0.0.1\\"
|  |  |  |  |  |  |  |  |  |  |  └> \\"0.0.0.0\\"
|  |  |  |  |  |  |  |  |  |  └> \\"1.0.0.0\\"
|  |  |  |  |  |  |  |  |  |     └> \\"0.0.0.0\\"
|  |  |  |  |  |  |  |  |  └> \\"2.0.0.0\\"
|  |  |  |  |  |  |  |  |     ├> \\"0.0.0.0\\"
|  |  |  |  |  |  |  |  |     └> \\"1.0.0.0\\"
|  |  |  |  |  |  |  |  |        └> \\"0.0.0.0\\"
|  |  |  |  |  |  |  |  └> \\"3.0.0.0\\"
|  |  |  |  |  |  |  |     └> \\"2.0.0.0\\"
|  |  |  |  |  |  |  |        ├> \\"0.0.0.0\\"
|  |  |  |  |  |  |  |        └> \\"1.0.0.0\\"
|  |  |  |  |  |  |  |           └> \\"0.0.0.0\\"
|  |  |  |  |  |  |  └> \\"4.0.0.0\\"
|  |  |  |  |  |  |     ├> \\"0.0.0.0\\"
|  |  |  |  |  |  |     ├> \\"2.0.0.0\\"
|  |  |  |  |  |  |     |  └> \\"1.0.0.0\\"
|  |  |  |  |  |  |     |     └> \\"0.0.0.0\\"
|  |  |  |  |  |  |     └> \\"3.0.0.0\\"
|  |  |  |  |  |  |        └> \\"2.0.0.0\\"
|  |  |  |  |  |  |           ├> \\"0.0.0.0\\"
|  |  |  |  |  |  |           └> \\"1.0.0.0\\"
|  |  |  |  |  |  |              └> \\"0.0.0.0\\"
|  |  |  |  |  |  └> \\"5.0.0.0\\"
|  |  |  |  |  |     └> \\"4.0.0.0\\"
|  |  |  |  |  |        ├> \\"0.0.0.0\\"
|  |  |  |  |  |        ├> \\"2.0.0.0\\"
|  |  |  |  |  |        |  └> \\"1.0.0.0\\"
|  |  |  |  |  |        |     └> \\"0.0.0.0\\"
|  |  |  |  |  |        └> \\"3.0.0.0\\"
|  |  |  |  |  |           └> \\"2.0.0.0\\"
|  |  |  |  |  |              ├> \\"0.0.0.0\\"
|  |  |  |  |  |              └> \\"1.0.0.0\\"
|  |  |  |  |  |                 └> \\"0.0.0.0\\"
|  |  |  |  |  └> \\"6.0.0.0\\"
|  |  |  |  |     └> \\"5.0.0.0\\"
|  |  |  |  |        └> \\"4.0.0.0\\"
|  |  |  |  |           └> …
|  |  |  |  └> …
|  |  |  └> …
|  |  └> …
|  └> …
└> …"
`;
