// Jest Snapshot v1, https://goo.gl/fbAQLP

exports[`ipV6 (integration) should be able to shrink ::1 1`] = `
""::1"
└> "::0""
`;

exports[`ipV6 (integration) should be able to shrink 0123:5678:9abc:ef01:2345:6789:128.0.0.1 1`] = `
""0123:5678:9abc:ef01:2345:6789:128.0.0.1"
├> "3:5678:9abc:ef01:2345:6789:128.0.0.1"
|  ├> "0:5678:9abc:ef01:2345:6789:128.0.0.1"
|  |  ├> "0:8:9abc:ef01:2345:6789:128.0.0.1"
|  |  |  ├> "0:0:9abc:ef01:2345:6789:128.0.0.1"
|  |  |  |  ├> "0:0:c:ef01:2345:6789:128.0.0.1"
|  |  |  |  |  ├> "0:0:0:ef01:2345:6789:128.0.0.1"
|  |  |  |  |  |  ├> "0:0:0:1:2345:6789:128.0.0.1"
|  |  |  |  |  |  |  ├> "0:0:0:0:2345:6789:128.0.0.1"
|  |  |  |  |  |  |  |  ├> "0:0:0:0:5:6789:128.0.0.1"
|  |  |  |  |  |  |  |  |  ├> "0:0:0:0:0:6789:128.0.0.1"
|  |  |  |  |  |  |  |  |  |  ├> "0:0:0:0:0:9:128.0.0.1"
|  |  |  |  |  |  |  |  |  |  |  ├> "0:0:0:0:0:0:128.0.0.1"
|  |  |  |  |  |  |  |  |  |  |  |  ├> "0:0:0:0:0:0:0.0.0.1"
|  |  |  |  |  |  |  |  |  |  |  |  |  └> "0:0:0:0:0:0:0.0.0.0"
|  |  |  |  |  |  |  |  |  |  |  |  ├> "0:0:0:0:0:0:64.0.0.1"
|  |  |  |  |  |  |  |  |  |  |  |  |  ├> "0:0:0:0:0:0:32.0.0.1"
|  |  |  |  |  |  |  |  |  |  |  |  |  |  ├> "0:0:0:0:0:0:16.0.0.1"
|  |  |  |  |  |  |  |  |  |  |  |  |  |  |  ├> "0:0:0:0:0:0:8.0.0.1"
|  |  |  |  |  |  |  |  |  |  |  |  |  |  |  |  ├> "0:0:0:0:0:0:4.0.0.1"
|  |  |  |  |  |  |  |  |  |  |  |  |  |  |  |  |  ├> "0:0:0:0:0:0:2.0.0.1"
|  |  |  |  |  |  |  |  |  |  |  |  |  |  |  |  |  |  ├> "0:0:0:0:0:0:1.0.0.1"
|  |  |  |  |  |  |  |  |  |  |  |  |  |  |  |  |  |  |  ├> "0:0:0:0:0:0:0.0.0.1"
|  |  |  |  |  |  |  |  |  |  |  |  |  |  |  |  |  |  |  |  └> "0:0:0:0:0:0:0.0.0.0"
|  |  |  |  |  |  |  |  |  |  |  |  |  |  |  |  |  |  |  └> "0:0:0:0:0:0:1.0.0.0"
|  |  |  |  |  |  |  |  |  |  |  |  |  |  |  |  |  |  |     └> "0:0:0:0:0:0:0.0.0.0"
|  |  |  |  |  |  |  |  |  |  |  |  |  |  |  |  |  |  └> "0:0:0:0:0:0:2.0.0.0"
|  |  |  |  |  |  |  |  |  |  |  |  |  |  |  |  |  |     └> "0:0:0:0:0:0:1.0.0.0"
|  |  |  |  |  |  |  |  |  |  |  |  |  |  |  |  |  |        └> "0:0:0:0:0:0:0.0.0.0"
|  |  |  |  |  |  |  |  |  |  |  |  |  |  |  |  |  ├> "0:0:0:0:0:0:3.0.0.1"
|  |  |  |  |  |  |  |  |  |  |  |  |  |  |  |  |  |  ├> "0:0:0:0:0:0:2.0.0.1"
|  |  |  |  |  |  |  |  |  |  |  |  |  |  |  |  |  |  |  ├> "0:0:0:0:0:0:0.0.0.1"
|  |  |  |  |  |  |  |  |  |  |  |  |  |  |  |  |  |  |  |  └> "0:0:0:0:0:0:0.0.0.0"
|  |  |  |  |  |  |  |  |  |  |  |  |  |  |  |  |  |  |  ├> "0:0:0:0:0:0:1.0.0.1"
|  |  |  |  |  |  |  |  |  |  |  |  |  |  |  |  |  |  |  |  ├> "0:0:0:0:0:0:0.0.0.1"
|  |  |  |  |  |  |  |  |  |  |  |  |  |  |  |  |  |  |  |  |  └> "0:0:0:0:0:0:0.0.0.0"
|  |  |  |  |  |  |  |  |  |  |  |  |  |  |  |  |  |  |  |  └> "0:0:0:0:0:0:1.0.0.0"
|  |  |  |  |  |  |  |  |  |  |  |  |  |  |  |  |  |  |  |     └> "0:0:0:0:0:0:0.0.0.0"
|  |  |  |  |  |  |  |  |  |  |  |  |  |  |  |  |  |  |  └> "0:0:0:0:0:0:2.0.0.0"
|  |  |  |  |  |  |  |  |  |  |  |  |  |  |  |  |  |  |     ├> "0:0:0:0:0:0:0.0.0.0"
|  |  |  |  |  |  |  |  |  |  |  |  |  |  |  |  |  |  |     └> "0:0:0:0:0:0:1.0.0.0"
|  |  |  |  |  |  |  |  |  |  |  |  |  |  |  |  |  |  |        └> "0:0:0:0:0:0:0.0.0.0"
|  |  |  |  |  |  |  |  |  |  |  |  |  |  |  |  |  |  └> "0:0:0:0:0:0:3.0.0.0"
|  |  |  |  |  |  |  |  |  |  |  |  |  |  |  |  |  |     └> "0:0:0:0:0:0:2.0.0.0"
|  |  |  |  |  |  |  |  |  |  |  |  |  |  |  |  |  |        ├> "0:0:0:0:0:0:0.0.0.0"
|  |  |  |  |  |  |  |  |  |  |  |  |  |  |  |  |  |        └> "0:0:0:0:0:0:1.0.0.0"
|  |  |  |  |  |  |  |  |  |  |  |  |  |  |  |  |  |           └> "0:0:0:0:0:0:0.0.0.0"
|  |  |  |  |  |  |  |  |  |  |  |  |  |  |  |  |  └> "0:0:0:0:0:0:4.0.0.0"
|  |  |  |  |  |  |  |  |  |  |  |  |  |  |  |  |     ├> "0:0:0:0:0:0:2.0.0.0"
|  |  |  |  |  |  |  |  |  |  |  |  |  |  |  |  |     |  └> "0:0:0:0:0:0:1.0.0.0"
|  |  |  |  |  |  |  |  |  |  |  |  |  |  |  |  |     |     └> "0:0:0:0:0:0:0.0.0.0"
|  |  |  |  |  |  |  |  |  |  |  |  |  |  |  |  |     └> "0:0:0:0:0:0:3.0.0.0"
|  |  |  |  |  |  |  |  |  |  |  |  |  |  |  |  |        └> "0:0:0:0:0:0:2.0.0.0"
|  |  |  |  |  |  |  |  |  |  |  |  |  |  |  |  |           ├> "0:0:0:0:0:0:0.0.0.0"
|  |  |  |  |  |  |  |  |  |  |  |  |  |  |  |  |           └> "0:0:0:0:0:0:1.0.0.0"
|  |  |  |  |  |  |  |  |  |  |  |  |  |  |  |  |              └> "0:0:0:0:0:0:0.0.0.0"
|  |  |  |  |  |  |  |  |  |  |  |  |  |  |  |  ├> "0:0:0:0:0:0:6.0.0.1"
|  |  |  |  |  |  |  |  |  |  |  |  |  |  |  |  |  ├> "0:0:0:0:0:0:5.0.0.1"
|  |  |  |  |  |  |  |  |  |  |  |  |  |  |  |  |  |  ├> "0:0:0:0:0:0:4.0.0.1"
|  |  |  |  |  |  |  |  |  |  |  |  |  |  |  |  |  |  |  ├> "0:0:0:0:0:0:0.0.0.1"
|  |  |  |  |  |  |  |  |  |  |  |  |  |  |  |  |  |  |  |  └> "0:0:0:0:0:0:0.0.0.0"
|  |  |  |  |  |  |  |  |  |  |  |  |  |  |  |  |  |  |  ├> "0:0:0:0:0:0:2.0.0.1"
|  |  |  |  |  |  |  |  |  |  |  |  |  |  |  |  |  |  |  |  ├> "0:0:0:0:0:0:1.0.0.1"
|  |  |  |  |  |  |  |  |  |  |  |  |  |  |  |  |  |  |  |  |  ├> "0:0:0:0:0:0:0.0.0.1"
|  |  |  |  |  |  |  |  |  |  |  |  |  |  |  |  |  |  |  |  |  |  └> "0:0:0:0:0:0:0.0.0.0"
|  |  |  |  |  |  |  |  |  |  |  |  |  |  |  |  |  |  |  |  |  └> "0:0:0:0:0:0:1.0.0.0"
|  |  |  |  |  |  |  |  |  |  |  |  |  |  |  |  |  |  |  |  |     └> "0:0:0:0:0:0:0.0.0.0"
|  |  |  |  |  |  |  |  |  |  |  |  |  |  |  |  |  |  |  |  └> "0:0:0:0:0:0:2.0.0.0"
|  |  |  |  |  |  |  |  |  |  |  |  |  |  |  |  |  |  |  |     └> "0:0:0:0:0:0:1.0.0.0"
|  |  |  |  |  |  |  |  |  |  |  |  |  |  |  |  |  |  |  |        └> "0:0:0:0:0:0:0.0.0.0"
|  |  |  |  |  |  |  |  |  |  |  |  |  |  |  |  |  |  |  ├> "0:0:0:0:0:0:3.0.0.1"
|  |  |  |  |  |  |  |  |  |  |  |  |  |  |  |  |  |  |  |  ├> "0:0:0:0:0:0:2.0.0.1"
|  |  |  |  |  |  |  |  |  |  |  |  |  |  |  |  |  |  |  |  |  ├> "0:0:0:0:0:0:0.0.0.1"
|  |  |  |  |  |  |  |  |  |  |  |  |  |  |  |  |  |  |  |  |  |  └> "0:0:0:0:0:0:0.0.0.0"
|  |  |  |  |  |  |  |  |  |  |  |  |  |  |  |  |  |  |  |  |  ├> "0:0:0:0:0:0:1.0.0.1"
|  |  |  |  |  |  |  |  |  |  |  |  |  |  |  |  |  |  |  |  |  |  ├> "0:0:0:0:0:0:0.0.0.1"
|  |  |  |  |  |  |  |  |  |  |  |  |  |  |  |  |  |  |  |  |  |  |  └> "0:0:0:0:0:0:0.0.0.0"
|  |  |  |  |  |  |  |  |  |  |  |  |  |  |  |  |  |  |  |  |  |  └> "0:0:0:0:0:0:1.0.0.0"
|  |  |  |  |  |  |  |  |  |  |  |  |  |  |  |  |  |  |  |  |  |     └> "0:0:0:0:0:0:0.0.0.0"
|  |  |  |  |  |  |  |  |  |  |  |  |  |  |  |  |  |  |  |  |  └> "0:0:0:0:0:0:2.0.0.0"
|  |  |  |  |  |  |  |  |  |  |  |  |  |  |  |  |  |  |  |  |     ├> "0:0:0:0:0:0:0.0.0.0"
|  |  |  |  |  |  |  |  |  |  |  |  |  |  |  |  |  |  |  |  |     └> "0:0:0:0:0:0:1.0.0.0"
|  |  |  |  |  |  |  |  |  |  |  |  |  |  |  |  |  |  |  |  |        └> "0:0:0:0:0:0:0.0.0.0"
|  |  |  |  |  |  |  |  |  |  |  |  |  |  |  |  |  |  |  |  └> "0:0:0:0:0:0:3.0.0.0"
|  |  |  |  |  |  |  |  |  |  |  |  |  |  |  |  |  |  |  |     └> "0:0:0:0:0:0:2.0.0.0"
|  |  |  |  |  |  |  |  |  |  |  |  |  |  |  |  |  |  |  |        ├> "0:0:0:0:0:0:0.0.0.0"
|  |  |  |  |  |  |  |  |  |  |  |  |  |  |  |  |  |  |  |        └> "0:0:0:0:0:0:1.0.0.0"
|  |  |  |  |  |  |  |  |  |  |  |  |  |  |  |  |  |  |  |           └> "0:0:0:0:0:0:0.0.0.0"
|  |  |  |  |  |  |  |  |  |  |  |  |  |  |  |  |  |  |  └> "0:0:0:0:0:0:4.0.0.0"
|  |  |  |  |  |  |  |  |  |  |  |  |  |  |  |  |  |  |     ├> "0:0:0:0:0:0:0.0.0.0"
|  |  |  |  |  |  |  |  |  |  |  |  |  |  |  |  |  |  |     ├> "0:0:0:0:0:0:2.0.0.0"
|  |  |  |  |  |  |  |  |  |  |  |  |  |  |  |  |  |  |     |  └> "0:0:0:0:0:0:1.0.0.0"
|  |  |  |  |  |  |  |  |  |  |  |  |  |  |  |  |  |  |     |     └> "0:0:0:0:0:0:0.0.0.0"
|  |  |  |  |  |  |  |  |  |  |  |  |  |  |  |  |  |  |     └> "0:0:0:0:0:0:3.0.0.0"
|  |  |  |  |  |  |  |  |  |  |  |  |  |  |  |  |  |  |        └> "0:0:0:0:0:0:2.0.0.0"
|  |  |  |  |  |  |  |  |  |  |  |  |  |  |  |  |  |  |           ├> "0:0:0:0:0:0:0.0.0.0"
|  |  |  |  |  |  |  |  |  |  |  |  |  |  |  |  |  |  |           └> "0:0:0:0:0:0:1.0.0.0"
|  |  |  |  |  |  |  |  |  |  |  |  |  |  |  |  |  |  |              └> "0:0:0:0:0:0:0.0.0.0"
|  |  |  |  |  |  |  |  |  |  |  |  |  |  |  |  |  |  └> "0:0:0:0:0:0:5.0.0.0"
|  |  |  |  |  |  |  |  |  |  |  |  |  |  |  |  |  |     └> "0:0:0:0:0:0:4.0.0.0"
|  |  |  |  |  |  |  |  |  |  |  |  |  |  |  |  |  |        └> …
|  |  |  |  |  |  |  |  |  |  |  |  |  |  |  |  |  └> …
|  |  |  |  |  |  |  |  |  |  |  |  |  |  |  |  └> …
|  |  |  |  |  |  |  |  |  |  |  |  |  |  |  └> …
|  |  |  |  |  |  |  |  |  |  |  |  |  |  └> …
|  |  |  |  |  |  |  |  |  |  |  |  |  └> …
|  |  |  |  |  |  |  |  |  |  |  |  └> …
|  |  |  |  |  |  |  |  |  |  |  └> …
|  |  |  |  |  |  |  |  |  |  └> …
|  |  |  |  |  |  |  |  |  └> …
|  |  |  |  |  |  |  |  └> …
|  |  |  |  |  |  |  └> …
|  |  |  |  |  |  └> …
|  |  |  |  |  └> …
|  |  |  |  └> …
|  |  |  └> …
|  |  └> …
|  └> …
└> …"
`;
