// Jest Snapshot v1, https://goo.gl/fbAQLP

exports[`mapToConstant (integration) should be able to shrink c given hexa-like entries 1`] = `
"\\"c\\"
├> \\"0\\"
├> \\"6\\"
|  ├> \\"3\\"
|  |  └> \\"2\\"
|  |     └> \\"1\\"
|  |        └> \\"0\\"
|  └> \\"5\\"
|     └> \\"4\\"
|        └> \\"3\\"
|           ├> \\"0\\"
|           └> \\"2\\"
|              └> \\"1\\"
|                 └> \\"0\\"
├> \\"9\\"
|  └> \\"8\\"
|     └> \\"7\\"
|        └> \\"6\\"
|           ├> \\"0\\"
|           ├> \\"3\\"
|           |  └> \\"2\\"
|           |     └> \\"1\\"
|           |        └> \\"0\\"
|           └> \\"5\\"
|              └> \\"4\\"
|                 └> \\"3\\"
|                    ├> \\"0\\"
|                    └> \\"2\\"
|                       └> \\"1\\"
|                          └> \\"0\\"
└> \\"b\\"
   └> \\"a\\"
      └> \\"9\\"
         ├> \\"0\\"
         ├> \\"5\\"
         |  ├> \\"3\\"
         |  |  └> \\"2\\"
         |  |     └> \\"1\\"
         |  |        └> \\"0\\"
         |  └> \\"4\\"
         |     └> \\"3\\"
         |        ├> \\"0\\"
         |        └> \\"2\\"
         |           └> \\"1\\"
         |              └> \\"0\\"
         ├> \\"7\\"
         |  └> \\"6\\"
         |     └> \\"5\\"
         |        ├> \\"0\\"
         |        ├> \\"3\\"
         |        |  └> \\"2\\"
         |        |     └> \\"1\\"
         |        |        └> \\"0\\"
         |        └> \\"4\\"
         |           └> \\"3\\"
         |              ├> \\"0\\"
         |              └> \\"2\\"
         |                 └> \\"1\\"
         |                    └> \\"0\\"
         └> \\"8\\"
            └> \\"7\\"
               ├> \\"0\\"
               ├> \\"4\\"
               |  ├> \\"2\\"
               |  |  └> \\"1\\"
               |  |     └> \\"0\\"
               |  └> \\"3\\"
               |     └> \\"2\\"
               |        ├> \\"0\\"
               |        └> \\"1\\"
               |           └> \\"0\\"
               └> \\"6\\"
                  └> \\"5\\"
                     └> \\"4\\"
                        ├> \\"0\\"
                        ├> \\"2\\"
                        |  └> \\"1\\"
                        |     └> \\"0\\"
                        └> \\"3\\"
                           └> \\"2\\"
                              ├> \\"0\\"
                              └> \\"1\\"
                                 └> \\"0\\""
`;
