// Jest Snapshot v1, https://goo.gl/fbAQLP

exports[`sparseArray (integration) should be able to shrink [, , , , , 3, , , , , , , , , , 6] with fc.sparseArray(..., {"minNumElements": 2}) 1`] = `
"[,,,,,3,,,,,,,,,,6]
├> [3,,,,,,,,,,,,,,,6]
|  ├> [1,,,,,,,,,,,,,,,6]
|  |  ├> [1,,,,,,,,6,,,,,,,,]
|  |  |  ├> [1,,,,6,,,,,,,,,,,,]
|  |  |  |  ├> [1,,6,,,,,,,,,,,,,,]
|  |  |  |  |  ├> [1,6,,,,,,,,,,,,,,,]
|  |  |  |  |  |  ├> [1,4,,,,,,,,,,,,,,,]
|  |  |  |  |  |  |  ├> [1,1,,,,,,,,,,,,,,,]
|  |  |  |  |  |  |  |  ├> [1,1]
|  |  |  |  |  |  |  |  ├> [1,1,,,,,,,,]
|  |  |  |  |  |  |  |  |  ├> [1,1,,,,,]
|  |  |  |  |  |  |  |  |  |  ├> [1,1,,,]
|  |  |  |  |  |  |  |  |  |  |  └> [1,1,,]
|  |  |  |  |  |  |  |  |  |  |     └> [1,1]
|  |  |  |  |  |  |  |  |  |  └> [1,1,,,,]
|  |  |  |  |  |  |  |  |  |     └> [1,1,,,]
|  |  |  |  |  |  |  |  |  |        ├> [1,1]
|  |  |  |  |  |  |  |  |  |        └> [1,1,,]
|  |  |  |  |  |  |  |  |  |           └> [1,1]
|  |  |  |  |  |  |  |  |  └> [1,1,,,,,,,]
|  |  |  |  |  |  |  |  |     └> [1,1,,,,,,]
|  |  |  |  |  |  |  |  |        └> [1,1,,,,,]
|  |  |  |  |  |  |  |  |           ├> [1,1]
|  |  |  |  |  |  |  |  |           ├> [1,1,,,]
|  |  |  |  |  |  |  |  |           |  └> [1,1,,]
|  |  |  |  |  |  |  |  |           |     └> [1,1]
|  |  |  |  |  |  |  |  |           └> [1,1,,,,]
|  |  |  |  |  |  |  |  |              └> [1,1,,,]
|  |  |  |  |  |  |  |  |                 ├> [1,1]
|  |  |  |  |  |  |  |  |                 └> [1,1,,]
|  |  |  |  |  |  |  |  |                    └> [1,1]
|  |  |  |  |  |  |  |  ├> [1,1,,,,,,,,,,,,]
|  |  |  |  |  |  |  |  |  ├> [1,1,,,,,,,,,,]
|  |  |  |  |  |  |  |  |  |  └> [1,1,,,,,,,,,]
|  |  |  |  |  |  |  |  |  |     └> [1,1,,,,,,,,]
|  |  |  |  |  |  |  |  |  |        ├> [1,1]
|  |  |  |  |  |  |  |  |  |        ├> [1,1,,,,,]
|  |  |  |  |  |  |  |  |  |        |  ├> [1,1,,,]
|  |  |  |  |  |  |  |  |  |        |  |  └> [1,1,,]
|  |  |  |  |  |  |  |  |  |        |  |     └> [1,1]
|  |  |  |  |  |  |  |  |  |        |  └> [1,1,,,,]
|  |  |  |  |  |  |  |  |  |        |     └> [1,1,,,]
|  |  |  |  |  |  |  |  |  |        |        ├> [1,1]
|  |  |  |  |  |  |  |  |  |        |        └> [1,1,,]
|  |  |  |  |  |  |  |  |  |        |           └> [1,1]
|  |  |  |  |  |  |  |  |  |        └> [1,1,,,,,,,]
|  |  |  |  |  |  |  |  |  |           └> [1,1,,,,,,]
|  |  |  |  |  |  |  |  |  |              └> [1,1,,,,,]
|  |  |  |  |  |  |  |  |  |                 ├> [1,1]
|  |  |  |  |  |  |  |  |  |                 ├> [1,1,,,]
|  |  |  |  |  |  |  |  |  |                 |  └> [1,1,,]
|  |  |  |  |  |  |  |  |  |                 |     └> [1,1]
|  |  |  |  |  |  |  |  |  |                 └> [1,1,,,,]
|  |  |  |  |  |  |  |  |  |                    └> [1,1,,,]
|  |  |  |  |  |  |  |  |  |                       ├> [1,1]
|  |  |  |  |  |  |  |  |  |                       └> [1,1,,]
|  |  |  |  |  |  |  |  |  |                          └> [1,1]
|  |  |  |  |  |  |  |  |  └> [1,1,,,,,,,,,,,]
|  |  |  |  |  |  |  |  |     └> [1,1,,,,,,,,,,]
|  |  |  |  |  |  |  |  |        ├> [1,1]
|  |  |  |  |  |  |  |  |        ├> [1,1,,,,,,]
|  |  |  |  |  |  |  |  |        |  ├> [1,1,,,,]
|  |  |  |  |  |  |  |  |        |  |  └> [1,1,,,]
|  |  |  |  |  |  |  |  |        |  |     └> [1,1,,]
|  |  |  |  |  |  |  |  |        |  |        └> [1,1]
|  |  |  |  |  |  |  |  |        |  └> [1,1,,,,,]
|  |  |  |  |  |  |  |  |        |     └> [1,1,,,,]
|  |  |  |  |  |  |  |  |        |        ├> [1,1]
|  |  |  |  |  |  |  |  |        |        └> [1,1,,,]
|  |  |  |  |  |  |  |  |        |           └> [1,1,,]
|  |  |  |  |  |  |  |  |        |              └> [1,1]
|  |  |  |  |  |  |  |  |        ├> [1,1,,,,,,,,]
|  |  |  |  |  |  |  |  |        |  └> [1,1,,,,,,,]
|  |  |  |  |  |  |  |  |        |     └> [1,1,,,,,,]
|  |  |  |  |  |  |  |  |        |        ├> [1,1]
|  |  |  |  |  |  |  |  |        |        ├> [1,1,,,,]
|  |  |  |  |  |  |  |  |        |        |  └> [1,1,,,]
|  |  |  |  |  |  |  |  |        |        |     └> [1,1,,]
|  |  |  |  |  |  |  |  |        |        |        └> [1,1]
|  |  |  |  |  |  |  |  |        |        └> [1,1,,,,,]
|  |  |  |  |  |  |  |  |        |           └> [1,1,,,,]
|  |  |  |  |  |  |  |  |        |              ├> [1,1]
|  |  |  |  |  |  |  |  |        |              └> [1,1,,,]
|  |  |  |  |  |  |  |  |        |                 └> [1,1,,]
|  |  |  |  |  |  |  |  |        |                    └> [1,1]
|  |  |  |  |  |  |  |  |        └> [1,1,,,,,,,,,]
|  |  |  |  |  |  |  |  |           └> [1,1,,,,,,,,]
|  |  |  |  |  |  |  |  |              ├> [1,1]
|  |  |  |  |  |  |  |  |              ├> [1,1,,,,,]
|  |  |  |  |  |  |  |  |              |  ├> [1,1,,,]
|  |  |  |  |  |  |  |  |              |  |  └> [1,1,,]
|  |  |  |  |  |  |  |  |              |  |     └> [1,1]
|  |  |  |  |  |  |  |  |              |  └> [1,1,,,,]
|  |  |  |  |  |  |  |  |              |     └> [1,1,,,]
|  |  |  |  |  |  |  |  |              |        ├> [1,1]
|  |  |  |  |  |  |  |  |              |        └> [1,1,,]
|  |  |  |  |  |  |  |  |              |           └> [1,1]
|  |  |  |  |  |  |  |  |              └> [1,1,,,,,,,]
|  |  |  |  |  |  |  |  |                 └> [1,1,,,,,,]
|  |  |  |  |  |  |  |  |                    └> …
|  |  |  |  |  |  |  |  └> …
|  |  |  |  |  |  |  └> …
|  |  |  |  |  |  └> …
|  |  |  |  |  └> …
|  |  |  |  └> …
|  |  |  └> …
|  |  └> …
|  └> …
└> …"
`;

exports[`sparseArray (integration) should be able to shrink [, , , , , 3, 4, , , 5, , , , , , 6] with fc.sparseArray(..., {"maxNumElements": 4}) 1`] = `
"[,,,,,3,4,,,5,,,,,,6]
├> [,,,,,,,,,,,,,,,,]
|  ├> []
|  ├> [,,,,,,,,]
|  |  ├> [,,,,]
|  |  |  ├> [,,]
|  |  |  |  └> [,]
|  |  |  |     └> []
|  |  |  └> [,,,]
|  |  |     └> [,,]
|  |  |        ├> []
|  |  |        └> [,]
|  |  |           └> []
|  |  ├> [,,,,,,]
|  |  |  └> [,,,,,]
|  |  |     └> [,,,,]
|  |  |        ├> []
|  |  |        ├> [,,]
|  |  |        |  └> [,]
|  |  |        |     └> []
|  |  |        └> [,,,]
|  |  |           └> [,,]
|  |  |              ├> []
|  |  |              └> [,]
|  |  |                 └> []
|  |  └> [,,,,,,,]
|  |     └> [,,,,,,]
|  |        ├> []
|  |        ├> [,,,]
|  |        |  └> [,,]
|  |        |     └> [,]
|  |        |        └> []
|  |        └> [,,,,,]
|  |           └> [,,,,]
|  |              └> [,,,]
|  |                 ├> []
|  |                 └> [,,]
|  |                    └> [,]
|  |                       └> []
|  ├> [,,,,,,,,,,,,]
|  |  ├> [,,,,,,,,,,]
|  |  |  └> [,,,,,,,,,]
|  |  |     └> [,,,,,,,,]
|  |  |        ├> []
|  |  |        ├> [,,,,]
|  |  |        |  ├> [,,]
|  |  |        |  |  └> [,]
|  |  |        |  |     └> []
|  |  |        |  └> [,,,]
|  |  |        |     └> [,,]
|  |  |        |        ├> []
|  |  |        |        └> [,]
|  |  |        |           └> []
|  |  |        ├> [,,,,,,]
|  |  |        |  └> [,,,,,]
|  |  |        |     └> [,,,,]
|  |  |        |        ├> []
|  |  |        |        ├> [,,]
|  |  |        |        |  └> [,]
|  |  |        |        |     └> []
|  |  |        |        └> [,,,]
|  |  |        |           └> [,,]
|  |  |        |              ├> []
|  |  |        |              └> [,]
|  |  |        |                 └> []
|  |  |        └> [,,,,,,,]
|  |  |           └> [,,,,,,]
|  |  |              ├> []
|  |  |              ├> [,,,]
|  |  |              |  └> [,,]
|  |  |              |     └> [,]
|  |  |              |        └> []
|  |  |              └> [,,,,,]
|  |  |                 └> [,,,,]
|  |  |                    └> [,,,]
|  |  |                       ├> []
|  |  |                       └> [,,]
|  |  |                          └> [,]
|  |  |                             └> []
|  |  └> [,,,,,,,,,,,]
|  |     └> [,,,,,,,,,,]
|  |        ├> []
|  |        ├> [,,,,,]
|  |        |  ├> [,,,]
|  |        |  |  └> [,,]
|  |        |  |     └> [,]
|  |        |  |        └> []
|  |        |  └> [,,,,]
|  |        |     └> [,,,]
|  |        |        ├> []
|  |        |        └> [,,]
|  |        |           └> [,]
|  |        |              └> []
|  |        ├> [,,,,,,,,]
|  |        |  └> [,,,,,,,]
|  |        |     └> [,,,,,,]
|  |        |        └> [,,,,,]
|  |        |           ├> []
|  |        |           ├> [,,,]
|  |        |           |  └> [,,]
|  |        |           |     └> …
|  |        |           └> …
|  |        └> …
|  └> …
└> …"
`;

exports[`sparseArray (integration) should be able to shrink [, , , 4] with fc.sparseArray(..., {"maxLength": 4}) 1`] = `
"[,,,4]
├> [,,,,]
|  ├> []
|  ├> [,,]
|  |  └> [,]
|  |     └> []
|  └> [,,,]
|     └> [,,]
|        ├> []
|        └> [,]
|           └> []
├> [4,,,,]
|  ├> [,,,,]
|  |  ├> []
|  |  ├> [,,]
|  |  |  └> [,]
|  |  |     └> []
|  |  └> [,,,]
|  |     └> [,,]
|  |        ├> []
|  |        └> [,]
|  |           └> []
|  ├> [2,,,,]
|  |  ├> [,,,,]
|  |  |  ├> []
|  |  |  ├> [,,]
|  |  |  |  └> [,]
|  |  |  |     └> []
|  |  |  └> [,,,]
|  |  |     └> [,,]
|  |  |        ├> []
|  |  |        └> [,]
|  |  |           └> []
|  |  ├> [0,,,,]
|  |  |  ├> [,,,,]
|  |  |  |  ├> []
|  |  |  |  ├> [,,]
|  |  |  |  |  └> [,]
|  |  |  |  |     └> []
|  |  |  |  └> [,,,]
|  |  |  |     └> [,,]
|  |  |  |        ├> []
|  |  |  |        └> [,]
|  |  |  |           └> []
|  |  |  ├> [0]
|  |  |  |  └> []
|  |  |  ├> [0,,]
|  |  |  |  ├> [,,]
|  |  |  |  |  └> [,]
|  |  |  |  |     └> []
|  |  |  |  └> [0]
|  |  |  |     ├> [,]
|  |  |  |     |  └> []
|  |  |  |     └> [0]
|  |  |  |        └> []
|  |  |  └> [0,,,]
|  |  |     ├> [,,,]
|  |  |     |  └> [,,]
|  |  |     |     ├> []
|  |  |     |     └> [,]
|  |  |     |        └> []
|  |  |     └> [0,,]
|  |  |        ├> [,,]
|  |  |        |  ├> []
|  |  |        |  └> [,]
|  |  |        |     └> []
|  |  |        ├> [0]
|  |  |        |  └> []
|  |  |        └> [0]
|  |  |           ├> [,]
|  |  |           |  └> []
|  |  |           └> [0]
|  |  |              └> []
|  |  ├> [2]
|  |  |  ├> []
|  |  |  └> [0]
|  |  |     └> []
|  |  ├> [2,,]
|  |  |  ├> [,,]
|  |  |  |  └> [,]
|  |  |  |     └> []
|  |  |  ├> [0,,]
|  |  |  |  ├> [,,]
|  |  |  |  |  └> [,]
|  |  |  |  |     └> []
|  |  |  |  └> [0]
|  |  |  |     ├> [,]
|  |  |  |     |  └> []
|  |  |  |     └> [0]
|  |  |  |        └> []
|  |  |  └> [2]
|  |  |     ├> [,]
|  |  |     |  └> []
|  |  |     ├> [0]
|  |  |     |  ├> [,]
|  |  |     |  |  └> []
|  |  |     |  └> [0]
|  |  |     |     └> []
|  |  |     └> [2]
|  |  |        ├> []
|  |  |        └> …
|  |  └> …
|  └> …
└> …"
`;

exports[`sparseArray (integration) should be able to shrink [, 7, , , , , , , , , , , , , , , , , , , , , , , , , , , , , , , , , , , , , , , , , , , , , , , , , , , , , , , , , , , , , , , , , , , , , , , , , , , , , , , , , , , , , , , , , , , , , , , , , , , , , , , , , , , , , , , , , , , , , , , , , , , , , , , , , , , , , , , , , , , , , , , , , , , , , , , , , , , , , , , , , , , , , , , , , , , , , , , , , , , , , , , , , , , , , , , , , , , , , , ] with fc.sparseArray(..., {}) 1`] = `
"Object.assign(Array(200),{1:7})
├> Array(200)
|  ├> []
|  ├> Array(100)
|  |  ├> Array(50)
|  |  |  ├> [,,,,,,,,,,,,,,,,,,,,,,,,,]
|  |  |  |  ├> [,,,,,,,,,,,,,]
|  |  |  |  |  ├> [,,,,,,,]
|  |  |  |  |  |  ├> [,,,,]
|  |  |  |  |  |  |  ├> [,,]
|  |  |  |  |  |  |  |  └> [,]
|  |  |  |  |  |  |  |     └> []
|  |  |  |  |  |  |  └> [,,,]
|  |  |  |  |  |  |     └> [,,]
|  |  |  |  |  |  |        ├> []
|  |  |  |  |  |  |        └> [,]
|  |  |  |  |  |  |           └> []
|  |  |  |  |  |  └> [,,,,,,]
|  |  |  |  |  |     └> [,,,,,]
|  |  |  |  |  |        └> [,,,,]
|  |  |  |  |  |           ├> []
|  |  |  |  |  |           ├> [,,]
|  |  |  |  |  |           |  └> [,]
|  |  |  |  |  |           |     └> []
|  |  |  |  |  |           └> [,,,]
|  |  |  |  |  |              └> [,,]
|  |  |  |  |  |                 ├> []
|  |  |  |  |  |                 └> [,]
|  |  |  |  |  |                    └> []
|  |  |  |  |  ├> [,,,,,,,,,,]
|  |  |  |  |  |  └> [,,,,,,,,,]
|  |  |  |  |  |     └> [,,,,,,,,]
|  |  |  |  |  |        └> [,,,,,,,]
|  |  |  |  |  |           ├> []
|  |  |  |  |  |           ├> [,,,,]
|  |  |  |  |  |           |  ├> [,,]
|  |  |  |  |  |           |  |  └> [,]
|  |  |  |  |  |           |  |     └> []
|  |  |  |  |  |           |  └> [,,,]
|  |  |  |  |  |           |     └> [,,]
|  |  |  |  |  |           |        ├> []
|  |  |  |  |  |           |        └> [,]
|  |  |  |  |  |           |           └> []
|  |  |  |  |  |           └> [,,,,,,]
|  |  |  |  |  |              └> [,,,,,]
|  |  |  |  |  |                 └> [,,,,]
|  |  |  |  |  |                    ├> []
|  |  |  |  |  |                    ├> [,,]
|  |  |  |  |  |                    |  └> [,]
|  |  |  |  |  |                    |     └> []
|  |  |  |  |  |                    └> [,,,]
|  |  |  |  |  |                       └> [,,]
|  |  |  |  |  |                          ├> []
|  |  |  |  |  |                          └> [,]
|  |  |  |  |  |                             └> []
|  |  |  |  |  └> [,,,,,,,,,,,,]
|  |  |  |  |     └> [,,,,,,,,,,,]
|  |  |  |  |        └> [,,,,,,,,,,]
|  |  |  |  |           ├> []
|  |  |  |  |           ├> [,,,,,]
|  |  |  |  |           |  ├> [,,,]
|  |  |  |  |           |  |  └> [,,]
|  |  |  |  |           |  |     └> [,]
|  |  |  |  |           |  |        └> []
|  |  |  |  |           |  └> [,,,,]
|  |  |  |  |           |     └> [,,,]
|  |  |  |  |           |        ├> []
|  |  |  |  |           |        └> [,,]
|  |  |  |  |           |           └> [,]
|  |  |  |  |           |              └> []
|  |  |  |  |           ├> [,,,,,,,,]
|  |  |  |  |           |  └> [,,,,,,,]
|  |  |  |  |           |     └> [,,,,,,]
|  |  |  |  |           |        └> [,,,,,]
|  |  |  |  |           |           ├> []
|  |  |  |  |           |           ├> [,,,]
|  |  |  |  |           |           |  └> [,,]
|  |  |  |  |           |           |     └> [,]
|  |  |  |  |           |           |        └> []
|  |  |  |  |           |           └> [,,,,]
|  |  |  |  |           |              └> [,,,]
|  |  |  |  |           |                 ├> []
|  |  |  |  |           |                 └> [,,]
|  |  |  |  |           |                    └> [,]
|  |  |  |  |           |                       └> []
|  |  |  |  |           └> [,,,,,,,,,]
|  |  |  |  |              └> [,,,,,,,,]
|  |  |  |  |                 ├> []
|  |  |  |  |                 ├> [,,,,]
|  |  |  |  |                 |  ├> [,,]
|  |  |  |  |                 |  |  └> [,]
|  |  |  |  |                 |  |     └> []
|  |  |  |  |                 |  └> [,,,]
|  |  |  |  |                 |     └> [,,]
|  |  |  |  |                 |        ├> []
|  |  |  |  |                 |        └> [,]
|  |  |  |  |                 |           └> []
|  |  |  |  |                 ├> [,,,,,,]
|  |  |  |  |                 |  └> [,,,,,]
|  |  |  |  |                 |     └> [,,,,]
|  |  |  |  |                 |        └> …
|  |  |  |  |                 └> …
|  |  |  |  └> …
|  |  |  └> …
|  |  └> …
|  └> …
└> …"
`;

exports[`sparseArray (integration) should be able to shrink [0, 1, 2, 3, 4, 5, 6, 7, 8, 9, 10, 11, 12, 13, 14, 15, 16, 17, 18, 19, 20, 21, 22, 23, 24, 25, 26, 27, 28, 29, 30, 31, 32, 33, 34, 35, 36, 37, 38, 39, 40, 41, 42, 43, 44, 45, 46, 47, 48, 49] with fc.sparseArray(..., {}) 1`] = `
"[0,1,2,3,4,5,6,7,8,9,10,11,12,13,14,15,16,17,18,19,20,21,22,23,24,25,26,27,28,29,30,31,32,33,34,35,36,37,38,39,40,41,42,43,44,45,46,47,48,49]
├> Array(50)
|  ├> []
|  ├> [,,,,,,,,,,,,,,,,,,,,,,,,,]
|  |  ├> [,,,,,,,,,,,,,]
|  |  |  ├> [,,,,,,,]
|  |  |  |  ├> [,,,,]
|  |  |  |  |  ├> [,,]
|  |  |  |  |  |  └> [,]
|  |  |  |  |  |     └> []
|  |  |  |  |  └> [,,,]
|  |  |  |  |     └> [,,]
|  |  |  |  |        ├> []
|  |  |  |  |        └> [,]
|  |  |  |  |           └> []
|  |  |  |  └> [,,,,,,]
|  |  |  |     └> [,,,,,]
|  |  |  |        └> [,,,,]
|  |  |  |           ├> []
|  |  |  |           ├> [,,]
|  |  |  |           |  └> [,]
|  |  |  |           |     └> []
|  |  |  |           └> [,,,]
|  |  |  |              └> [,,]
|  |  |  |                 ├> []
|  |  |  |                 └> [,]
|  |  |  |                    └> []
|  |  |  ├> [,,,,,,,,,,]
|  |  |  |  └> [,,,,,,,,,]
|  |  |  |     └> [,,,,,,,,]
|  |  |  |        └> [,,,,,,,]
|  |  |  |           ├> []
|  |  |  |           ├> [,,,,]
|  |  |  |           |  ├> [,,]
|  |  |  |           |  |  └> [,]
|  |  |  |           |  |     └> []
|  |  |  |           |  └> [,,,]
|  |  |  |           |     └> [,,]
|  |  |  |           |        ├> []
|  |  |  |           |        └> [,]
|  |  |  |           |           └> []
|  |  |  |           └> [,,,,,,]
|  |  |  |              └> [,,,,,]
|  |  |  |                 └> [,,,,]
|  |  |  |                    ├> []
|  |  |  |                    ├> [,,]
|  |  |  |                    |  └> [,]
|  |  |  |                    |     └> []
|  |  |  |                    └> [,,,]
|  |  |  |                       └> [,,]
|  |  |  |                          ├> []
|  |  |  |                          └> [,]
|  |  |  |                             └> []
|  |  |  └> [,,,,,,,,,,,,]
|  |  |     └> [,,,,,,,,,,,]
|  |  |        └> [,,,,,,,,,,]
|  |  |           ├> []
|  |  |           ├> [,,,,,]
|  |  |           |  ├> [,,,]
|  |  |           |  |  └> [,,]
|  |  |           |  |     └> [,]
|  |  |           |  |        └> []
|  |  |           |  └> [,,,,]
|  |  |           |     └> [,,,]
|  |  |           |        ├> []
|  |  |           |        └> [,,]
|  |  |           |           └> [,]
|  |  |           |              └> []
|  |  |           ├> [,,,,,,,,]
|  |  |           |  └> [,,,,,,,]
|  |  |           |     └> [,,,,,,]
|  |  |           |        └> [,,,,,]
|  |  |           |           ├> []
|  |  |           |           ├> [,,,]
|  |  |           |           |  └> [,,]
|  |  |           |           |     └> [,]
|  |  |           |           |        └> []
|  |  |           |           └> [,,,,]
|  |  |           |              └> [,,,]
|  |  |           |                 ├> []
|  |  |           |                 └> [,,]
|  |  |           |                    └> [,]
|  |  |           |                       └> []
|  |  |           └> [,,,,,,,,,]
|  |  |              └> [,,,,,,,,]
|  |  |                 ├> []
|  |  |                 ├> [,,,,]
|  |  |                 |  ├> [,,]
|  |  |                 |  |  └> [,]
|  |  |                 |  |     └> []
|  |  |                 |  └> [,,,]
|  |  |                 |     └> [,,]
|  |  |                 |        ├> []
|  |  |                 |        └> [,]
|  |  |                 |           └> []
|  |  |                 ├> [,,,,,,]
|  |  |                 |  └> [,,,,,]
|  |  |                 |     └> [,,,,]
|  |  |                 |        ├> []
|  |  |                 |        ├> [,,]
|  |  |                 |        |  └> …
|  |  |                 |        └> …
|  |  |                 └> …
|  |  └> …
|  └> …
└> …"
`;

exports[`sparseArray (integration) should be able to shrink [1, , , , ] with fc.sparseArray(..., {"noTrailingHole": false}) 1`] = `
"[1,,,,,]
├> [,,,,,]
|  ├> []
|  ├> [,,,]
|  |  └> [,,]
|  |     └> [,]
|  |        └> []
|  └> [,,,,]
|     └> [,,,]
|        ├> []
|        └> [,,]
|           └> [,]
|              └> []
├> [0,,,,,]
|  ├> [,,,,,]
|  |  ├> []
|  |  ├> [,,,]
|  |  |  └> [,,]
|  |  |     └> [,]
|  |  |        └> []
|  |  └> [,,,,]
|  |     └> [,,,]
|  |        ├> []
|  |        └> [,,]
|  |           └> [,]
|  |              └> []
|  ├> [0]
|  |  └> []
|  ├> [0,,,]
|  |  ├> [,,,]
|  |  |  └> [,,]
|  |  |     └> [,]
|  |  |        └> []
|  |  └> [0,,]
|  |     ├> [,,]
|  |     |  └> [,]
|  |     |     └> []
|  |     └> [0]
|  |        ├> [,]
|  |        |  └> []
|  |        └> [0]
|  |           └> []
|  └> [0,,,,]
|     ├> [,,,,]
|     |  └> [,,,]
|     |     ├> []
|     |     └> [,,]
|     |        └> [,]
|     |           └> []
|     └> [0,,,]
|        ├> [,,,]
|        |  ├> []
|        |  └> [,,]
|        |     └> [,]
|        |        └> []
|        ├> [0]
|        |  └> []
|        └> [0,,]
|           ├> [,,]
|           |  └> [,]
|           |     └> []
|           └> [0]
|              ├> [,]
|              |  └> []
|              └> [0]
|                 └> []
├> [1,,,,,]
|  ├> []
|  └> [0]
|     └> []
├> [1,,,,,]
|  ├> [,,,]
|  |  └> [,,]
|  |     └> [,]
|  |        └> []
|  ├> [0,,,]
|  |  ├> [,,,]
|  |  |  └> [,,]
|  |  |     └> [,]
|  |  |        └> []
|  |  └> [0,,]
|  |     ├> [,,]
|  |     |  └> [,]
|  |     |     └> []
|  |     └> [0]
|  |        ├> [,]
|  |        |  └> []
|  |        └> [0]
|  |           └> []
|  └> [1,,,,,]
|     ├> [,,]
|     |  └> [,]
|     |     └> []
|     ├> [0,,]
|     |  ├> [,,]
|     |  |  └> [,]
|     |  |     └> []
|     |  └> [0]
|     |     ├> [,]
|     |     |  └> []
|     |     └> …
|     └> …
└> …"
`;
