// Vitest Snapshot v1, https://vitest.dev/guide/snapshot.html

exports[`string (integration) > should be able to shrink '0000000000000000000000000000000000000…' with fc.string({undefined}) 1`] = `
""00000000000000000000000000000000000000000000000000"
├> ""
├> "0000000000000000000000000"
|  ├> "0000000000000"
|  |  ├> "0000000"
|  |  |  ├> "0000"
|  |  |  |  ├> "00"
|  |  |  |  |  ├> "0"
|  |  |  |  |  |  ├> ""
|  |  |  |  |  |  ├> " "
|  |  |  |  |  |  |  └> ""
|  |  |  |  |  |  ├> "("
|  |  |  |  |  |  |  ├> ""
|  |  |  |  |  |  |  ├> "$"
|  |  |  |  |  |  |  |  ├> ""
|  |  |  |  |  |  |  |  ├> "\\""
|  |  |  |  |  |  |  |  |  ├> ""
|  |  |  |  |  |  |  |  |  └> "!"
|  |  |  |  |  |  |  |  |     ├> ""
|  |  |  |  |  |  |  |  |     └> " "
|  |  |  |  |  |  |  |  |        └> ""
|  |  |  |  |  |  |  |  └> "#"
|  |  |  |  |  |  |  |     ├> ""
|  |  |  |  |  |  |  |     └> "\\""
|  |  |  |  |  |  |  |        ├> ""
|  |  |  |  |  |  |  |        ├> " "
|  |  |  |  |  |  |  |        |  └> ""
|  |  |  |  |  |  |  |        └> "!"
|  |  |  |  |  |  |  |           ├> ""
|  |  |  |  |  |  |  |           └> " "
|  |  |  |  |  |  |  |              └> ""
|  |  |  |  |  |  |  ├> "&"
|  |  |  |  |  |  |  |  ├> ""
|  |  |  |  |  |  |  |  └> "%"
|  |  |  |  |  |  |  |     ├> ""
|  |  |  |  |  |  |  |     └> "$"
|  |  |  |  |  |  |  |        ├> ""
|  |  |  |  |  |  |  |        ├> " "
|  |  |  |  |  |  |  |        |  └> ""
|  |  |  |  |  |  |  |        ├> "\\""
|  |  |  |  |  |  |  |        |  ├> ""
|  |  |  |  |  |  |  |        |  └> "!"
|  |  |  |  |  |  |  |        |     ├> ""
|  |  |  |  |  |  |  |        |     └> " "
|  |  |  |  |  |  |  |        |        └> ""
|  |  |  |  |  |  |  |        └> "#"
|  |  |  |  |  |  |  |           ├> ""
|  |  |  |  |  |  |  |           └> "\\""
|  |  |  |  |  |  |  |              ├> ""
|  |  |  |  |  |  |  |              ├> " "
|  |  |  |  |  |  |  |              |  └> ""
|  |  |  |  |  |  |  |              └> "!"
|  |  |  |  |  |  |  |                 ├> ""
|  |  |  |  |  |  |  |                 └> " "
|  |  |  |  |  |  |  |                    └> ""
|  |  |  |  |  |  |  └> "'"
|  |  |  |  |  |  |     ├> ""
|  |  |  |  |  |  |     └> "&"
|  |  |  |  |  |  |        ├> ""
|  |  |  |  |  |  |        ├> " "
|  |  |  |  |  |  |        |  └> ""
|  |  |  |  |  |  |        ├> "#"
|  |  |  |  |  |  |        |  ├> ""
|  |  |  |  |  |  |        |  └> "\\""
|  |  |  |  |  |  |        |     ├> ""
|  |  |  |  |  |  |        |     └> "!"
|  |  |  |  |  |  |        |        ├> ""
|  |  |  |  |  |  |        |        └> " "
|  |  |  |  |  |  |        |           └> ""
|  |  |  |  |  |  |        └> "%"
|  |  |  |  |  |  |           ├> ""
|  |  |  |  |  |  |           └> "$"
|  |  |  |  |  |  |              ├> ""
|  |  |  |  |  |  |              └> "#"
|  |  |  |  |  |  |                 ├> ""
|  |  |  |  |  |  |                 ├> " "
|  |  |  |  |  |  |                 |  └> ""
|  |  |  |  |  |  |                 └> "\\""
|  |  |  |  |  |  |                    ├> ""
|  |  |  |  |  |  |                    └> "!"
|  |  |  |  |  |  |                       ├> ""
|  |  |  |  |  |  |                       └> " "
|  |  |  |  |  |  |                          └> ""
|  |  |  |  |  |  ├> ","
|  |  |  |  |  |  |  ├> ""
|  |  |  |  |  |  |  ├> "*"
|  |  |  |  |  |  |  |  ├> ""
|  |  |  |  |  |  |  |  └> ")"
|  |  |  |  |  |  |  |     ├> ""
|  |  |  |  |  |  |  |     └> "("
|  |  |  |  |  |  |  |        ├> ""
|  |  |  |  |  |  |  |        ├> " "
|  |  |  |  |  |  |  |        |  └> ""
|  |  |  |  |  |  |  |        ├> "$"
|  |  |  |  |  |  |  |        |  ├> ""
|  |  |  |  |  |  |  |        |  ├> "\\""
|  |  |  |  |  |  |  |        |  |  ├> ""
|  |  |  |  |  |  |  |        |  |  └> "!"
|  |  |  |  |  |  |  |        |  |     ├> ""
|  |  |  |  |  |  |  |        |  |     └> " "
|  |  |  |  |  |  |  |        |  |        └> …
|  |  |  |  |  |  |  |        |  └> …
|  |  |  |  |  |  |  |        └> …
|  |  |  |  |  |  |  └> …
|  |  |  |  |  |  └> …
|  |  |  |  |  └> …
|  |  |  |  └> …
|  |  |  └> …
|  |  └> …
|  └> …
└> …"
`;

exports[`string (integration) > should be able to shrink 'Hey!' with fc.string({undefined}) 1`] = `
""Hey!"
├> ""
├> "y!"
|  ├> "!"
|  |  ├> ""
|  |  └> " "
|  |     └> ""
|  ├> " !"
|  |  ├> "!"
|  |  |  ├> ""
|  |  |  └> " "
|  |  |     └> ""
|  |  ├> " "
|  |  |  └> ""
|  |  └> "  "
|  |     ├> " "
|  |     |  └> ""
|  |     └> " "
|  |        └> ""
|  ├> "M!"
|  |  ├> "!"
|  |  |  ├> ""
|  |  |  └> " "
|  |  |     └> ""
|  |  ├> "7!"
|  |  |  ├> "!"
|  |  |  |  ├> ""
|  |  |  |  └> " "
|  |  |  |     └> ""
|  |  |  ├> ",!"
|  |  |  |  ├> "!"
|  |  |  |  |  ├> ""
|  |  |  |  |  └> " "
|  |  |  |  |     └> ""
|  |  |  |  ├> "&!"
|  |  |  |  |  ├> "!"
|  |  |  |  |  |  ├> ""
|  |  |  |  |  |  └> " "
|  |  |  |  |  |     └> ""
|  |  |  |  |  ├> "#!"
|  |  |  |  |  |  ├> "!"
|  |  |  |  |  |  |  ├> ""
|  |  |  |  |  |  |  └> " "
|  |  |  |  |  |  |     └> ""
|  |  |  |  |  |  ├> "\\"!"
|  |  |  |  |  |  |  ├> "!"
|  |  |  |  |  |  |  |  ├> ""
|  |  |  |  |  |  |  |  └> " "
|  |  |  |  |  |  |  |     └> ""
|  |  |  |  |  |  |  ├> "!!"
|  |  |  |  |  |  |  |  ├> "!"
|  |  |  |  |  |  |  |  |  ├> ""
|  |  |  |  |  |  |  |  |  └> " "
|  |  |  |  |  |  |  |  |     └> ""
|  |  |  |  |  |  |  |  ├> " !"
|  |  |  |  |  |  |  |  |  ├> "!"
|  |  |  |  |  |  |  |  |  |  ├> ""
|  |  |  |  |  |  |  |  |  |  └> " "
|  |  |  |  |  |  |  |  |  |     └> ""
|  |  |  |  |  |  |  |  |  ├> " "
|  |  |  |  |  |  |  |  |  |  └> ""
|  |  |  |  |  |  |  |  |  └> "  "
|  |  |  |  |  |  |  |  |     ├> " "
|  |  |  |  |  |  |  |  |     |  └> ""
|  |  |  |  |  |  |  |  |     └> " "
|  |  |  |  |  |  |  |  |        └> ""
|  |  |  |  |  |  |  |  ├> "!"
|  |  |  |  |  |  |  |  |  ├> ""
|  |  |  |  |  |  |  |  |  └> " "
|  |  |  |  |  |  |  |  |     └> ""
|  |  |  |  |  |  |  |  └> "! "
|  |  |  |  |  |  |  |     ├> " "
|  |  |  |  |  |  |  |     |  └> ""
|  |  |  |  |  |  |  |     ├> "  "
|  |  |  |  |  |  |  |     |  ├> " "
|  |  |  |  |  |  |  |     |  |  └> ""
|  |  |  |  |  |  |  |     |  └> " "
|  |  |  |  |  |  |  |     |     └> ""
|  |  |  |  |  |  |  |     └> "!"
|  |  |  |  |  |  |  |        ├> ""
|  |  |  |  |  |  |  |        └> " "
|  |  |  |  |  |  |  |           └> ""
|  |  |  |  |  |  |  ├> "\\""
|  |  |  |  |  |  |  |  ├> ""
|  |  |  |  |  |  |  |  └> "!"
|  |  |  |  |  |  |  |     ├> ""
|  |  |  |  |  |  |  |     └> " "
|  |  |  |  |  |  |  |        └> ""
|  |  |  |  |  |  |  └> "\\" "
|  |  |  |  |  |  |     ├> " "
|  |  |  |  |  |  |     |  └> ""
|  |  |  |  |  |  |     ├> "! "
|  |  |  |  |  |  |     |  ├> " "
|  |  |  |  |  |  |     |  |  └> ""
|  |  |  |  |  |  |     |  ├> "  "
|  |  |  |  |  |  |     |  |  ├> " "
|  |  |  |  |  |  |     |  |  |  └> ""
|  |  |  |  |  |  |     |  |  └> " "
|  |  |  |  |  |  |     |  |     └> ""
|  |  |  |  |  |  |     |  └> "!"
|  |  |  |  |  |  |     |     └> …
|  |  |  |  |  |  |     └> …
|  |  |  |  |  |  └> …
|  |  |  |  |  └> …
|  |  |  |  └> …
|  |  |  └> …
|  |  └> …
|  └> …
└> …"
`;

exports[`string (integration) > should be able to shrink 'abc!123!' with fc.string({PatternsArbitrary{ patterns: [ …(3) ] }}) 1`] = `
""abc!123!"
├> ""
├> "123!"
|  ├> "!"
|  |  ├> ""
|  |  └> "123"
|  |     └> ""
|  ├> "123"
|  |  └> ""
|  └> "123123"
|     ├> "123"
|     |  └> ""
|     └> "123"
|        └> ""
├> "!123!"
|  ├> "123!"
|  |  ├> "!"
|  |  |  ├> ""
|  |  |  └> "123"
|  |  |     └> ""
|  |  ├> "123"
|  |  |  └> ""
|  |  └> "123123"
|  |     ├> "123"
|  |     |  └> ""
|  |     └> "123"
|  |        └> ""
|  ├> "123123!"
|  |  ├> "123!"
|  |  |  ├> "!"
|  |  |  |  ├> ""
|  |  |  |  └> "123"
|  |  |  |     └> ""
|  |  |  ├> "123"
|  |  |  |  └> ""
|  |  |  └> "123123"
|  |  |     ├> "123"
|  |  |     |  └> ""
|  |  |     └> "123"
|  |  |        └> ""
|  |  ├> "123"
|  |  |  └> ""
|  |  ├> "123!"
|  |  |  ├> "!"
|  |  |  |  ├> ""
|  |  |  |  └> "123"
|  |  |  |     └> ""
|  |  |  ├> "123"
|  |  |  |  └> ""
|  |  |  └> "123123"
|  |  |     ├> "123"
|  |  |     |  └> ""
|  |  |     └> "123"
|  |  |        └> ""
|  |  ├> "123123"
|  |  |  ├> "123"
|  |  |  |  └> ""
|  |  |  └> "123"
|  |  |     └> ""
|  |  └> "123123123"
|  |     ├> "123123"
|  |     |  ├> "123"
|  |     |  |  └> ""
|  |     |  └> "123"
|  |     |     └> ""
|  |     ├> "123"
|  |     |  └> ""
|  |     ├> "123123"
|  |     |  ├> "123"
|  |     |  |  └> ""
|  |     |  └> "123"
|  |     |     └> ""
|  |     └> "123123"
|  |        ├> "123"
|  |        |  └> ""
|  |        └> "123"
|  |           └> ""
|  ├> "!"
|  |  ├> ""
|  |  └> "123"
|  |     └> ""
|  ├> "!!"
|  |  ├> "!"
|  |  |  ├> ""
|  |  |  └> "123"
|  |  |     └> ""
|  |  ├> "123!"
|  |  |  ├> "!"
|  |  |  |  ├> ""
|  |  |  |  └> "123"
|  |  |  |     └> ""
|  |  |  ├> "123"
|  |  |  |  └> ""
|  |  |  └> "123123"
|  |  |     ├> "123"
|  |  |     |  └> ""
|  |  |     └> "123"
|  |  |        └> ""
|  |  ├> "!"
|  |  |  ├> ""
|  |  |  └> …
|  |  └> …
|  └> …
└> …"
`;

exports[`string (integration) > should be able to shrink 'abc!123!' with fc.string({undefined}) 1`] = `
""abc!123!"
├> ""
├> "123!"
|  ├> "3!"
|  |  ├> "!"
|  |  |  ├> ""
|  |  |  └> " "
|  |  |     └> ""
|  |  ├> " !"
|  |  |  ├> "!"
|  |  |  |  ├> ""
|  |  |  |  └> " "
|  |  |  |     └> ""
|  |  |  ├> " "
|  |  |  |  └> ""
|  |  |  └> "  "
|  |  |     ├> " "
|  |  |     |  └> ""
|  |  |     └> " "
|  |  |        └> ""
|  |  ├> "*!"
|  |  |  ├> "!"
|  |  |  |  ├> ""
|  |  |  |  └> " "
|  |  |  |     └> ""
|  |  |  ├> "%!"
|  |  |  |  ├> "!"
|  |  |  |  |  ├> ""
|  |  |  |  |  └> " "
|  |  |  |  |     └> ""
|  |  |  |  ├> "#!"
|  |  |  |  |  ├> "!"
|  |  |  |  |  |  ├> ""
|  |  |  |  |  |  └> " "
|  |  |  |  |  |     └> ""
|  |  |  |  |  ├> "\\"!"
|  |  |  |  |  |  ├> "!"
|  |  |  |  |  |  |  ├> ""
|  |  |  |  |  |  |  └> " "
|  |  |  |  |  |  |     └> ""
|  |  |  |  |  |  ├> "!!"
|  |  |  |  |  |  |  ├> "!"
|  |  |  |  |  |  |  |  ├> ""
|  |  |  |  |  |  |  |  └> " "
|  |  |  |  |  |  |  |     └> ""
|  |  |  |  |  |  |  ├> " !"
|  |  |  |  |  |  |  |  ├> "!"
|  |  |  |  |  |  |  |  |  ├> ""
|  |  |  |  |  |  |  |  |  └> " "
|  |  |  |  |  |  |  |  |     └> ""
|  |  |  |  |  |  |  |  ├> " "
|  |  |  |  |  |  |  |  |  └> ""
|  |  |  |  |  |  |  |  └> "  "
|  |  |  |  |  |  |  |     ├> " "
|  |  |  |  |  |  |  |     |  └> ""
|  |  |  |  |  |  |  |     └> " "
|  |  |  |  |  |  |  |        └> ""
|  |  |  |  |  |  |  ├> "!"
|  |  |  |  |  |  |  |  ├> ""
|  |  |  |  |  |  |  |  └> " "
|  |  |  |  |  |  |  |     └> ""
|  |  |  |  |  |  |  └> "! "
|  |  |  |  |  |  |     ├> " "
|  |  |  |  |  |  |     |  └> ""
|  |  |  |  |  |  |     ├> "  "
|  |  |  |  |  |  |     |  ├> " "
|  |  |  |  |  |  |     |  |  └> ""
|  |  |  |  |  |  |     |  └> " "
|  |  |  |  |  |  |     |     └> ""
|  |  |  |  |  |  |     └> "!"
|  |  |  |  |  |  |        ├> ""
|  |  |  |  |  |  |        └> " "
|  |  |  |  |  |  |           └> ""
|  |  |  |  |  |  ├> "\\""
|  |  |  |  |  |  |  ├> ""
|  |  |  |  |  |  |  └> "!"
|  |  |  |  |  |  |     ├> ""
|  |  |  |  |  |  |     └> " "
|  |  |  |  |  |  |        └> ""
|  |  |  |  |  |  └> "\\" "
|  |  |  |  |  |     ├> " "
|  |  |  |  |  |     |  └> ""
|  |  |  |  |  |     ├> "! "
|  |  |  |  |  |     |  ├> " "
|  |  |  |  |  |     |  |  └> ""
|  |  |  |  |  |     |  ├> "  "
|  |  |  |  |  |     |  |  ├> " "
|  |  |  |  |  |     |  |  |  └> ""
|  |  |  |  |  |     |  |  └> " "
|  |  |  |  |  |     |  |     └> ""
|  |  |  |  |  |     |  └> "!"
|  |  |  |  |  |     |     ├> ""
|  |  |  |  |  |     |     └> " "
|  |  |  |  |  |     |        └> ""
|  |  |  |  |  |     └> "\\""
|  |  |  |  |  |        ├> ""
|  |  |  |  |  |        └> "!"
|  |  |  |  |  |           ├> ""
|  |  |  |  |  |           └> " "
|  |  |  |  |  |              └> ""
|  |  |  |  |  └> …
|  |  |  |  └> …
|  |  |  └> …
|  |  └> …
|  └> …
└> …"
`;
