// Jest Snapshot v1, https://goo.gl/fbAQLP

exports[`stringOf (integration) should be able to shrink .................................................................................................... 1`] = `
""...................................................................................................."
├> ""
├> ".................................................."
|  ├> ".........................."
|  |  ├> ".............."
|  |  |  ├> "........"
|  |  |  |  ├> "...."
|  |  |  |  |  ├> ".."
|  |  |  |  |  |  └> ""
|  |  |  |  |  └> ".."
|  |  |  |  |     └> ""
|  |  |  |  ├> "......"
|  |  |  |  |  ├> "...."
|  |  |  |  |  |  ├> ".."
|  |  |  |  |  |  |  └> ""
|  |  |  |  |  |  └> ".."
|  |  |  |  |  |     └> ""
|  |  |  |  |  ├> ".."
|  |  |  |  |  |  └> ""
|  |  |  |  |  ├> "...."
|  |  |  |  |  |  ├> ".."
|  |  |  |  |  |  |  └> ""
|  |  |  |  |  |  └> ".."
|  |  |  |  |  |     └> ""
|  |  |  |  |  └> "...."
|  |  |  |  |     ├> ".."
|  |  |  |  |     |  └> ""
|  |  |  |  |     └> ".."
|  |  |  |  |        └> ""
|  |  |  |  ├> ".."
|  |  |  |  |  └> ""
|  |  |  |  ├> "......"
|  |  |  |  |  ├> "...."
|  |  |  |  |  |  ├> ".."
|  |  |  |  |  |  |  └> ""
|  |  |  |  |  |  └> ".."
|  |  |  |  |  |     └> ""
|  |  |  |  |  ├> ".."
|  |  |  |  |  |  └> ""
|  |  |  |  |  ├> "...."
|  |  |  |  |  |  ├> ".."
|  |  |  |  |  |  |  └> ""
|  |  |  |  |  |  └> ".."
|  |  |  |  |  |     └> ""
|  |  |  |  |  └> "...."
|  |  |  |  |     ├> ".."
|  |  |  |  |     |  └> ""
|  |  |  |  |     └> ".."
|  |  |  |  |        └> ""
|  |  |  |  ├> "...."
|  |  |  |  |  ├> ".."
|  |  |  |  |  |  └> ""
|  |  |  |  |  └> ".."
|  |  |  |  |     └> ""
|  |  |  |  ├> "......"
|  |  |  |  |  ├> "...."
|  |  |  |  |  |  ├> ".."
|  |  |  |  |  |  |  └> ""
|  |  |  |  |  |  └> ".."
|  |  |  |  |  |     └> ""
|  |  |  |  |  ├> ".."
|  |  |  |  |  |  └> ""
|  |  |  |  |  ├> "...."
|  |  |  |  |  |  ├> ".."
|  |  |  |  |  |  |  └> ""
|  |  |  |  |  |  └> ".."
|  |  |  |  |  |     └> ""
|  |  |  |  |  └> "...."
|  |  |  |  |     ├> ".."
|  |  |  |  |     |  └> ""
|  |  |  |  |     └> ".."
|  |  |  |  |        └> ""
|  |  |  |  └> "......"
|  |  |  |     ├> "...."
|  |  |  |     |  ├> ".."
|  |  |  |     |  |  └> ""
|  |  |  |     |  └> ".."
|  |  |  |     |     └> ""
|  |  |  |     ├> ".."
|  |  |  |     |  └> ""
|  |  |  |     ├> "...."
|  |  |  |     |  ├> ".."
|  |  |  |     |  |  └> ""
|  |  |  |     |  └> ".."
|  |  |  |     |     └> ""
|  |  |  |     └> "...."
|  |  |  |        ├> ".."
|  |  |  |        |  └> ""
|  |  |  |        └> ".."
|  |  |  |           └> ""
|  |  |  ├> "............"
|  |  |  |  ├> ".........."
|  |  |  |  |  ├> "........"
|  |  |  |  |  |  ├> "...."
|  |  |  |  |  |  |  ├> ".."
|  |  |  |  |  |  |  |  └> ""
|  |  |  |  |  |  |  └> ".."
|  |  |  |  |  |  |     └> ""
|  |  |  |  |  |  ├> "......"
|  |  |  |  |  |  |  ├> "...."
|  |  |  |  |  |  |  |  └> …
|  |  |  |  |  |  |  └> …
|  |  |  |  |  |  └> …
|  |  |  |  |  └> …
|  |  |  |  └> …
|  |  |  └> …
|  |  └> …
|  └> …
└> …"
`;

exports[`stringOf (integration) should be able to shrink _._.____... 1`] = `
""_._.____..."
├> ""
├> "___..."
|  ├> "..."
|  |  ├> ".."
|  |  |  ├> "."
|  |  |  |  ├> ""
|  |  |  |  └> "._"
|  |  |  |     └> ""
|  |  |  ├> "._."
|  |  |  |  ├> "."
|  |  |  |  |  ├> ""
|  |  |  |  |  └> "._"
|  |  |  |  |     └> ""
|  |  |  |  ├> "._"
|  |  |  |  |  └> ""
|  |  |  |  └> "._._"
|  |  |  |     ├> "._"
|  |  |  |     |  └> ""
|  |  |  |     └> "._"
|  |  |  |        └> ""
|  |  |  ├> "."
|  |  |  |  ├> ""
|  |  |  |  └> "._"
|  |  |  |     └> ""
|  |  |  └> ".._"
|  |  |     ├> "._"
|  |  |     |  └> ""
|  |  |     ├> "._._"
|  |  |     |  ├> "._"
|  |  |     |  |  └> ""
|  |  |     |  └> "._"
|  |  |     |     └> ""
|  |  |     └> "."
|  |  |        ├> ""
|  |  |        └> "._"
|  |  |           └> ""
|  |  ├> "._.."
|  |  |  ├> ".."
|  |  |  |  ├> "."
|  |  |  |  |  ├> ""
|  |  |  |  |  └> "._"
|  |  |  |  |     └> ""
|  |  |  |  ├> "._."
|  |  |  |  |  ├> "."
|  |  |  |  |  |  ├> ""
|  |  |  |  |  |  └> "._"
|  |  |  |  |  |     └> ""
|  |  |  |  |  ├> "._"
|  |  |  |  |  |  └> ""
|  |  |  |  |  └> "._._"
|  |  |  |  |     ├> "._"
|  |  |  |  |     |  └> ""
|  |  |  |  |     └> "._"
|  |  |  |  |        └> ""
|  |  |  |  ├> "."
|  |  |  |  |  ├> ""
|  |  |  |  |  └> "._"
|  |  |  |  |     └> ""
|  |  |  |  └> ".._"
|  |  |  |     ├> "._"
|  |  |  |     |  └> ""
|  |  |  |     ├> "._._"
|  |  |  |     |  ├> "._"
|  |  |  |     |  |  └> ""
|  |  |  |     |  └> "._"
|  |  |  |     |     └> ""
|  |  |  |     └> "."
|  |  |  |        ├> ""
|  |  |  |        └> "._"
|  |  |  |           └> ""
|  |  |  ├> "._"
|  |  |  |  └> ""
|  |  |  ├> "._."
|  |  |  |  ├> "."
|  |  |  |  |  ├> ""
|  |  |  |  |  └> "._"
|  |  |  |  |     └> ""
|  |  |  |  ├> "._"
|  |  |  |  |  └> ""
|  |  |  |  └> "._._"
|  |  |  |     ├> "._"
|  |  |  |     |  └> ""
|  |  |  |     └> "._"
|  |  |  |        └> ""
|  |  |  ├> "._._."
|  |  |  |  ├> "._."
|  |  |  |  |  ├> "."
|  |  |  |  |  |  ├> ""
|  |  |  |  |  |  └> "._"
|  |  |  |  |  |     └> ""
|  |  |  |  |  ├> "._"
|  |  |  |  |  |  └> ""
|  |  |  |  |  └> "._._"
|  |  |  |  |     ├> "._"
|  |  |  |  |     |  └> ""
|  |  |  |  |     └> "._"
|  |  |  |  |        └> ""
|  |  |  |  ├> "._"
|  |  |  |  |  └> ""
|  |  |  |  └> …
|  |  |  └> …
|  |  └> …
|  └> …
└> …"
`;

exports[`stringOf (integration) should be able to shrink CccABbBbCcc 1`] = `
""CccABbBbCcc"
├> ""
├> "BbBbCcc"
|  ├> "BbCcc"
|  |  ├> "Ccc"
|  |  |  ├> ""
|  |  |  └> "A"
|  |  |     └> ""
|  |  ├> "ACcc"
|  |  |  ├> "Ccc"
|  |  |  |  ├> ""
|  |  |  |  └> "A"
|  |  |  |     └> ""
|  |  |  ├> "A"
|  |  |  |  └> ""
|  |  |  └> "AA"
|  |  |     ├> "A"
|  |  |     |  └> ""
|  |  |     └> "A"
|  |  |        └> ""
|  |  ├> "Bb"
|  |  |  ├> ""
|  |  |  └> "A"
|  |  |     └> ""
|  |  └> "BbA"
|  |     ├> "A"
|  |     |  └> ""
|  |     ├> "AA"
|  |     |  ├> "A"
|  |     |  |  └> ""
|  |     |  └> "A"
|  |     |     └> ""
|  |     └> "Bb"
|  |        ├> ""
|  |        └> "A"
|  |           └> ""
|  ├> "ABbCcc"
|  |  ├> "BbCcc"
|  |  |  ├> "Ccc"
|  |  |  |  ├> ""
|  |  |  |  └> "A"
|  |  |  |     └> ""
|  |  |  ├> "ACcc"
|  |  |  |  ├> "Ccc"
|  |  |  |  |  ├> ""
|  |  |  |  |  └> "A"
|  |  |  |  |     └> ""
|  |  |  |  ├> "A"
|  |  |  |  |  └> ""
|  |  |  |  └> "AA"
|  |  |  |     ├> "A"
|  |  |  |     |  └> ""
|  |  |  |     └> "A"
|  |  |  |        └> ""
|  |  |  ├> "Bb"
|  |  |  |  ├> ""
|  |  |  |  └> "A"
|  |  |  |     └> ""
|  |  |  └> "BbA"
|  |  |     ├> "A"
|  |  |     |  └> ""
|  |  |     ├> "AA"
|  |  |     |  ├> "A"
|  |  |     |  |  └> ""
|  |  |     |  └> "A"
|  |  |     |     └> ""
|  |  |     └> "Bb"
|  |  |        ├> ""
|  |  |        └> "A"
|  |  |           └> ""
|  |  ├> "A"
|  |  |  └> ""
|  |  ├> "ACcc"
|  |  |  ├> "Ccc"
|  |  |  |  ├> ""
|  |  |  |  └> "A"
|  |  |  |     └> ""
|  |  |  ├> "A"
|  |  |  |  └> ""
|  |  |  └> "AA"
|  |  |     ├> "A"
|  |  |     |  └> ""
|  |  |     └> "A"
|  |  |        └> ""
|  |  ├> "AACcc"
|  |  |  ├> "ACcc"
|  |  |  |  ├> "Ccc"
|  |  |  |  |  ├> ""
|  |  |  |  |  └> "A"
|  |  |  |  |     └> ""
|  |  |  |  ├> "A"
|  |  |  |  |  └> ""
|  |  |  |  └> "AA"
|  |  |  |     ├> "A"
|  |  |  |     |  └> ""
|  |  |  |     └> "A"
|  |  |  |        └> ""
|  |  |  ├> "A"
|  |  |  |  └> ""
|  |  |  ├> "ACcc"
|  |  |  |  └> …
|  |  |  └> …
|  |  └> …
|  └> …
└> …"
`;
