// Jest Snapshot v1, https://goo.gl/fbAQLP

exports[`webPath (integration) should be able to shrink /a/z 1`] = `
""/a/z"
├> ""
├> "/z"
|  ├> ""
|  ├> "/"
|  |  └> ""
|  ├> "/a"
|  |  ├> ""
|  |  └> "/"
|  |     └> ""
|  ├> "/n"
|  |  ├> ""
|  |  ├> "/"
|  |  |  └> ""
|  |  ├> "/h"
|  |  |  ├> ""
|  |  |  ├> "/"
|  |  |  |  └> ""
|  |  |  ├> "/e"
|  |  |  |  ├> ""
|  |  |  |  ├> "/"
|  |  |  |  |  └> ""
|  |  |  |  ├> "/c"
|  |  |  |  |  ├> ""
|  |  |  |  |  ├> "/"
|  |  |  |  |  |  └> ""
|  |  |  |  |  └> "/b"
|  |  |  |  |     ├> ""
|  |  |  |  |     ├> "/"
|  |  |  |  |     |  └> ""
|  |  |  |  |     └> "/a"
|  |  |  |  |        ├> ""
|  |  |  |  |        └> "/"
|  |  |  |  |           └> ""
|  |  |  |  └> "/d"
|  |  |  |     ├> ""
|  |  |  |     ├> "/"
|  |  |  |     |  └> ""
|  |  |  |     └> "/c"
|  |  |  |        ├> ""
|  |  |  |        ├> "/"
|  |  |  |        |  └> ""
|  |  |  |        ├> "/a"
|  |  |  |        |  ├> ""
|  |  |  |        |  └> "/"
|  |  |  |        |     └> ""
|  |  |  |        └> "/b"
|  |  |  |           ├> ""
|  |  |  |           ├> "/"
|  |  |  |           |  └> ""
|  |  |  |           └> "/a"
|  |  |  |              ├> ""
|  |  |  |              └> "/"
|  |  |  |                 └> ""
|  |  |  └> "/g"
|  |  |     ├> ""
|  |  |     ├> "/"
|  |  |     |  └> ""
|  |  |     └> "/f"
|  |  |        ├> ""
|  |  |        ├> "/"
|  |  |        |  └> ""
|  |  |        └> "/e"
|  |  |           ├> ""
|  |  |           ├> "/"
|  |  |           |  └> ""
|  |  |           ├> "/a"
|  |  |           |  ├> ""
|  |  |           |  └> "/"
|  |  |           |     └> ""
|  |  |           ├> "/c"
|  |  |           |  ├> ""
|  |  |           |  ├> "/"
|  |  |           |  |  └> ""
|  |  |           |  └> "/b"
|  |  |           |     ├> ""
|  |  |           |     ├> "/"
|  |  |           |     |  └> ""
|  |  |           |     └> "/a"
|  |  |           |        ├> ""
|  |  |           |        └> "/"
|  |  |           |           └> ""
|  |  |           └> "/d"
|  |  |              ├> ""
|  |  |              ├> "/"
|  |  |              |  └> ""
|  |  |              └> "/c"
|  |  |                 ├> ""
|  |  |                 ├> "/"
|  |  |                 |  └> ""
|  |  |                 ├> "/a"
|  |  |                 |  ├> ""
|  |  |                 |  └> "/"
|  |  |                 |     └> ""
|  |  |                 └> "/b"
|  |  |                    ├> ""
|  |  |                    ├> "/"
|  |  |                    |  └> ""
|  |  |                    └> "/a"
|  |  |                       ├> ""
|  |  |                       └> …
|  |  └> …
|  └> …
└> …"
`;

exports[`webPath (integration) should be able to shrink /azerty 1`] = `
""/azerty"
├> ""
├> "/"
|  └> ""
├> "/rty"
|  ├> ""
|  ├> "/ty"
|  |  ├> ""
|  |  ├> "/y"
|  |  |  ├> ""
|  |  |  ├> "/"
|  |  |  |  └> ""
|  |  |  ├> "/a"
|  |  |  |  ├> ""
|  |  |  |  └> "/"
|  |  |  |     └> ""
|  |  |  ├> "/m"
|  |  |  |  ├> ""
|  |  |  |  ├> "/"
|  |  |  |  |  └> ""
|  |  |  |  ├> "/g"
|  |  |  |  |  ├> ""
|  |  |  |  |  ├> "/"
|  |  |  |  |  |  └> ""
|  |  |  |  |  ├> "/d"
|  |  |  |  |  |  ├> ""
|  |  |  |  |  |  ├> "/"
|  |  |  |  |  |  |  └> ""
|  |  |  |  |  |  └> "/c"
|  |  |  |  |  |     ├> ""
|  |  |  |  |  |     ├> "/"
|  |  |  |  |  |     |  └> ""
|  |  |  |  |  |     └> "/b"
|  |  |  |  |  |        ├> ""
|  |  |  |  |  |        ├> "/"
|  |  |  |  |  |        |  └> ""
|  |  |  |  |  |        └> "/a"
|  |  |  |  |  |           ├> ""
|  |  |  |  |  |           └> "/"
|  |  |  |  |  |              └> ""
|  |  |  |  |  └> "/f"
|  |  |  |  |     ├> ""
|  |  |  |  |     ├> "/"
|  |  |  |  |     |  └> ""
|  |  |  |  |     └> "/e"
|  |  |  |  |        ├> ""
|  |  |  |  |        ├> "/"
|  |  |  |  |        |  └> ""
|  |  |  |  |        └> "/d"
|  |  |  |  |           ├> ""
|  |  |  |  |           ├> "/"
|  |  |  |  |           |  └> ""
|  |  |  |  |           ├> "/a"
|  |  |  |  |           |  ├> ""
|  |  |  |  |           |  └> "/"
|  |  |  |  |           |     └> ""
|  |  |  |  |           └> "/c"
|  |  |  |  |              ├> ""
|  |  |  |  |              ├> "/"
|  |  |  |  |              |  └> ""
|  |  |  |  |              └> "/b"
|  |  |  |  |                 ├> ""
|  |  |  |  |                 ├> "/"
|  |  |  |  |                 |  └> ""
|  |  |  |  |                 └> "/a"
|  |  |  |  |                    ├> ""
|  |  |  |  |                    └> "/"
|  |  |  |  |                       └> ""
|  |  |  |  ├> "/j"
|  |  |  |  |  ├> ""
|  |  |  |  |  ├> "/"
|  |  |  |  |  |  └> ""
|  |  |  |  |  └> "/i"
|  |  |  |  |     ├> ""
|  |  |  |  |     ├> "/"
|  |  |  |  |     |  └> ""
|  |  |  |  |     └> "/h"
|  |  |  |  |        ├> ""
|  |  |  |  |        ├> "/"
|  |  |  |  |        |  └> ""
|  |  |  |  |        └> "/g"
|  |  |  |  |           ├> ""
|  |  |  |  |           ├> "/"
|  |  |  |  |           |  └> ""
|  |  |  |  |           ├> "/a"
|  |  |  |  |           |  ├> ""
|  |  |  |  |           |  └> "/"
|  |  |  |  |           |     └> ""
|  |  |  |  |           ├> "/d"
|  |  |  |  |           |  ├> ""
|  |  |  |  |           |  ├> "/"
|  |  |  |  |           |  |  └> ""
|  |  |  |  |           |  └> "/c"
|  |  |  |  |           |     ├> ""
|  |  |  |  |           |     ├> "/"
|  |  |  |  |           |     |  └> ""
|  |  |  |  |           |     └> "/b"
|  |  |  |  |           |        ├> ""
|  |  |  |  |           |        ├> "/"
|  |  |  |  |           |        |  └> ""
|  |  |  |  |           |        └> …
|  |  |  |  |           └> …
|  |  |  |  └> …
|  |  |  └> …
|  |  └> …
|  └> …
└> …"
`;
