// Jest Snapshot v1, https://goo.gl/fbAQLP

exports[`webUrl (integration) should be able to shrink http://my.domain.org/a/z 1`] = `
""http://my.domain.org/a/z"
├> "http://domain.org/a/z"
|  ├> "http://aomain.org/a/z"
|  |  ├> "http://a.org/a/z"
|  |  |  ├> "http://a.rg/a/z"
|  |  |  |  ├> "http://a.ag/a/z"
|  |  |  |  |  ├> "http://a.aa/a/z"
|  |  |  |  |  |  ├> "http://a.aa"
|  |  |  |  |  |  ├> "http://a.aa/z"
|  |  |  |  |  |  |  ├> "http://a.aa"
|  |  |  |  |  |  |  ├> "http://a.aa/"
|  |  |  |  |  |  |  |  └> "http://a.aa"
|  |  |  |  |  |  |  ├> "http://a.aa/a"
|  |  |  |  |  |  |  |  ├> "http://a.aa"
|  |  |  |  |  |  |  |  └> "http://a.aa/"
|  |  |  |  |  |  |  |     └> "http://a.aa"
|  |  |  |  |  |  |  ├> "http://a.aa/n"
|  |  |  |  |  |  |  |  ├> "http://a.aa"
|  |  |  |  |  |  |  |  ├> "http://a.aa/"
|  |  |  |  |  |  |  |  |  └> "http://a.aa"
|  |  |  |  |  |  |  |  ├> "http://a.aa/h"
|  |  |  |  |  |  |  |  |  ├> "http://a.aa"
|  |  |  |  |  |  |  |  |  ├> "http://a.aa/"
|  |  |  |  |  |  |  |  |  |  └> "http://a.aa"
|  |  |  |  |  |  |  |  |  ├> "http://a.aa/e"
|  |  |  |  |  |  |  |  |  |  ├> "http://a.aa"
|  |  |  |  |  |  |  |  |  |  ├> "http://a.aa/"
|  |  |  |  |  |  |  |  |  |  |  └> "http://a.aa"
|  |  |  |  |  |  |  |  |  |  ├> "http://a.aa/c"
|  |  |  |  |  |  |  |  |  |  |  ├> "http://a.aa"
|  |  |  |  |  |  |  |  |  |  |  ├> "http://a.aa/"
|  |  |  |  |  |  |  |  |  |  |  |  └> "http://a.aa"
|  |  |  |  |  |  |  |  |  |  |  └> "http://a.aa/b"
|  |  |  |  |  |  |  |  |  |  |     ├> "http://a.aa"
|  |  |  |  |  |  |  |  |  |  |     ├> "http://a.aa/"
|  |  |  |  |  |  |  |  |  |  |     |  └> "http://a.aa"
|  |  |  |  |  |  |  |  |  |  |     └> "http://a.aa/a"
|  |  |  |  |  |  |  |  |  |  |        ├> "http://a.aa"
|  |  |  |  |  |  |  |  |  |  |        └> "http://a.aa/"
|  |  |  |  |  |  |  |  |  |  |           └> "http://a.aa"
|  |  |  |  |  |  |  |  |  |  └> "http://a.aa/d"
|  |  |  |  |  |  |  |  |  |     ├> "http://a.aa"
|  |  |  |  |  |  |  |  |  |     ├> "http://a.aa/"
|  |  |  |  |  |  |  |  |  |     |  └> "http://a.aa"
|  |  |  |  |  |  |  |  |  |     └> "http://a.aa/c"
|  |  |  |  |  |  |  |  |  |        ├> "http://a.aa"
|  |  |  |  |  |  |  |  |  |        ├> "http://a.aa/"
|  |  |  |  |  |  |  |  |  |        |  └> "http://a.aa"
|  |  |  |  |  |  |  |  |  |        ├> "http://a.aa/a"
|  |  |  |  |  |  |  |  |  |        |  ├> "http://a.aa"
|  |  |  |  |  |  |  |  |  |        |  └> "http://a.aa/"
|  |  |  |  |  |  |  |  |  |        |     └> "http://a.aa"
|  |  |  |  |  |  |  |  |  |        └> "http://a.aa/b"
|  |  |  |  |  |  |  |  |  |           ├> "http://a.aa"
|  |  |  |  |  |  |  |  |  |           ├> "http://a.aa/"
|  |  |  |  |  |  |  |  |  |           |  └> "http://a.aa"
|  |  |  |  |  |  |  |  |  |           └> "http://a.aa/a"
|  |  |  |  |  |  |  |  |  |              ├> "http://a.aa"
|  |  |  |  |  |  |  |  |  |              └> "http://a.aa/"
|  |  |  |  |  |  |  |  |  |                 └> "http://a.aa"
|  |  |  |  |  |  |  |  |  └> "http://a.aa/g"
|  |  |  |  |  |  |  |  |     ├> "http://a.aa"
|  |  |  |  |  |  |  |  |     ├> "http://a.aa/"
|  |  |  |  |  |  |  |  |     |  └> "http://a.aa"
|  |  |  |  |  |  |  |  |     └> "http://a.aa/f"
|  |  |  |  |  |  |  |  |        ├> "http://a.aa"
|  |  |  |  |  |  |  |  |        ├> "http://a.aa/"
|  |  |  |  |  |  |  |  |        |  └> "http://a.aa"
|  |  |  |  |  |  |  |  |        └> "http://a.aa/e"
|  |  |  |  |  |  |  |  |           ├> "http://a.aa"
|  |  |  |  |  |  |  |  |           ├> "http://a.aa/"
|  |  |  |  |  |  |  |  |           |  └> "http://a.aa"
|  |  |  |  |  |  |  |  |           ├> "http://a.aa/a"
|  |  |  |  |  |  |  |  |           |  ├> "http://a.aa"
|  |  |  |  |  |  |  |  |           |  └> "http://a.aa/"
|  |  |  |  |  |  |  |  |           |     └> "http://a.aa"
|  |  |  |  |  |  |  |  |           ├> "http://a.aa/c"
|  |  |  |  |  |  |  |  |           |  ├> "http://a.aa"
|  |  |  |  |  |  |  |  |           |  ├> "http://a.aa/"
|  |  |  |  |  |  |  |  |           |  |  └> "http://a.aa"
|  |  |  |  |  |  |  |  |           |  └> "http://a.aa/b"
|  |  |  |  |  |  |  |  |           |     ├> "http://a.aa"
|  |  |  |  |  |  |  |  |           |     ├> "http://a.aa/"
|  |  |  |  |  |  |  |  |           |     |  └> "http://a.aa"
|  |  |  |  |  |  |  |  |           |     └> "http://a.aa/a"
|  |  |  |  |  |  |  |  |           |        ├> "http://a.aa"
|  |  |  |  |  |  |  |  |           |        └> "http://a.aa/"
|  |  |  |  |  |  |  |  |           |           └> "http://a.aa"
|  |  |  |  |  |  |  |  |           └> "http://a.aa/d"
|  |  |  |  |  |  |  |  |              ├> "http://a.aa"
|  |  |  |  |  |  |  |  |              ├> "http://a.aa/"
|  |  |  |  |  |  |  |  |              |  └> "http://a.aa"
|  |  |  |  |  |  |  |  |              └> "http://a.aa/c"
|  |  |  |  |  |  |  |  |                 ├> "http://a.aa"
|  |  |  |  |  |  |  |  |                 ├> "http://a.aa/"
|  |  |  |  |  |  |  |  |                 |  └> "http://a.aa"
|  |  |  |  |  |  |  |  |                 ├> "http://a.aa/a"
|  |  |  |  |  |  |  |  |                 |  ├> "http://a.aa"
|  |  |  |  |  |  |  |  |                 |  └> "http://a.aa/"
|  |  |  |  |  |  |  |  |                 |     └> "http://a.aa"
|  |  |  |  |  |  |  |  |                 └> …
|  |  |  |  |  |  |  |  └> …
|  |  |  |  |  |  |  └> …
|  |  |  |  |  |  └> …
|  |  |  |  |  └> …
|  |  |  |  └> …
|  |  |  └> …
|  |  └> …
|  └> …
└> …"
`;

exports[`webUrl (integration) should be able to shrink http://my.domain.org/a/z?query#fragments 1`] = `
""http://my.domain.org/a/z?query#fragments"
├> "http://domain.org/a/z?query#fragments"
|  ├> "http://aomain.org/a/z?query#fragments"
|  |  ├> "http://a.org/a/z?query#fragments"
|  |  |  ├> "http://a.rg/a/z?query#fragments"
|  |  |  |  ├> "http://a.ag/a/z?query#fragments"
|  |  |  |  |  ├> "http://a.aa/a/z?query#fragments"
|  |  |  |  |  |  ├> "http://a.aa?query#fragments"
|  |  |  |  |  |  |  ├> "http://a.aa#fragments"
|  |  |  |  |  |  |  |  ├> "http://a.aa"
|  |  |  |  |  |  |  |  ├> "http://a.aa#"
|  |  |  |  |  |  |  |  ├> "http://a.aa#ments"
|  |  |  |  |  |  |  |  |  ├> "http://a.aa#nts"
|  |  |  |  |  |  |  |  |  |  ├> "http://a.aa#ts"
|  |  |  |  |  |  |  |  |  |  |  ├> "http://a.aa#s"
|  |  |  |  |  |  |  |  |  |  |  |  ├> "http://a.aa#"
|  |  |  |  |  |  |  |  |  |  |  |  ├> "http://a.aa#a"
|  |  |  |  |  |  |  |  |  |  |  |  |  └> "http://a.aa#"
|  |  |  |  |  |  |  |  |  |  |  |  ├> "http://a.aa#j"
|  |  |  |  |  |  |  |  |  |  |  |  |  ├> "http://a.aa#"
|  |  |  |  |  |  |  |  |  |  |  |  |  ├> "http://a.aa#f"
|  |  |  |  |  |  |  |  |  |  |  |  |  |  ├> "http://a.aa#"
|  |  |  |  |  |  |  |  |  |  |  |  |  |  ├> "http://a.aa#d"
|  |  |  |  |  |  |  |  |  |  |  |  |  |  |  ├> "http://a.aa#"
|  |  |  |  |  |  |  |  |  |  |  |  |  |  |  └> "http://a.aa#c"
|  |  |  |  |  |  |  |  |  |  |  |  |  |  |     ├> "http://a.aa#"
|  |  |  |  |  |  |  |  |  |  |  |  |  |  |     └> "http://a.aa#b"
|  |  |  |  |  |  |  |  |  |  |  |  |  |  |        ├> "http://a.aa#"
|  |  |  |  |  |  |  |  |  |  |  |  |  |  |        └> "http://a.aa#a"
|  |  |  |  |  |  |  |  |  |  |  |  |  |  |           └> "http://a.aa#"
|  |  |  |  |  |  |  |  |  |  |  |  |  |  └> "http://a.aa#e"
|  |  |  |  |  |  |  |  |  |  |  |  |  |     ├> "http://a.aa#"
|  |  |  |  |  |  |  |  |  |  |  |  |  |     └> "http://a.aa#d"
|  |  |  |  |  |  |  |  |  |  |  |  |  |        ├> "http://a.aa#"
|  |  |  |  |  |  |  |  |  |  |  |  |  |        ├> "http://a.aa#a"
|  |  |  |  |  |  |  |  |  |  |  |  |  |        |  └> "http://a.aa#"
|  |  |  |  |  |  |  |  |  |  |  |  |  |        └> "http://a.aa#c"
|  |  |  |  |  |  |  |  |  |  |  |  |  |           ├> "http://a.aa#"
|  |  |  |  |  |  |  |  |  |  |  |  |  |           └> "http://a.aa#b"
|  |  |  |  |  |  |  |  |  |  |  |  |  |              ├> "http://a.aa#"
|  |  |  |  |  |  |  |  |  |  |  |  |  |              └> "http://a.aa#a"
|  |  |  |  |  |  |  |  |  |  |  |  |  |                 └> "http://a.aa#"
|  |  |  |  |  |  |  |  |  |  |  |  |  ├> "http://a.aa#h"
|  |  |  |  |  |  |  |  |  |  |  |  |  |  ├> "http://a.aa#"
|  |  |  |  |  |  |  |  |  |  |  |  |  |  └> "http://a.aa#g"
|  |  |  |  |  |  |  |  |  |  |  |  |  |     ├> "http://a.aa#"
|  |  |  |  |  |  |  |  |  |  |  |  |  |     └> "http://a.aa#f"
|  |  |  |  |  |  |  |  |  |  |  |  |  |        ├> "http://a.aa#"
|  |  |  |  |  |  |  |  |  |  |  |  |  |        ├> "http://a.aa#a"
|  |  |  |  |  |  |  |  |  |  |  |  |  |        |  └> "http://a.aa#"
|  |  |  |  |  |  |  |  |  |  |  |  |  |        ├> "http://a.aa#d"
|  |  |  |  |  |  |  |  |  |  |  |  |  |        |  ├> "http://a.aa#"
|  |  |  |  |  |  |  |  |  |  |  |  |  |        |  └> "http://a.aa#c"
|  |  |  |  |  |  |  |  |  |  |  |  |  |        |     ├> "http://a.aa#"
|  |  |  |  |  |  |  |  |  |  |  |  |  |        |     └> "http://a.aa#b"
|  |  |  |  |  |  |  |  |  |  |  |  |  |        |        ├> "http://a.aa#"
|  |  |  |  |  |  |  |  |  |  |  |  |  |        |        └> "http://a.aa#a"
|  |  |  |  |  |  |  |  |  |  |  |  |  |        |           └> "http://a.aa#"
|  |  |  |  |  |  |  |  |  |  |  |  |  |        └> "http://a.aa#e"
|  |  |  |  |  |  |  |  |  |  |  |  |  |           ├> "http://a.aa#"
|  |  |  |  |  |  |  |  |  |  |  |  |  |           └> "http://a.aa#d"
|  |  |  |  |  |  |  |  |  |  |  |  |  |              ├> "http://a.aa#"
|  |  |  |  |  |  |  |  |  |  |  |  |  |              ├> "http://a.aa#a"
|  |  |  |  |  |  |  |  |  |  |  |  |  |              |  └> "http://a.aa#"
|  |  |  |  |  |  |  |  |  |  |  |  |  |              └> "http://a.aa#c"
|  |  |  |  |  |  |  |  |  |  |  |  |  |                 ├> "http://a.aa#"
|  |  |  |  |  |  |  |  |  |  |  |  |  |                 └> "http://a.aa#b"
|  |  |  |  |  |  |  |  |  |  |  |  |  |                    ├> "http://a.aa#"
|  |  |  |  |  |  |  |  |  |  |  |  |  |                    └> "http://a.aa#a"
|  |  |  |  |  |  |  |  |  |  |  |  |  |                       └> "http://a.aa#"
|  |  |  |  |  |  |  |  |  |  |  |  |  └> "http://a.aa#i"
|  |  |  |  |  |  |  |  |  |  |  |  |     ├> "http://a.aa#"
|  |  |  |  |  |  |  |  |  |  |  |  |     └> "http://a.aa#h"
|  |  |  |  |  |  |  |  |  |  |  |  |        ├> "http://a.aa#"
|  |  |  |  |  |  |  |  |  |  |  |  |        ├> "http://a.aa#a"
|  |  |  |  |  |  |  |  |  |  |  |  |        |  └> "http://a.aa#"
|  |  |  |  |  |  |  |  |  |  |  |  |        ├> "http://a.aa#e"
|  |  |  |  |  |  |  |  |  |  |  |  |        |  ├> "http://a.aa#"
|  |  |  |  |  |  |  |  |  |  |  |  |        |  ├> "http://a.aa#c"
|  |  |  |  |  |  |  |  |  |  |  |  |        |  |  ├> "http://a.aa#"
|  |  |  |  |  |  |  |  |  |  |  |  |        |  |  └> "http://a.aa#b"
|  |  |  |  |  |  |  |  |  |  |  |  |        |  |     ├> "http://a.aa#"
|  |  |  |  |  |  |  |  |  |  |  |  |        |  |     └> "http://a.aa#a"
|  |  |  |  |  |  |  |  |  |  |  |  |        |  |        └> "http://a.aa#"
|  |  |  |  |  |  |  |  |  |  |  |  |        |  └> "http://a.aa#d"
|  |  |  |  |  |  |  |  |  |  |  |  |        |     ├> "http://a.aa#"
|  |  |  |  |  |  |  |  |  |  |  |  |        |     └> "http://a.aa#c"
|  |  |  |  |  |  |  |  |  |  |  |  |        |        ├> "http://a.aa#"
|  |  |  |  |  |  |  |  |  |  |  |  |        |        ├> "http://a.aa#a"
|  |  |  |  |  |  |  |  |  |  |  |  |        |        |  └> "http://a.aa#"
|  |  |  |  |  |  |  |  |  |  |  |  |        |        └> "http://a.aa#b"
|  |  |  |  |  |  |  |  |  |  |  |  |        |           ├> "http://a.aa#"
|  |  |  |  |  |  |  |  |  |  |  |  |        |           └> "http://a.aa#a"
|  |  |  |  |  |  |  |  |  |  |  |  |        |              └> "http://a.aa#"
|  |  |  |  |  |  |  |  |  |  |  |  |        └> "http://a.aa#g"
|  |  |  |  |  |  |  |  |  |  |  |  |           ├> "http://a.aa#"
|  |  |  |  |  |  |  |  |  |  |  |  |           └> "http://a.aa#f"
|  |  |  |  |  |  |  |  |  |  |  |  |              ├> "http://a.aa#"
|  |  |  |  |  |  |  |  |  |  |  |  |              └> "http://a.aa#e"
|  |  |  |  |  |  |  |  |  |  |  |  |                 ├> "http://a.aa#"
|  |  |  |  |  |  |  |  |  |  |  |  |                 └> …
|  |  |  |  |  |  |  |  |  |  |  |  └> …
|  |  |  |  |  |  |  |  |  |  |  └> …
|  |  |  |  |  |  |  |  |  |  └> …
|  |  |  |  |  |  |  |  |  └> …
|  |  |  |  |  |  |  |  └> …
|  |  |  |  |  |  |  └> …
|  |  |  |  |  |  └> …
|  |  |  |  |  └> …
|  |  |  |  └> …
|  |  |  └> …
|  |  └> …
|  └> …
└> …"
`;

exports[`webUrl (integration) should be able to shrink http://user:pass@my.domain.org/a/z 1`] = `
""http://user:pass@my.domain.org/a/z"
├> "http://my.domain.org/a/z"
|  ├> "http://domain.org/a/z"
|  |  ├> "http://aomain.org/a/z"
|  |  |  ├> "http://a.org/a/z"
|  |  |  |  ├> "http://a.rg/a/z"
|  |  |  |  |  ├> "http://a.ag/a/z"
|  |  |  |  |  |  ├> "http://a.aa/a/z"
|  |  |  |  |  |  |  ├> "http://a.aa"
|  |  |  |  |  |  |  ├> "http://a.aa/z"
|  |  |  |  |  |  |  |  ├> "http://a.aa"
|  |  |  |  |  |  |  |  ├> "http://a.aa/"
|  |  |  |  |  |  |  |  |  └> "http://a.aa"
|  |  |  |  |  |  |  |  ├> "http://a.aa/a"
|  |  |  |  |  |  |  |  |  ├> "http://a.aa"
|  |  |  |  |  |  |  |  |  └> "http://a.aa/"
|  |  |  |  |  |  |  |  |     └> "http://a.aa"
|  |  |  |  |  |  |  |  ├> "http://a.aa/n"
|  |  |  |  |  |  |  |  |  ├> "http://a.aa"
|  |  |  |  |  |  |  |  |  ├> "http://a.aa/"
|  |  |  |  |  |  |  |  |  |  └> "http://a.aa"
|  |  |  |  |  |  |  |  |  ├> "http://a.aa/h"
|  |  |  |  |  |  |  |  |  |  ├> "http://a.aa"
|  |  |  |  |  |  |  |  |  |  ├> "http://a.aa/"
|  |  |  |  |  |  |  |  |  |  |  └> "http://a.aa"
|  |  |  |  |  |  |  |  |  |  ├> "http://a.aa/e"
|  |  |  |  |  |  |  |  |  |  |  ├> "http://a.aa"
|  |  |  |  |  |  |  |  |  |  |  ├> "http://a.aa/"
|  |  |  |  |  |  |  |  |  |  |  |  └> "http://a.aa"
|  |  |  |  |  |  |  |  |  |  |  ├> "http://a.aa/c"
|  |  |  |  |  |  |  |  |  |  |  |  ├> "http://a.aa"
|  |  |  |  |  |  |  |  |  |  |  |  ├> "http://a.aa/"
|  |  |  |  |  |  |  |  |  |  |  |  |  └> "http://a.aa"
|  |  |  |  |  |  |  |  |  |  |  |  └> "http://a.aa/b"
|  |  |  |  |  |  |  |  |  |  |  |     ├> "http://a.aa"
|  |  |  |  |  |  |  |  |  |  |  |     ├> "http://a.aa/"
|  |  |  |  |  |  |  |  |  |  |  |     |  └> "http://a.aa"
|  |  |  |  |  |  |  |  |  |  |  |     └> "http://a.aa/a"
|  |  |  |  |  |  |  |  |  |  |  |        ├> "http://a.aa"
|  |  |  |  |  |  |  |  |  |  |  |        └> "http://a.aa/"
|  |  |  |  |  |  |  |  |  |  |  |           └> "http://a.aa"
|  |  |  |  |  |  |  |  |  |  |  └> "http://a.aa/d"
|  |  |  |  |  |  |  |  |  |  |     ├> "http://a.aa"
|  |  |  |  |  |  |  |  |  |  |     ├> "http://a.aa/"
|  |  |  |  |  |  |  |  |  |  |     |  └> "http://a.aa"
|  |  |  |  |  |  |  |  |  |  |     └> "http://a.aa/c"
|  |  |  |  |  |  |  |  |  |  |        ├> "http://a.aa"
|  |  |  |  |  |  |  |  |  |  |        ├> "http://a.aa/"
|  |  |  |  |  |  |  |  |  |  |        |  └> "http://a.aa"
|  |  |  |  |  |  |  |  |  |  |        ├> "http://a.aa/a"
|  |  |  |  |  |  |  |  |  |  |        |  ├> "http://a.aa"
|  |  |  |  |  |  |  |  |  |  |        |  └> "http://a.aa/"
|  |  |  |  |  |  |  |  |  |  |        |     └> "http://a.aa"
|  |  |  |  |  |  |  |  |  |  |        └> "http://a.aa/b"
|  |  |  |  |  |  |  |  |  |  |           ├> "http://a.aa"
|  |  |  |  |  |  |  |  |  |  |           ├> "http://a.aa/"
|  |  |  |  |  |  |  |  |  |  |           |  └> "http://a.aa"
|  |  |  |  |  |  |  |  |  |  |           └> "http://a.aa/a"
|  |  |  |  |  |  |  |  |  |  |              ├> "http://a.aa"
|  |  |  |  |  |  |  |  |  |  |              └> "http://a.aa/"
|  |  |  |  |  |  |  |  |  |  |                 └> "http://a.aa"
|  |  |  |  |  |  |  |  |  |  └> "http://a.aa/g"
|  |  |  |  |  |  |  |  |  |     ├> "http://a.aa"
|  |  |  |  |  |  |  |  |  |     ├> "http://a.aa/"
|  |  |  |  |  |  |  |  |  |     |  └> "http://a.aa"
|  |  |  |  |  |  |  |  |  |     └> "http://a.aa/f"
|  |  |  |  |  |  |  |  |  |        ├> "http://a.aa"
|  |  |  |  |  |  |  |  |  |        ├> "http://a.aa/"
|  |  |  |  |  |  |  |  |  |        |  └> "http://a.aa"
|  |  |  |  |  |  |  |  |  |        └> "http://a.aa/e"
|  |  |  |  |  |  |  |  |  |           ├> "http://a.aa"
|  |  |  |  |  |  |  |  |  |           ├> "http://a.aa/"
|  |  |  |  |  |  |  |  |  |           |  └> "http://a.aa"
|  |  |  |  |  |  |  |  |  |           ├> "http://a.aa/a"
|  |  |  |  |  |  |  |  |  |           |  ├> "http://a.aa"
|  |  |  |  |  |  |  |  |  |           |  └> "http://a.aa/"
|  |  |  |  |  |  |  |  |  |           |     └> "http://a.aa"
|  |  |  |  |  |  |  |  |  |           ├> "http://a.aa/c"
|  |  |  |  |  |  |  |  |  |           |  ├> "http://a.aa"
|  |  |  |  |  |  |  |  |  |           |  ├> "http://a.aa/"
|  |  |  |  |  |  |  |  |  |           |  |  └> "http://a.aa"
|  |  |  |  |  |  |  |  |  |           |  └> "http://a.aa/b"
|  |  |  |  |  |  |  |  |  |           |     ├> "http://a.aa"
|  |  |  |  |  |  |  |  |  |           |     ├> "http://a.aa/"
|  |  |  |  |  |  |  |  |  |           |     |  └> "http://a.aa"
|  |  |  |  |  |  |  |  |  |           |     └> "http://a.aa/a"
|  |  |  |  |  |  |  |  |  |           |        ├> "http://a.aa"
|  |  |  |  |  |  |  |  |  |           |        └> "http://a.aa/"
|  |  |  |  |  |  |  |  |  |           |           └> "http://a.aa"
|  |  |  |  |  |  |  |  |  |           └> "http://a.aa/d"
|  |  |  |  |  |  |  |  |  |              ├> "http://a.aa"
|  |  |  |  |  |  |  |  |  |              ├> "http://a.aa/"
|  |  |  |  |  |  |  |  |  |              |  └> "http://a.aa"
|  |  |  |  |  |  |  |  |  |              └> "http://a.aa/c"
|  |  |  |  |  |  |  |  |  |                 ├> "http://a.aa"
|  |  |  |  |  |  |  |  |  |                 ├> "http://a.aa/"
|  |  |  |  |  |  |  |  |  |                 |  └> "http://a.aa"
|  |  |  |  |  |  |  |  |  |                 ├> "http://a.aa/a"
|  |  |  |  |  |  |  |  |  |                 |  ├> "http://a.aa"
|  |  |  |  |  |  |  |  |  |                 |  └> "http://a.aa/"
|  |  |  |  |  |  |  |  |  |                 |     └> …
|  |  |  |  |  |  |  |  |  |                 └> …
|  |  |  |  |  |  |  |  |  └> …
|  |  |  |  |  |  |  |  └> …
|  |  |  |  |  |  |  └> …
|  |  |  |  |  |  └> …
|  |  |  |  |  └> …
|  |  |  |  └> …
|  |  |  └> …
|  |  └> …
|  └> …
└> …"
`;
