// Jest Snapshot v1, https://goo.gl/fbAQLP

exports[`array (integration) should be able to shrink [2, 4, 8, 16, 32, 64] given constraints minLength:undefined 1`] = `
"[2,4,8,16,32,64]
├> []
├> [16,32,64]
|  ├> [32,64]
|  |  ├> [64]
|  |  |  ├> []
|  |  |  ├> [62]
|  |  |  |  ├> []
|  |  |  |  ├> [59]
|  |  |  |  |  ├> []
|  |  |  |  |  ├> [55]
|  |  |  |  |  |  ├> []
|  |  |  |  |  |  ├> [50]
|  |  |  |  |  |  |  ├> []
|  |  |  |  |  |  |  ├> [44]
|  |  |  |  |  |  |  |  ├> []
|  |  |  |  |  |  |  |  ├> [37]
|  |  |  |  |  |  |  |  |  ├> []
|  |  |  |  |  |  |  |  |  ├> [29]
|  |  |  |  |  |  |  |  |  |  ├> []
|  |  |  |  |  |  |  |  |  |  ├> [20]
|  |  |  |  |  |  |  |  |  |  |  ├> []
|  |  |  |  |  |  |  |  |  |  |  ├> [10]
|  |  |  |  |  |  |  |  |  |  |  |  ├> []
|  |  |  |  |  |  |  |  |  |  |  |  └> [0]
|  |  |  |  |  |  |  |  |  |  |  |     └> []
|  |  |  |  |  |  |  |  |  |  |  └> [11]
|  |  |  |  |  |  |  |  |  |  |     ├> []
|  |  |  |  |  |  |  |  |  |  |     ├> [0]
|  |  |  |  |  |  |  |  |  |  |     |  └> []
|  |  |  |  |  |  |  |  |  |  |     └> [1]
|  |  |  |  |  |  |  |  |  |  |        └> []
|  |  |  |  |  |  |  |  |  |  └> [21]
|  |  |  |  |  |  |  |  |  |     ├> []
|  |  |  |  |  |  |  |  |  |     ├> [11]
|  |  |  |  |  |  |  |  |  |     |  ├> []
|  |  |  |  |  |  |  |  |  |     |  ├> [0]
|  |  |  |  |  |  |  |  |  |     |  |  └> []
|  |  |  |  |  |  |  |  |  |     |  └> [1]
|  |  |  |  |  |  |  |  |  |     |     └> []
|  |  |  |  |  |  |  |  |  |     └> [12]
|  |  |  |  |  |  |  |  |  |        ├> []
|  |  |  |  |  |  |  |  |  |        ├> [1]
|  |  |  |  |  |  |  |  |  |        |  └> []
|  |  |  |  |  |  |  |  |  |        └> [2]
|  |  |  |  |  |  |  |  |  |           └> []
|  |  |  |  |  |  |  |  |  └> [30]
|  |  |  |  |  |  |  |  |     ├> []
|  |  |  |  |  |  |  |  |     ├> [21]
|  |  |  |  |  |  |  |  |     |  ├> []
|  |  |  |  |  |  |  |  |     |  ├> [11]
|  |  |  |  |  |  |  |  |     |  |  ├> []
|  |  |  |  |  |  |  |  |     |  |  ├> [0]
|  |  |  |  |  |  |  |  |     |  |  |  └> []
|  |  |  |  |  |  |  |  |     |  |  └> [1]
|  |  |  |  |  |  |  |  |     |  |     └> []
|  |  |  |  |  |  |  |  |     |  └> [12]
|  |  |  |  |  |  |  |  |     |     ├> []
|  |  |  |  |  |  |  |  |     |     ├> [1]
|  |  |  |  |  |  |  |  |     |     |  └> []
|  |  |  |  |  |  |  |  |     |     └> [2]
|  |  |  |  |  |  |  |  |     |        └> []
|  |  |  |  |  |  |  |  |     └> [22]
|  |  |  |  |  |  |  |  |        ├> []
|  |  |  |  |  |  |  |  |        ├> [12]
|  |  |  |  |  |  |  |  |        |  ├> []
|  |  |  |  |  |  |  |  |        |  ├> [1]
|  |  |  |  |  |  |  |  |        |  |  └> []
|  |  |  |  |  |  |  |  |        |  └> [2]
|  |  |  |  |  |  |  |  |        |     └> []
|  |  |  |  |  |  |  |  |        └> [13]
|  |  |  |  |  |  |  |  |           ├> []
|  |  |  |  |  |  |  |  |           ├> [2]
|  |  |  |  |  |  |  |  |           |  └> []
|  |  |  |  |  |  |  |  |           └> [3]
|  |  |  |  |  |  |  |  |              └> []
|  |  |  |  |  |  |  |  └> [38]
|  |  |  |  |  |  |  |     ├> []
|  |  |  |  |  |  |  |     ├> [30]
|  |  |  |  |  |  |  |     |  ├> []
|  |  |  |  |  |  |  |     |  ├> [21]
|  |  |  |  |  |  |  |     |  |  ├> []
|  |  |  |  |  |  |  |     |  |  ├> [11]
|  |  |  |  |  |  |  |     |  |  |  ├> []
|  |  |  |  |  |  |  |     |  |  |  ├> [0]
|  |  |  |  |  |  |  |     |  |  |  |  └> []
|  |  |  |  |  |  |  |     |  |  |  └> [1]
|  |  |  |  |  |  |  |     |  |  |     └> []
|  |  |  |  |  |  |  |     |  |  └> [12]
|  |  |  |  |  |  |  |     |  |     ├> []
|  |  |  |  |  |  |  |     |  |     ├> [1]
|  |  |  |  |  |  |  |     |  |     |  └> []
|  |  |  |  |  |  |  |     |  |     └> [2]
|  |  |  |  |  |  |  |     |  |        └> []
|  |  |  |  |  |  |  |     |  └> [22]
|  |  |  |  |  |  |  |     |     ├> []
|  |  |  |  |  |  |  |     |     ├> [12]
|  |  |  |  |  |  |  |     |     |  ├> []
|  |  |  |  |  |  |  |     |     |  ├> [1]
|  |  |  |  |  |  |  |     |     |  |  └> []
|  |  |  |  |  |  |  |     |     |  └> …
|  |  |  |  |  |  |  |     |     └> …
|  |  |  |  |  |  |  |     └> …
|  |  |  |  |  |  |  └> …
|  |  |  |  |  |  └> …
|  |  |  |  |  └> …
|  |  |  |  └> …
|  |  |  └> …
|  |  └> …
|  └> …
└> …"
`;

exports[`array (integration) should be able to shrink [2, 4, 8] given constraints minLength:2 1`] = `
"[2,4,8]
├> [4,8]
|  ├> [2,8]
|  |  └> [0,8]
|  └> [3,8]
|     ├> [0,8]
|     └> [1,8]
├> [0,4,8]
|  ├> [4,8]
|  |  ├> [2,8]
|  |  |  └> [0,8]
|  |  └> [3,8]
|  |     ├> [0,8]
|  |     └> [1,8]
|  ├> [0,2,8]
|  |  ├> [2,8]
|  |  |  └> [0,8]
|  |  └> [0,0,8]
|  |     └> [0,8]
|  └> [0,3,8]
|     ├> [3,8]
|     |  ├> [0,8]
|     |  └> [1,8]
|     ├> [0,0,8]
|     |  └> [0,8]
|     └> [0,1,8]
|        └> [1,8]
├> [1,4,8]
|  ├> [4,8]
|  |  ├> [2,8]
|  |  |  └> [0,8]
|  |  └> [3,8]
|  |     ├> [0,8]
|  |     └> [1,8]
|  ├> [1,2,8]
|  |  ├> [2,8]
|  |  |  └> [0,8]
|  |  └> [1,0,8]
|  |     └> [0,8]
|  └> [1,3,8]
|     ├> [3,8]
|     |  ├> [0,8]
|     |  └> [1,8]
|     ├> [1,0,8]
|     |  └> [0,8]
|     └> [1,1,8]
|        └> [1,8]
├> [2,2,8]
|  ├> [2,8]
|  |  └> [0,8]
|  ├> [0,2,8]
|  |  ├> [2,8]
|  |  |  └> [0,8]
|  |  └> [0,0,8]
|  |     └> [0,8]
|  ├> [1,2,8]
|  |  ├> [2,8]
|  |  |  └> [0,8]
|  |  └> [1,0,8]
|  |     └> [0,8]
|  └> [2,0,8]
|     ├> [0,8]
|     ├> [0,0,8]
|     |  └> [0,8]
|     └> [1,0,8]
|        └> [0,8]
└> [2,3,8]
   ├> [3,8]
   |  ├> [0,8]
   |  └> [1,8]
   ├> [0,3,8]
   |  ├> [3,8]
   |  |  ├> [0,8]
   |  |  └> [1,8]
   |  ├> [0,0,8]
   |  |  └> [0,8]
   |  └> [0,1,8]
   |     └> [1,8]
   ├> [1,3,8]
   |  ├> [3,8]
   |  |  ├> [0,8]
   |  |  └> [1,8]
   |  ├> [1,0,8]
   |  |  └> [0,8]
   |  └> [1,1,8]
   |     └> [1,8]
   ├> [2,0,8]
   |  ├> [0,8]
   |  ├> [0,0,8]
   |  |  └> [0,8]
   |  └> [1,0,8]
   |     └> [0,8]
   └> [2,1,8]
      ├> [1,8]
      ├> [0,1,8]
      |  └> [1,8]
      └> [1,1,8]
         └> [1,8]"
`;

exports[`array (integration) should be able to shrink [2, 4, 8] given constraints minLength:3 1`] = `
"[2,4,8]
├> [0,4,8]
└> [1,4,8]"
`;

exports[`array (integration) should be able to shrink [2, 4, 8] given constraints minLength:undefined 1`] = `
"[2,4,8]
├> []
├> [4,8]
|  ├> [8]
|  |  ├> []
|  |  ├> [6]
|  |  |  ├> []
|  |  |  ├> [3]
|  |  |  |  ├> []
|  |  |  |  └> [0]
|  |  |  |     └> []
|  |  |  └> [4]
|  |  |     ├> []
|  |  |     ├> [0]
|  |  |     |  └> []
|  |  |     └> [1]
|  |  |        └> []
|  |  └> [7]
|  |     ├> []
|  |     ├> [4]
|  |     |  ├> []
|  |     |  ├> [0]
|  |     |  |  └> []
|  |     |  └> [1]
|  |     |     └> []
|  |     └> [5]
|  |        ├> []
|  |        ├> [1]
|  |        |  └> []
|  |        └> [2]
|  |           └> []
|  ├> [2,8]
|  |  ├> [8]
|  |  |  ├> []
|  |  |  ├> [6]
|  |  |  |  ├> []
|  |  |  |  ├> [3]
|  |  |  |  |  ├> []
|  |  |  |  |  └> [0]
|  |  |  |  |     └> []
|  |  |  |  └> [4]
|  |  |  |     ├> []
|  |  |  |     ├> [0]
|  |  |  |     |  └> []
|  |  |  |     └> [1]
|  |  |  |        └> []
|  |  |  └> [7]
|  |  |     ├> []
|  |  |     ├> [4]
|  |  |     |  ├> []
|  |  |     |  ├> [0]
|  |  |     |  |  └> []
|  |  |     |  └> [1]
|  |  |     |     └> []
|  |  |     └> [5]
|  |  |        ├> []
|  |  |        ├> [1]
|  |  |        |  └> []
|  |  |        └> [2]
|  |  |           └> []
|  |  ├> [0,8]
|  |  |  ├> [8]
|  |  |  |  ├> []
|  |  |  |  ├> [6]
|  |  |  |  |  ├> []
|  |  |  |  |  ├> [3]
|  |  |  |  |  |  ├> []
|  |  |  |  |  |  └> [0]
|  |  |  |  |  |     └> []
|  |  |  |  |  └> [4]
|  |  |  |  |     ├> []
|  |  |  |  |     ├> [0]
|  |  |  |  |     |  └> []
|  |  |  |  |     └> [1]
|  |  |  |  |        └> []
|  |  |  |  └> [7]
|  |  |  |     ├> []
|  |  |  |     ├> [4]
|  |  |  |     |  ├> []
|  |  |  |     |  ├> [0]
|  |  |  |     |  |  └> []
|  |  |  |     |  └> [1]
|  |  |  |     |     └> []
|  |  |  |     └> [5]
|  |  |  |        ├> []
|  |  |  |        ├> [1]
|  |  |  |        |  └> []
|  |  |  |        └> [2]
|  |  |  |           └> []
|  |  |  ├> [0]
|  |  |  |  └> []
|  |  |  ├> [0,6]
|  |  |  |  ├> [6]
|  |  |  |  |  ├> []
|  |  |  |  |  ├> [3]
|  |  |  |  |  |  ├> []
|  |  |  |  |  |  └> [0]
|  |  |  |  |  |     └> []
|  |  |  |  |  └> [4]
|  |  |  |  |     ├> []
|  |  |  |  |     └> …
|  |  |  |  └> …
|  |  |  └> …
|  |  └> …
|  └> …
└> …"
`;
