// Jest Snapshot v1, https://goo.gl/fbAQLP

exports[`fullUnicodeString (integration) should be able to shrink Hey 🐱! 1`] = `
"\\"Hey 🐱!\\"
├> \\"\\"
├> \\" 🐱!\\"
|  ├> \\"🐱!\\"
|  |  ├> \\"!\\"
|  |  |  ├> \\"\\"
|  |  |  └> \\" \\"
|  |  |     └> \\"\\"
|  |  ├> \\" !\\"
|  |  |  ├> \\"!\\"
|  |  |  |  ├> \\"\\"
|  |  |  |  └> \\" \\"
|  |  |  |     └> \\"\\"
|  |  |  ├> \\" \\"
|  |  |  |  └> \\"\\"
|  |  |  └> \\"  \\"
|  |  |     ├> \\" \\"
|  |  |     |  └> \\"\\"
|  |  |     └> \\" \\"
|  |  |        └> \\"\\"
|  |  ├> \\"︙!\\"
|  |  |  ├> \\"!\\"
|  |  |  |  ├> \\"\\"
|  |  |  |  └> \\" \\"
|  |  |  |     └> \\"\\"
|  |  |  ├> \\"笍!\\"
|  |  |  |  ├> \\"!\\"
|  |  |  |  |  ├> \\"\\"
|  |  |  |  |  └> \\" \\"
|  |  |  |  |     └> \\"\\"
|  |  |  |  ├> \\"㶇!\\"
|  |  |  |  |  ├> \\"!\\"
|  |  |  |  |  |  ├> \\"\\"
|  |  |  |  |  |  └> \\" \\"
|  |  |  |  |  |     └> \\"\\"
|  |  |  |  |  ├> \\"Ễ!\\"
|  |  |  |  |  |  ├> \\"!\\"
|  |  |  |  |  |  |  ├> \\"\\"
|  |  |  |  |  |  |  └> \\" \\"
|  |  |  |  |  |  |     └> \\"\\"
|  |  |  |  |  |  ├> \\"ར!\\"
|  |  |  |  |  |  |  ├> \\"!\\"
|  |  |  |  |  |  |  |  ├> \\"\\"
|  |  |  |  |  |  |  |  └> \\" \\"
|  |  |  |  |  |  |  |     └> \\"\\"
|  |  |  |  |  |  |  ├> \\"ޱ!\\"
|  |  |  |  |  |  |  |  ├> \\"!\\"
|  |  |  |  |  |  |  |  |  ├> \\"\\"
|  |  |  |  |  |  |  |  |  └> \\" \\"
|  |  |  |  |  |  |  |  |     └> \\"\\"
|  |  |  |  |  |  |  |  ├> \\"ϙ!\\"
|  |  |  |  |  |  |  |  |  ├> \\"!\\"
|  |  |  |  |  |  |  |  |  |  ├> \\"\\"
|  |  |  |  |  |  |  |  |  |  └> \\" \\"
|  |  |  |  |  |  |  |  |  |     └> \\"\\"
|  |  |  |  |  |  |  |  |  ├> \\"ǭ!\\"
|  |  |  |  |  |  |  |  |  |  ├> \\"!\\"
|  |  |  |  |  |  |  |  |  |  |  ├> \\"\\"
|  |  |  |  |  |  |  |  |  |  |  └> \\" \\"
|  |  |  |  |  |  |  |  |  |  |     └> \\"\\"
|  |  |  |  |  |  |  |  |  |  ├> \\"÷!\\"
|  |  |  |  |  |  |  |  |  |  |  ├> \\"!\\"
|  |  |  |  |  |  |  |  |  |  |  |  ├> \\"\\"
|  |  |  |  |  |  |  |  |  |  |  |  └> \\" \\"
|  |  |  |  |  |  |  |  |  |  |  |     └> \\"\\"
|  |  |  |  |  |  |  |  |  |  |  ├> \\"\\\\u001d!\\"
|  |  |  |  |  |  |  |  |  |  |  |  ├> \\"!\\"
|  |  |  |  |  |  |  |  |  |  |  |  |  ├> \\"\\"
|  |  |  |  |  |  |  |  |  |  |  |  |  └> \\" \\"
|  |  |  |  |  |  |  |  |  |  |  |  |     └> \\"\\"
|  |  |  |  |  |  |  |  |  |  |  |  ├> \\"^!\\"
|  |  |  |  |  |  |  |  |  |  |  |  |  ├> \\"!\\"
|  |  |  |  |  |  |  |  |  |  |  |  |  |  ├> \\"\\"
|  |  |  |  |  |  |  |  |  |  |  |  |  |  └> \\" \\"
|  |  |  |  |  |  |  |  |  |  |  |  |  |     └> \\"\\"
|  |  |  |  |  |  |  |  |  |  |  |  |  ├> \\"?!\\"
|  |  |  |  |  |  |  |  |  |  |  |  |  |  ├> \\"!\\"
|  |  |  |  |  |  |  |  |  |  |  |  |  |  |  ├> \\"\\"
|  |  |  |  |  |  |  |  |  |  |  |  |  |  |  └> \\" \\"
|  |  |  |  |  |  |  |  |  |  |  |  |  |  |     └> \\"\\"
|  |  |  |  |  |  |  |  |  |  |  |  |  |  ├> \\"0!\\"
|  |  |  |  |  |  |  |  |  |  |  |  |  |  |  ├> \\"!\\"
|  |  |  |  |  |  |  |  |  |  |  |  |  |  |  |  ├> \\"\\"
|  |  |  |  |  |  |  |  |  |  |  |  |  |  |  |  └> \\" \\"
|  |  |  |  |  |  |  |  |  |  |  |  |  |  |  |     └> \\"\\"
|  |  |  |  |  |  |  |  |  |  |  |  |  |  |  ├> \\"(!\\"
|  |  |  |  |  |  |  |  |  |  |  |  |  |  |  |  ├> \\"!\\"
|  |  |  |  |  |  |  |  |  |  |  |  |  |  |  |  |  ├> \\"\\"
|  |  |  |  |  |  |  |  |  |  |  |  |  |  |  |  |  └> \\" \\"
|  |  |  |  |  |  |  |  |  |  |  |  |  |  |  |  |     └> \\"\\"
|  |  |  |  |  |  |  |  |  |  |  |  |  |  |  |  ├> \\"$!\\"
|  |  |  |  |  |  |  |  |  |  |  |  |  |  |  |  |  ├> \\"!\\"
|  |  |  |  |  |  |  |  |  |  |  |  |  |  |  |  |  |  ├> \\"\\"
|  |  |  |  |  |  |  |  |  |  |  |  |  |  |  |  |  |  └> \\" \\"
|  |  |  |  |  |  |  |  |  |  |  |  |  |  |  |  |  |     └> \\"\\"
|  |  |  |  |  |  |  |  |  |  |  |  |  |  |  |  |  ├> \\"\\\\\\"!\\"
|  |  |  |  |  |  |  |  |  |  |  |  |  |  |  |  |  |  ├> \\"!\\"
|  |  |  |  |  |  |  |  |  |  |  |  |  |  |  |  |  |  |  ├> \\"\\"
|  |  |  |  |  |  |  |  |  |  |  |  |  |  |  |  |  |  |  └> \\" \\"
|  |  |  |  |  |  |  |  |  |  |  |  |  |  |  |  |  |  |     └> \\"\\"
|  |  |  |  |  |  |  |  |  |  |  |  |  |  |  |  |  |  └> …
|  |  |  |  |  |  |  |  |  |  |  |  |  |  |  |  |  └> …
|  |  |  |  |  |  |  |  |  |  |  |  |  |  |  |  └> …
|  |  |  |  |  |  |  |  |  |  |  |  |  |  |  └> …
|  |  |  |  |  |  |  |  |  |  |  |  |  |  └> …
|  |  |  |  |  |  |  |  |  |  |  |  |  └> …
|  |  |  |  |  |  |  |  |  |  |  |  └> …
|  |  |  |  |  |  |  |  |  |  |  └> …
|  |  |  |  |  |  |  |  |  |  └> …
|  |  |  |  |  |  |  |  |  └> …
|  |  |  |  |  |  |  |  └> …
|  |  |  |  |  |  |  └> …
|  |  |  |  |  |  └> …
|  |  |  |  |  └> …
|  |  |  |  └> …
|  |  |  └> …
|  |  └> …
|  └> …
└> …"
`;
