// Jest Snapshot v1, https://goo.gl/fbAQLP

exports[`ipV6 (integration) should be able to shrink ::1 1`] = `
"\\"::1\\"
└> \\"::0\\""
`;

exports[`ipV6 (integration) should be able to shrink 0123:5678:9abc:ef01:2345:6789:128.0.0.1 1`] = `
"\\"0123:5678:9abc:ef01:2345:6789:128.0.0.1\\"
├> \\"3:5678:9abc:ef01:2345:6789:128.0.0.1\\"
|  ├> \\"0:5678:9abc:ef01:2345:6789:128.0.0.1\\"
|  |  ├> \\"0:5678:9abc:ef01:2345:6789:0.0.0.1\\"
|  |  |  └> \\"0:5678:9abc:ef01:2345:6789:0.0.0.0\\"
|  |  ├> \\"0:5678:9abc:ef01:2345:6789:64.0.0.1\\"
|  |  |  ├> \\"0:5678:9abc:ef01:2345:6789:32.0.0.1\\"
|  |  |  |  ├> \\"0:5678:9abc:ef01:2345:6789:16.0.0.1\\"
|  |  |  |  |  ├> \\"0:5678:9abc:ef01:2345:6789:8.0.0.1\\"
|  |  |  |  |  |  ├> \\"0:5678:9abc:ef01:2345:6789:4.0.0.1\\"
|  |  |  |  |  |  |  ├> \\"0:5678:9abc:ef01:2345:6789:2.0.0.1\\"
|  |  |  |  |  |  |  |  ├> \\"0:5678:9abc:ef01:2345:6789:1.0.0.1\\"
|  |  |  |  |  |  |  |  |  ├> \\"0:5678:9abc:ef01:2345:6789:0.0.0.1\\"
|  |  |  |  |  |  |  |  |  |  └> \\"0:5678:9abc:ef01:2345:6789:0.0.0.0\\"
|  |  |  |  |  |  |  |  |  └> \\"0:5678:9abc:ef01:2345:6789:1.0.0.0\\"
|  |  |  |  |  |  |  |  |     └> \\"0:5678:9abc:ef01:2345:6789:0.0.0.0\\"
|  |  |  |  |  |  |  |  └> \\"0:5678:9abc:ef01:2345:6789:2.0.0.0\\"
|  |  |  |  |  |  |  |     └> \\"0:5678:9abc:ef01:2345:6789:1.0.0.0\\"
|  |  |  |  |  |  |  |        └> \\"0:5678:9abc:ef01:2345:6789:0.0.0.0\\"
|  |  |  |  |  |  |  ├> \\"0:5678:9abc:ef01:2345:6789:3.0.0.1\\"
|  |  |  |  |  |  |  |  ├> \\"0:5678:9abc:ef01:2345:6789:2.0.0.1\\"
|  |  |  |  |  |  |  |  |  ├> \\"0:5678:9abc:ef01:2345:6789:0.0.0.1\\"
|  |  |  |  |  |  |  |  |  |  └> \\"0:5678:9abc:ef01:2345:6789:0.0.0.0\\"
|  |  |  |  |  |  |  |  |  ├> \\"0:5678:9abc:ef01:2345:6789:1.0.0.1\\"
|  |  |  |  |  |  |  |  |  |  ├> \\"0:5678:9abc:ef01:2345:6789:0.0.0.1\\"
|  |  |  |  |  |  |  |  |  |  |  └> \\"0:5678:9abc:ef01:2345:6789:0.0.0.0\\"
|  |  |  |  |  |  |  |  |  |  └> \\"0:5678:9abc:ef01:2345:6789:1.0.0.0\\"
|  |  |  |  |  |  |  |  |  |     └> \\"0:5678:9abc:ef01:2345:6789:0.0.0.0\\"
|  |  |  |  |  |  |  |  |  └> \\"0:5678:9abc:ef01:2345:6789:2.0.0.0\\"
|  |  |  |  |  |  |  |  |     ├> \\"0:5678:9abc:ef01:2345:6789:0.0.0.0\\"
|  |  |  |  |  |  |  |  |     └> \\"0:5678:9abc:ef01:2345:6789:1.0.0.0\\"
|  |  |  |  |  |  |  |  |        └> \\"0:5678:9abc:ef01:2345:6789:0.0.0.0\\"
|  |  |  |  |  |  |  |  └> \\"0:5678:9abc:ef01:2345:6789:3.0.0.0\\"
|  |  |  |  |  |  |  |     └> \\"0:5678:9abc:ef01:2345:6789:2.0.0.0\\"
|  |  |  |  |  |  |  |        ├> \\"0:5678:9abc:ef01:2345:6789:0.0.0.0\\"
|  |  |  |  |  |  |  |        └> \\"0:5678:9abc:ef01:2345:6789:1.0.0.0\\"
|  |  |  |  |  |  |  |           └> \\"0:5678:9abc:ef01:2345:6789:0.0.0.0\\"
|  |  |  |  |  |  |  └> \\"0:5678:9abc:ef01:2345:6789:4.0.0.0\\"
|  |  |  |  |  |  |     ├> \\"0:5678:9abc:ef01:2345:6789:2.0.0.0\\"
|  |  |  |  |  |  |     |  └> \\"0:5678:9abc:ef01:2345:6789:1.0.0.0\\"
|  |  |  |  |  |  |     |     └> \\"0:5678:9abc:ef01:2345:6789:0.0.0.0\\"
|  |  |  |  |  |  |     └> \\"0:5678:9abc:ef01:2345:6789:3.0.0.0\\"
|  |  |  |  |  |  |        └> \\"0:5678:9abc:ef01:2345:6789:2.0.0.0\\"
|  |  |  |  |  |  |           ├> \\"0:5678:9abc:ef01:2345:6789:0.0.0.0\\"
|  |  |  |  |  |  |           └> \\"0:5678:9abc:ef01:2345:6789:1.0.0.0\\"
|  |  |  |  |  |  |              └> \\"0:5678:9abc:ef01:2345:6789:0.0.0.0\\"
|  |  |  |  |  |  ├> \\"0:5678:9abc:ef01:2345:6789:6.0.0.1\\"
|  |  |  |  |  |  |  ├> \\"0:5678:9abc:ef01:2345:6789:5.0.0.1\\"
|  |  |  |  |  |  |  |  ├> \\"0:5678:9abc:ef01:2345:6789:4.0.0.1\\"
|  |  |  |  |  |  |  |  |  ├> \\"0:5678:9abc:ef01:2345:6789:0.0.0.1\\"
|  |  |  |  |  |  |  |  |  |  └> \\"0:5678:9abc:ef01:2345:6789:0.0.0.0\\"
|  |  |  |  |  |  |  |  |  ├> \\"0:5678:9abc:ef01:2345:6789:2.0.0.1\\"
|  |  |  |  |  |  |  |  |  |  ├> \\"0:5678:9abc:ef01:2345:6789:1.0.0.1\\"
|  |  |  |  |  |  |  |  |  |  |  ├> \\"0:5678:9abc:ef01:2345:6789:0.0.0.1\\"
|  |  |  |  |  |  |  |  |  |  |  |  └> \\"0:5678:9abc:ef01:2345:6789:0.0.0.0\\"
|  |  |  |  |  |  |  |  |  |  |  └> \\"0:5678:9abc:ef01:2345:6789:1.0.0.0\\"
|  |  |  |  |  |  |  |  |  |  |     └> \\"0:5678:9abc:ef01:2345:6789:0.0.0.0\\"
|  |  |  |  |  |  |  |  |  |  └> \\"0:5678:9abc:ef01:2345:6789:2.0.0.0\\"
|  |  |  |  |  |  |  |  |  |     └> \\"0:5678:9abc:ef01:2345:6789:1.0.0.0\\"
|  |  |  |  |  |  |  |  |  |        └> \\"0:5678:9abc:ef01:2345:6789:0.0.0.0\\"
|  |  |  |  |  |  |  |  |  ├> \\"0:5678:9abc:ef01:2345:6789:3.0.0.1\\"
|  |  |  |  |  |  |  |  |  |  ├> \\"0:5678:9abc:ef01:2345:6789:2.0.0.1\\"
|  |  |  |  |  |  |  |  |  |  |  ├> \\"0:5678:9abc:ef01:2345:6789:0.0.0.1\\"
|  |  |  |  |  |  |  |  |  |  |  |  └> \\"0:5678:9abc:ef01:2345:6789:0.0.0.0\\"
|  |  |  |  |  |  |  |  |  |  |  ├> \\"0:5678:9abc:ef01:2345:6789:1.0.0.1\\"
|  |  |  |  |  |  |  |  |  |  |  |  ├> \\"0:5678:9abc:ef01:2345:6789:0.0.0.1\\"
|  |  |  |  |  |  |  |  |  |  |  |  |  └> \\"0:5678:9abc:ef01:2345:6789:0.0.0.0\\"
|  |  |  |  |  |  |  |  |  |  |  |  └> \\"0:5678:9abc:ef01:2345:6789:1.0.0.0\\"
|  |  |  |  |  |  |  |  |  |  |  |     └> \\"0:5678:9abc:ef01:2345:6789:0.0.0.0\\"
|  |  |  |  |  |  |  |  |  |  |  └> \\"0:5678:9abc:ef01:2345:6789:2.0.0.0\\"
|  |  |  |  |  |  |  |  |  |  |     ├> \\"0:5678:9abc:ef01:2345:6789:0.0.0.0\\"
|  |  |  |  |  |  |  |  |  |  |     └> \\"0:5678:9abc:ef01:2345:6789:1.0.0.0\\"
|  |  |  |  |  |  |  |  |  |  |        └> \\"0:5678:9abc:ef01:2345:6789:0.0.0.0\\"
|  |  |  |  |  |  |  |  |  |  └> \\"0:5678:9abc:ef01:2345:6789:3.0.0.0\\"
|  |  |  |  |  |  |  |  |  |     └> \\"0:5678:9abc:ef01:2345:6789:2.0.0.0\\"
|  |  |  |  |  |  |  |  |  |        ├> \\"0:5678:9abc:ef01:2345:6789:0.0.0.0\\"
|  |  |  |  |  |  |  |  |  |        └> \\"0:5678:9abc:ef01:2345:6789:1.0.0.0\\"
|  |  |  |  |  |  |  |  |  |           └> \\"0:5678:9abc:ef01:2345:6789:0.0.0.0\\"
|  |  |  |  |  |  |  |  |  └> \\"0:5678:9abc:ef01:2345:6789:4.0.0.0\\"
|  |  |  |  |  |  |  |  |     ├> \\"0:5678:9abc:ef01:2345:6789:0.0.0.0\\"
|  |  |  |  |  |  |  |  |     ├> \\"0:5678:9abc:ef01:2345:6789:2.0.0.0\\"
|  |  |  |  |  |  |  |  |     |  └> \\"0:5678:9abc:ef01:2345:6789:1.0.0.0\\"
|  |  |  |  |  |  |  |  |     |     └> \\"0:5678:9abc:ef01:2345:6789:0.0.0.0\\"
|  |  |  |  |  |  |  |  |     └> \\"0:5678:9abc:ef01:2345:6789:3.0.0.0\\"
|  |  |  |  |  |  |  |  |        └> \\"0:5678:9abc:ef01:2345:6789:2.0.0.0\\"
|  |  |  |  |  |  |  |  |           ├> \\"0:5678:9abc:ef01:2345:6789:0.0.0.0\\"
|  |  |  |  |  |  |  |  |           └> \\"0:5678:9abc:ef01:2345:6789:1.0.0.0\\"
|  |  |  |  |  |  |  |  |              └> \\"0:5678:9abc:ef01:2345:6789:0.0.0.0\\"
|  |  |  |  |  |  |  |  └> \\"0:5678:9abc:ef01:2345:6789:5.0.0.0\\"
|  |  |  |  |  |  |  |     └> \\"0:5678:9abc:ef01:2345:6789:4.0.0.0\\"
|  |  |  |  |  |  |  |        ├> \\"0:5678:9abc:ef01:2345:6789:0.0.0.0\\"
|  |  |  |  |  |  |  |        ├> \\"0:5678:9abc:ef01:2345:6789:2.0.0.0\\"
|  |  |  |  |  |  |  |        |  └> \\"0:5678:9abc:ef01:2345:6789:1.0.0.0\\"
|  |  |  |  |  |  |  |        |     └> \\"0:5678:9abc:ef01:2345:6789:0.0.0.0\\"
|  |  |  |  |  |  |  |        └> \\"0:5678:9abc:ef01:2345:6789:3.0.0.0\\"
|  |  |  |  |  |  |  |           └> \\"0:5678:9abc:ef01:2345:6789:2.0.0.0\\"
|  |  |  |  |  |  |  |              ├> \\"0:5678:9abc:ef01:2345:6789:0.0.0.0\\"
|  |  |  |  |  |  |  |              └> \\"0:5678:9abc:ef01:2345:6789:1.0.0.0\\"
|  |  |  |  |  |  |  |                 └> \\"0:5678:9abc:ef01:2345:6789:0.0.0.0\\"
|  |  |  |  |  |  |  └> \\"0:5678:9abc:ef01:2345:6789:6.0.0.0\\"
|  |  |  |  |  |  |     └> …
|  |  |  |  |  |  └> …
|  |  |  |  |  └> …
|  |  |  |  └> …
|  |  |  └> …
|  |  └> …
|  └> …
└> …"
`;
