// Jest Snapshot v1, https://goo.gl/fbAQLP

exports[`string (integration) should be able to shrink Hey! 1`] = `
"\\"Hey!\\"
├> \\"\\"
├> \\"y!\\"
|  ├> \\"!\\"
|  |  ├> \\"\\"
|  |  └> \\" \\"
|  |     └> \\"\\"
|  ├> \\" !\\"
|  |  ├> \\"!\\"
|  |  |  ├> \\"\\"
|  |  |  └> \\" \\"
|  |  |     └> \\"\\"
|  |  ├> \\" \\"
|  |  |  └> \\"\\"
|  |  └> \\"  \\"
|  |     ├> \\" \\"
|  |     |  └> \\"\\"
|  |     └> \\" \\"
|  |        └> \\"\\"
|  ├> \\"M!\\"
|  |  ├> \\"!\\"
|  |  |  ├> \\"\\"
|  |  |  └> \\" \\"
|  |  |     └> \\"\\"
|  |  ├> \\"7!\\"
|  |  |  ├> \\"!\\"
|  |  |  |  ├> \\"\\"
|  |  |  |  └> \\" \\"
|  |  |  |     └> \\"\\"
|  |  |  ├> \\",!\\"
|  |  |  |  ├> \\"!\\"
|  |  |  |  |  ├> \\"\\"
|  |  |  |  |  └> \\" \\"
|  |  |  |  |     └> \\"\\"
|  |  |  |  ├> \\"&!\\"
|  |  |  |  |  ├> \\"!\\"
|  |  |  |  |  |  ├> \\"\\"
|  |  |  |  |  |  └> \\" \\"
|  |  |  |  |  |     └> \\"\\"
|  |  |  |  |  ├> \\"#!\\"
|  |  |  |  |  |  ├> \\"!\\"
|  |  |  |  |  |  |  ├> \\"\\"
|  |  |  |  |  |  |  └> \\" \\"
|  |  |  |  |  |  |     └> \\"\\"
|  |  |  |  |  |  ├> \\"\\\\\\"!\\"
|  |  |  |  |  |  |  ├> \\"!\\"
|  |  |  |  |  |  |  |  ├> \\"\\"
|  |  |  |  |  |  |  |  └> \\" \\"
|  |  |  |  |  |  |  |     └> \\"\\"
|  |  |  |  |  |  |  ├> \\"!!\\"
|  |  |  |  |  |  |  |  ├> \\"!\\"
|  |  |  |  |  |  |  |  |  ├> \\"\\"
|  |  |  |  |  |  |  |  |  └> \\" \\"
|  |  |  |  |  |  |  |  |     └> \\"\\"
|  |  |  |  |  |  |  |  ├> \\" !\\"
|  |  |  |  |  |  |  |  |  ├> \\"!\\"
|  |  |  |  |  |  |  |  |  |  ├> \\"\\"
|  |  |  |  |  |  |  |  |  |  └> \\" \\"
|  |  |  |  |  |  |  |  |  |     └> \\"\\"
|  |  |  |  |  |  |  |  |  ├> \\" \\"
|  |  |  |  |  |  |  |  |  |  └> \\"\\"
|  |  |  |  |  |  |  |  |  └> \\"  \\"
|  |  |  |  |  |  |  |  |     ├> \\" \\"
|  |  |  |  |  |  |  |  |     |  └> \\"\\"
|  |  |  |  |  |  |  |  |     └> \\" \\"
|  |  |  |  |  |  |  |  |        └> \\"\\"
|  |  |  |  |  |  |  |  ├> \\"!\\"
|  |  |  |  |  |  |  |  |  ├> \\"\\"
|  |  |  |  |  |  |  |  |  └> \\" \\"
|  |  |  |  |  |  |  |  |     └> \\"\\"
|  |  |  |  |  |  |  |  └> \\"! \\"
|  |  |  |  |  |  |  |     ├> \\" \\"
|  |  |  |  |  |  |  |     |  └> \\"\\"
|  |  |  |  |  |  |  |     ├> \\"  \\"
|  |  |  |  |  |  |  |     |  ├> \\" \\"
|  |  |  |  |  |  |  |     |  |  └> \\"\\"
|  |  |  |  |  |  |  |     |  └> \\" \\"
|  |  |  |  |  |  |  |     |     └> \\"\\"
|  |  |  |  |  |  |  |     └> \\"!\\"
|  |  |  |  |  |  |  |        ├> \\"\\"
|  |  |  |  |  |  |  |        └> \\" \\"
|  |  |  |  |  |  |  |           └> \\"\\"
|  |  |  |  |  |  |  ├> \\"\\\\\\"\\"
|  |  |  |  |  |  |  |  ├> \\"\\"
|  |  |  |  |  |  |  |  └> \\"!\\"
|  |  |  |  |  |  |  |     ├> \\"\\"
|  |  |  |  |  |  |  |     └> \\" \\"
|  |  |  |  |  |  |  |        └> \\"\\"
|  |  |  |  |  |  |  └> \\"\\\\\\" \\"
|  |  |  |  |  |  |     ├> \\" \\"
|  |  |  |  |  |  |     |  └> \\"\\"
|  |  |  |  |  |  |     ├> \\"! \\"
|  |  |  |  |  |  |     |  ├> \\" \\"
|  |  |  |  |  |  |     |  |  └> \\"\\"
|  |  |  |  |  |  |     |  ├> \\"  \\"
|  |  |  |  |  |  |     |  |  ├> \\" \\"
|  |  |  |  |  |  |     |  |  |  └> \\"\\"
|  |  |  |  |  |  |     |  |  └> \\" \\"
|  |  |  |  |  |  |     |  |     └> \\"\\"
|  |  |  |  |  |  |     |  └> \\"!\\"
|  |  |  |  |  |  |     |     └> …
|  |  |  |  |  |  |     └> …
|  |  |  |  |  |  └> …
|  |  |  |  |  └> …
|  |  |  |  └> …
|  |  |  └> …
|  |  └> …
|  └> …
└> …"
`;
